15:02:37 **** Build of project photoFilter_bsp ****
make -k all 
"Running Make include in ps7_cortexa9_0/libsrc/coresightps_dcc_v1_0/src"
make -C ps7_cortexa9_0/libsrc/coresightps_dcc_v1_0/src -s include  "SHELL=CMD" "COMPILER=arm-xilinx-eabi-gcc" "ARCHIVER=arm-xilinx-eabi-ar" "COMPILER_FLAGS=  -O2 -c" "EXTRA_COMPILER_FLAGS=-g"
"Running Make include in ps7_cortexa9_0/libsrc/cpu_cortexa9_v2_1/src"
make -C ps7_cortexa9_0/libsrc/cpu_cortexa9_v2_1/src -s include  "SHELL=CMD" "COMPILER=arm-xilinx-eabi-gcc" "ARCHIVER=arm-xilinx-eabi-ar" "COMPILER_FLAGS=  -O2 -c" "EXTRA_COMPILER_FLAGS=-g"
"Running Make include in ps7_cortexa9_0/libsrc/devcfg_v3_3/src"
make -C ps7_cortexa9_0/libsrc/devcfg_v3_3/src -s include  "SHELL=CMD" "COMPILER=arm-xilinx-eabi-gcc" "ARCHIVER=arm-xilinx-eabi-ar" "COMPILER_FLAGS=  -O2 -c" "EXTRA_COMPILER_FLAGS=-g"
"Running Make include in ps7_cortexa9_0/libsrc/dmaps_v2_1/src"
make -C ps7_cortexa9_0/libsrc/dmaps_v2_1/src -s include  "SHELL=CMD" "COMPILER=arm-xilinx-eabi-gcc" "ARCHIVER=arm-xilinx-eabi-ar" "COMPILER_FLAGS=  -O2 -c" "EXTRA_COMPILER_FLAGS=-g"
"Running Make include in ps7_cortexa9_0/libsrc/emacps_v3_0/src"
make -C ps7_cortexa9_0/libsrc/emacps_v3_0/src -s include  "SHELL=CMD" "COMPILER=arm-xilinx-eabi-gcc" "ARCHIVER=arm-xilinx-eabi-ar" "COMPILER_FLAGS=  -O2 -c" "EXTRA_COMPILER_FLAGS=-g"
"Running Make include in ps7_cortexa9_0/libsrc/iicps_v3_0/src"
make -C ps7_cortexa9_0/libsrc/iicps_v3_0/src -s include  "SHELL=CMD" "COMPILER=arm-xilinx-eabi-gcc" "ARCHIVER=arm-xilinx-eabi-ar" "COMPILER_FLAGS=  -O2 -c" "EXTRA_COMPILER_FLAGS=-g"
"Running Make include in ps7_cortexa9_0/libsrc/myGrayscale_v1_0/src"
make -C ps7_cortexa9_0/libsrc/myGrayscale_v1_0/src -s include  "SHELL=CMD" "COMPILER=arm-xilinx-eabi-gcc" "ARCHIVER=arm-xilinx-eabi-ar" "COMPILER_FLAGS=  -O2 -c" "EXTRA_COMPILER_FLAGS=-g"
"Running Make include in ps7_cortexa9_0/libsrc/qspips_v3_2/src"
make -C ps7_cortexa9_0/libsrc/qspips_v3_2/src -s include  "SHELL=CMD" "COMPILER=arm-xilinx-eabi-gcc" "ARCHIVER=arm-xilinx-eabi-ar" "COMPILER_FLAGS=  -O2 -c" "EXTRA_COMPILER_FLAGS=-g"
"Running Make include in ps7_cortexa9_0/libsrc/scugic_v3_0/src"
make -C ps7_cortexa9_0/libsrc/scugic_v3_0/src -s include  "SHELL=CMD" "COMPILER=arm-xilinx-eabi-gcc" "ARCHIVER=arm-xilinx-eabi-ar" "COMPILER_FLAGS=  -O2 -c" "EXTRA_COMPILER_FLAGS=-g"
"Running Make include in ps7_cortexa9_0/libsrc/scutimer_v2_1/src"
make -C ps7_cortexa9_0/libsrc/scutimer_v2_1/src -s include  "SHELL=CMD" "COMPILER=arm-xilinx-eabi-gcc" "ARCHIVER=arm-xilinx-eabi-ar" "COMPILER_FLAGS=  -O2 -c" "EXTRA_COMPILER_FLAGS=-g"
"Running Make include in ps7_cortexa9_0/libsrc/scuwdt_v2_1/src"
make -C ps7_cortexa9_0/libsrc/scuwdt_v2_1/src -s include  "SHELL=CMD" "COMPILER=arm-xilinx-eabi-gcc" "ARCHIVER=arm-xilinx-eabi-ar" "COMPILER_FLAGS=  -O2 -c" "EXTRA_COMPILER_FLAGS=-g"
"Running Make include in ps7_cortexa9_0/libsrc/sdps_v2_4/src"
make -C ps7_cortexa9_0/libsrc/sdps_v2_4/src -s include  "SHELL=CMD" "COMPILER=arm-xilinx-eabi-gcc" "ARCHIVER=arm-xilinx-eabi-ar" "COMPILER_FLAGS=  -O2 -c" "EXTRA_COMPILER_FLAGS=-g"
"Running Make include in ps7_cortexa9_0/libsrc/standalone_v5_1/src"
make -C ps7_cortexa9_0/libsrc/standalone_v5_1/src -s include  "SHELL=CMD" "COMPILER=arm-xilinx-eabi-gcc" "ARCHIVER=arm-xilinx-eabi-ar" "COMPILER_FLAGS=  -O2 -c" "EXTRA_COMPILER_FLAGS=-g"
"Running Make include in ps7_cortexa9_0/libsrc/uartps_v3_0/src"
make -C ps7_cortexa9_0/libsrc/uartps_v3_0/src -s include  "SHELL=CMD" "COMPILER=arm-xilinx-eabi-gcc" "ARCHIVER=arm-xilinx-eabi-ar" "COMPILER_FLAGS=  -O2 -c" "EXTRA_COMPILER_FLAGS=-g"
"Running Make include in ps7_cortexa9_0/libsrc/usbps_v2_2/src"
make -C ps7_cortexa9_0/libsrc/usbps_v2_2/src -s include  "SHELL=CMD" "COMPILER=arm-xilinx-eabi-gcc" "ARCHIVER=arm-xilinx-eabi-ar" "COMPILER_FLAGS=  -O2 -c" "EXTRA_COMPILER_FLAGS=-g"
"Running Make include in ps7_cortexa9_0/libsrc/xadcps_v2_2/src"
make -C ps7_cortexa9_0/libsrc/xadcps_v2_2/src -s include  "SHELL=CMD" "COMPILER=arm-xilinx-eabi-gcc" "ARCHIVER=arm-xilinx-eabi-ar" "COMPILER_FLAGS=  -O2 -c" "EXTRA_COMPILER_FLAGS=-g"
"Running Make libs in ps7_cortexa9_0/libsrc/coresightps_dcc_v1_0/src"
make -C ps7_cortexa9_0/libsrc/coresightps_dcc_v1_0/src -s libs  "SHELL=CMD" "COMPILER=arm-xilinx-eabi-gcc" "ARCHIVER=arm-xilinx-eabi-ar" "COMPILER_FLAGS=  -O2 -c" "EXTRA_COMPILER_FLAGS=-g"
"Compiling coresightps_dcc"
arm-xilinx-eabi-ar: creating ../../../lib/libxil.a
"Running Make libs in ps7_cortexa9_0/libsrc/cpu_cortexa9_v2_1/src"
make -C ps7_cortexa9_0/libsrc/cpu_cortexa9_v2_1/src -s libs  "SHELL=CMD" "COMPILER=arm-xilinx-eabi-gcc" "ARCHIVER=arm-xilinx-eabi-ar" "COMPILER_FLAGS=  -O2 -c" "EXTRA_COMPILER_FLAGS=-g"
"Compiling cpu_cortexa9"
"Running Make libs in ps7_cortexa9_0/libsrc/devcfg_v3_3/src"
make -C ps7_cortexa9_0/libsrc/devcfg_v3_3/src -s libs  "SHELL=CMD" "COMPILER=arm-xilinx-eabi-gcc" "ARCHIVER=arm-xilinx-eabi-ar" "COMPILER_FLAGS=  -O2 -c" "EXTRA_COMPILER_FLAGS=-g"
"Compiling devcfg"
"Running Make libs in ps7_cortexa9_0/libsrc/dmaps_v2_1/src"
make -C ps7_cortexa9_0/libsrc/dmaps_v2_1/src -s libs  "SHELL=CMD" "COMPILER=arm-xilinx-eabi-gcc" "ARCHIVER=arm-xilinx-eabi-ar" "COMPILER_FLAGS=  -O2 -c" "EXTRA_COMPILER_FLAGS=-g"
"Compiling dmaps"
"Running Make libs in ps7_cortexa9_0/libsrc/emacps_v3_0/src"
make -C ps7_cortexa9_0/libsrc/emacps_v3_0/src -s libs  "SHELL=CMD" "COMPILER=arm-xilinx-eabi-gcc" "ARCHIVER=arm-xilinx-eabi-ar" "COMPILER_FLAGS=  -O2 -c" "EXTRA_COMPILER_FLAGS=-g"
"Compiling emacps"
"Running Make libs in ps7_cortexa9_0/libsrc/iicps_v3_0/src"
make -C ps7_cortexa9_0/libsrc/iicps_v3_0/src -s libs  "SHELL=CMD" "COMPILER=arm-xilinx-eabi-gcc" "ARCHIVER=arm-xilinx-eabi-ar" "COMPILER_FLAGS=  -O2 -c" "EXTRA_COMPILER_FLAGS=-g"
"Compiling iicps"
"Running Make libs in ps7_cortexa9_0/libsrc/myGrayscale_v1_0/src"
make -C ps7_cortexa9_0/libsrc/myGrayscale_v1_0/src -s libs  "SHELL=CMD" "COMPILER=arm-xilinx-eabi-gcc" "ARCHIVER=arm-xilinx-eabi-ar" "COMPILER_FLAGS=  -O2 -c" "EXTRA_COMPILER_FLAGS=-g"
"Compiling myGrayscale..."
"Running Make libs in ps7_cortexa9_0/libsrc/qspips_v3_2/src"
make -C ps7_cortexa9_0/libsrc/qspips_v3_2/src -s libs  "SHELL=CMD" "COMPILER=arm-xilinx-eabi-gcc" "ARCHIVER=arm-xilinx-eabi-ar" "COMPILER_FLAGS=  -O2 -c" "EXTRA_COMPILER_FLAGS=-g"
"Compiling qspips"
"Running Make libs in ps7_cortexa9_0/libsrc/scugic_v3_0/src"
make -C ps7_cortexa9_0/libsrc/scugic_v3_0/src -s libs  "SHELL=CMD" "COMPILER=arm-xilinx-eabi-gcc" "ARCHIVER=arm-xilinx-eabi-ar" "COMPILER_FLAGS=  -O2 -c" "EXTRA_COMPILER_FLAGS=-g"
"Compiling scugic"
"Running Make libs in ps7_cortexa9_0/libsrc/scutimer_v2_1/src"
make -C ps7_cortexa9_0/libsrc/scutimer_v2_1/src -s libs  "SHELL=CMD" "COMPILER=arm-xilinx-eabi-gcc" "ARCHIVER=arm-xilinx-eabi-ar" "COMPILER_FLAGS=  -O2 -c" "EXTRA_COMPILER_FLAGS=-g"
"Compiling scutimer"
"Running Make libs in ps7_cortexa9_0/libsrc/scuwdt_v2_1/src"
make -C ps7_cortexa9_0/libsrc/scuwdt_v2_1/src -s libs  "SHELL=CMD" "COMPILER=arm-xilinx-eabi-gcc" "ARCHIVER=arm-xilinx-eabi-ar" "COMPILER_FLAGS=  -O2 -c" "EXTRA_COMPILER_FLAGS=-g"
"Compiling scuwdt"
"Running Make libs in ps7_cortexa9_0/libsrc/sdps_v2_4/src"
make -C ps7_cortexa9_0/libsrc/sdps_v2_4/src -s libs  "SHELL=CMD" "COMPILER=arm-xilinx-eabi-gcc" "ARCHIVER=arm-xilinx-eabi-ar" "COMPILER_FLAGS=  -O2 -c" "EXTRA_COMPILER_FLAGS=-g"
"Compiling sdps"
"Running Make libs in ps7_cortexa9_0/libsrc/standalone_v5_1/src"
make -C ps7_cortexa9_0/libsrc/standalone_v5_1/src -s libs  "SHELL=CMD" "COMPILER=arm-xilinx-eabi-gcc" "ARCHIVER=arm-xilinx-eabi-ar" "COMPILER_FLAGS=  -O2 -c" "EXTRA_COMPILER_FLAGS=-g"
"Compiling standalone"
"Running Make libs in ps7_cortexa9_0/libsrc/uartps_v3_0/src"
make -C ps7_cortexa9_0/libsrc/uartps_v3_0/src -s libs  "SHELL=CMD" "COMPILER=arm-xilinx-eabi-gcc" "ARCHIVER=arm-xilinx-eabi-ar" "COMPILER_FLAGS=  -O2 -c" "EXTRA_COMPILER_FLAGS=-g"
"Compiling uartps"
"Running Make libs in ps7_cortexa9_0/libsrc/usbps_v2_2/src"
make -C ps7_cortexa9_0/libsrc/usbps_v2_2/src -s libs  "SHELL=CMD" "COMPILER=arm-xilinx-eabi-gcc" "ARCHIVER=arm-xilinx-eabi-ar" "COMPILER_FLAGS=  -O2 -c" "EXTRA_COMPILER_FLAGS=-g"
"Compiling usbps"
"Running Make libs in ps7_cortexa9_0/libsrc/xadcps_v2_2/src"
make -C ps7_cortexa9_0/libsrc/xadcps_v2_2/src -s libs  "SHELL=CMD" "COMPILER=arm-xilinx-eabi-gcc" "ARCHIVER=arm-xilinx-eabi-ar" "COMPILER_FLAGS=  -O2 -c" "EXTRA_COMPILER_FLAGS=-g"
"Compiling xadcps"
'Finished building libraries'
15:03:15 **** Build of configuration Debug for project photoFilter ****
make all 
'Building file: ../src/platform.c'
'Invoking: ARM gcc compiler'
arm-xilinx-eabi-gcc -Wall -O0 -g3 -c -fmessage-length=0 -MT"src/platform.o" -I../../photoFilter_bsp/ps7_cortexa9_0/include -MMD -MP -MF"src/platform.d" -MT"src/platform.d" -o "src/platform.o" "../src/platform.c"
'Finished building: ../src/platform.c'
' '
'Building target: photoFilter.elf'
'Invoking: ARM gcc linker'
arm-xilinx-eabi-gcc -Wl,-T -Wl,../src/lscript.ld -L../../photoFilter_bsp/ps7_cortexa9_0/lib -o "photoFilter.elf"  ./src/platform.o   -Wl,--start-group,-lxil,-lgcc,-lc,--end-group
../../photoFilter_bsp/ps7_cortexa9_0/lib\libxil.a(xil-crt0.o): In function `_start':
C:\Users\mr_co_000\Documents\GitHub\ECE495\FinalProject\Filter\filter\filter.sdk\photoFilter_bsp\ps7_cortexa9_0\libsrc\standalone_v5_1\src/xil-crt0.S:128: undefined reference to `main'
collect2.exe: error: ld returned 1 exit status
make: *** [photoFilter.elf] Error 1
15:03:52 **** Auto Build of configuration Debug for project photoFilter ****
make all 
'Building target: photoFilter.elf'
'Invoking: ARM gcc linker'
arm-xilinx-eabi-gcc -Wl,-T -Wl,../src/lscript.ld -L../../photoFilter_bsp/ps7_cortexa9_0/lib -o "photoFilter.elf"  ./src/platform.o   -Wl,--start-group,-lxil,-lgcc,-lc,--end-group
../../photoFilter_bsp/ps7_cortexa9_0/lib\libxil.a(xil-crt0.o): In function `_start':
C:\Users\mr_co_000\Documents\GitHub\ECE495\FinalProject\Filter\filter\filter.sdk\photoFilter_bsp\ps7_cortexa9_0\libsrc\standalone_v5_1\src/xil-crt0.S:128: undefined reference to `main'
collect2.exe: error: ld returned 1 exit status
make: *** [photoFilter.elf] Error 1
15:04:02 **** Clean-only build of configuration Debug for project photoFilter ****
make clean 
rm -rf  ./src/platform.o  ./src/platform.d  photoFilter.elf.size  photoFilter.elf
' '
15:04:03 **** Auto Build of configuration Debug for project photoFilter ****
make all 
'Building file: ../src/main.c'
'Invoking: ARM gcc compiler'
arm-xilinx-eabi-gcc -Wall -O0 -g3 -c -fmessage-length=0 -MT"src/main.o" -I../../photoFilter_bsp/ps7_cortexa9_0/include -MMD -MP -MF"src/main.d" -MT"src/main.d" -o "src/main.o" "../src/main.c"
'Finished building: ../src/main.c'
' '
'Building file: ../src/platform.c'
'Invoking: ARM gcc compiler'
arm-xilinx-eabi-gcc -Wall -O0 -g3 -c -fmessage-length=0 -MT"src/platform.o" -I../../photoFilter_bsp/ps7_cortexa9_0/include -MMD -MP -MF"src/platform.d" -MT"src/platform.d" -o "src/platform.o" "../src/platform.c"
'Finished building: ../src/platform.c'
' '
'Building target: photoFilter.elf'
'Invoking: ARM gcc linker'
arm-xilinx-eabi-gcc -Wl,-T -Wl,../src/lscript.ld -L../../photoFilter_bsp/ps7_cortexa9_0/lib -o "photoFilter.elf"  ./src/main.o ./src/platform.o   -Wl,--start-group,-lxil,-lgcc,-lc,--end-group
../../photoFilter_bsp/ps7_cortexa9_0/lib\libxil.a(xil-crt0.o): In function `_start':
C:\Users\mr_co_000\Documents\GitHub\ECE495\FinalProject\Filter\filter\filter.sdk\photoFilter_bsp\ps7_cortexa9_0\libsrc\standalone_v5_1\src/xil-crt0.S:128: undefined reference to `main'
collect2.exe: error: ld returned 1 exit status
make: *** [photoFilter.elf] Error 1
15:04:42 **** Auto Build of configuration Debug for project photoFilter ****
make all 
'Building file: ../src/main.c'
'Invoking: ARM gcc compiler'
arm-xilinx-eabi-gcc -Wall -O0 -g3 -c -fmessage-length=0 -MT"src/main.o" -I../../photoFilter_bsp/ps7_cortexa9_0/include -MMD -MP -MF"src/main.d" -MT"src/main.d" -o "src/main.o" "../src/main.c"
../src/main.c:2:22: fatal error: mycordic.h: No such file or directory
 #include "mycordic.h"
                      ^
compilation terminated.
make: *** [src/main.o] Error 1
15:04:49 **** Incremental Build of configuration Debug for project photoFilter ****
make all 
'Building file: ../src/main.c'
'Invoking: ARM gcc compiler'
arm-xilinx-eabi-gcc -Wall -O0 -g3 -c -fmessage-length=0 -MT"src/main.o" -I../../photoFilter_bsp/ps7_cortexa9_0/include -MMD -MP -MF"src/main.d" -MT"src/main.d" -o "src/main.o" "../src/main.c"
../src/main.c:2:22: fatal error: mycordic.h: No such file or directory
 #include "mycordic.h"
                      ^
compilation terminated.
make: *** [src/main.o] Error 1
15:06:17 **** Auto Build of configuration Debug for project photoFilter ****
make all 
'Building file: ../src/main.c'
'Invoking: ARM gcc compiler'
arm-xilinx-eabi-gcc -Wall -O0 -g3 -c -fmessage-length=0 -MT"src/main.o" -I../../photoFilter_bsp/ps7_cortexa9_0/include -MMD -MP -MF"src/main.d" -MT"src/main.d" -o "src/main.o" "../src/main.c"
../src/main.c: In function 'main':
../src/main.c:32:2: warning: implicit declaration of function 'MYCORDIC_mWriteReg' [-Wimplicit-function-declaration]
  MYCORDIC_mWriteReg(MYCORDIC_BASE,SLV_REG1,0x00000000); //Clear the register
  ^
../src/main.c:21:18: error: 'MYCORDIC_S00_AXI_SLV_REG1_OFFSET' undeclared (first use in this function)
 #define SLV_REG1 MYCORDIC_S00_AXI_SLV_REG1_OFFSET
                  ^
../src/main.c:32:35: note: in expansion of macro 'SLV_REG1'
  MYCORDIC_mWriteReg(MYCORDIC_BASE,SLV_REG1,0x00000000); //Clear the register
                                   ^
../src/main.c:21:18: note: each undeclared identifier is reported only once for each function it appears in
 #define SLV_REG1 MYCORDIC_S00_AXI_SLV_REG1_OFFSET
                  ^
../src/main.c:32:35: note: in expansion of macro 'SLV_REG1'
  MYCORDIC_mWriteReg(MYCORDIC_BASE,SLV_REG1,0x00000000); //Clear the register
                                   ^
../src/main.c:20:18: error: 'MYCORDIC_S00_AXI_SLV_REG0_OFFSET' undeclared (first use in this function)
 #define SLV_REG0 MYCORDIC_S00_AXI_SLV_REG0_OFFSET
                  ^
../src/main.c:34:35: note: in expansion of macro 'SLV_REG0'
  MYCORDIC_mWriteReg(MYCORDIC_BASE,SLV_REG0,0x26DC0000);
                                   ^
../src/main.c:37:2: warning: implicit declaration of function 'MYCORDIC_mReadReg' [-Wimplicit-function-declaration]
  valueXY = MYCORDIC_mReadReg (MYCORDIC_BASE,SLV_REG2);
  ^
../src/main.c:22:18: error: 'MYCORDIC_S00_AXI_SLV_REG2_OFFSET' undeclared (first use in this function)
 #define SLV_REG2 MYCORDIC_S00_AXI_SLV_REG2_OFFSET
                  ^
../src/main.c:37:45: note: in expansion of macro 'SLV_REG2'
  valueXY = MYCORDIC_mReadReg (MYCORDIC_BASE,SLV_REG2);
                                             ^
../src/main.c:23:18: error: 'MYCORDIC_S00_AXI_SLV_REG3_OFFSET' undeclared (first use in this function)
 #define SLV_REG3 MYCORDIC_S00_AXI_SLV_REG3_OFFSET
                  ^
../src/main.c:38:44: note: in expansion of macro 'SLV_REG3'
  valueZ = MYCORDIC_mReadReg (MYCORDIC_BASE,SLV_REG3);
                                            ^
../src/main.c:30:39: warning: unused variable 'Z4' [-Wunused-variable]
  u16 X1,Y1,Z1,X2,Y2,Z2,X3,Y3,Z3,X4,Y4,Z4;
                                       ^
../src/main.c:30:36: warning: unused variable 'Y4' [-Wunused-variable]
  u16 X1,Y1,Z1,X2,Y2,Z2,X3,Y3,Z3,X4,Y4,Z4;
                                    ^
../src/main.c:30:33: warning: unused variable 'X4' [-Wunused-variable]
  u16 X1,Y1,Z1,X2,Y2,Z2,X3,Y3,Z3,X4,Y4,Z4;
                                 ^
../src/main.c:30:30: warning: unused variable 'Z3' [-Wunused-variable]
  u16 X1,Y1,Z1,X2,Y2,Z2,X3,Y3,Z3,X4,Y4,Z4;
                              ^
../src/main.c:30:27: warning: unused variable 'Y3' [-Wunused-variable]
  u16 X1,Y1,Z1,X2,Y2,Z2,X3,Y3,Z3,X4,Y4,Z4;
                           ^
../src/main.c:30:24: warning: unused variable 'X3' [-Wunused-variable]
  u16 X1,Y1,Z1,X2,Y2,Z2,X3,Y3,Z3,X4,Y4,Z4;
                        ^
../src/main.c:30:21: warning: unused variable 'Z2' [-Wunused-variable]
  u16 X1,Y1,Z1,X2,Y2,Z2,X3,Y3,Z3,X4,Y4,Z4;
                     ^
../src/main.c:30:18: warning: unused variable 'Y2' [-Wunused-variable]
  u16 X1,Y1,Z1,X2,Y2,Z2,X3,Y3,Z3,X4,Y4,Z4;
                  ^
../src/main.c:30:15: warning: unused variable 'X2' [-Wunused-variable]
  u16 X1,Y1,Z1,X2,Y2,Z2,X3,Y3,Z3,X4,Y4,Z4;
               ^
../src/main.c:30:12: warning: unused variable 'Z1' [-Wunused-variable]
  u16 X1,Y1,Z1,X2,Y2,Z2,X3,Y3,Z3,X4,Y4,Z4;
            ^
../src/main.c:30:9: warning: unused variable 'Y1' [-Wunused-variable]
  u16 X1,Y1,Z1,X2,Y2,Z2,X3,Y3,Z3,X4,Y4,Z4;
         ^
../src/main.c:30:6: warning: unused variable 'X1' [-Wunused-variable]
  u16 X1,Y1,Z1,X2,Y2,Z2,X3,Y3,Z3,X4,Y4,Z4;
      ^
../src/main.c:29:68: warning: variable 'valueZ4' set but not used [-Wunused-but-set-variable]
  u32 valueXY, valueZ,valueXY2, valueZ2,valueXY3, valueZ3,valueXY4, valueZ4;
                                                                    ^
../src/main.c:29:58: warning: variable 'valueXY4' set but not used [-Wunused-but-set-variable]
  u32 valueXY, valueZ,valueXY2, valueZ2,valueXY3, valueZ3,valueXY4, valueZ4;
                                                          ^
../src/main.c:29:50: warning: variable 'valueZ3' set but not used [-Wunused-but-set-variable]
  u32 valueXY, valueZ,valueXY2, valueZ2,valueXY3, valueZ3,valueXY4, valueZ4;
                                                  ^
../src/main.c:29:40: warning: variable 'valueXY3' set but not used [-Wunused-but-set-variable]
  u32 valueXY, valueZ,valueXY2, valueZ2,valueXY3, valueZ3,valueXY4, valueZ4;
                                        ^
../src/main.c:29:32: warning: variable 'valueZ2' set but not used [-Wunused-but-set-variable]
  u32 valueXY, valueZ,valueXY2, valueZ2,valueXY3, valueZ3,valueXY4, valueZ4;
                                ^
../src/main.c:29:22: warning: variable 'valueXY2' set but not used [-Wunused-but-set-variable]
  u32 valueXY, valueZ,valueXY2, valueZ2,valueXY3, valueZ3,valueXY4, valueZ4;
                      ^
../src/main.c:29:15: warning: variable 'valueZ' set but not used [-Wunused-but-set-variable]
  u32 valueXY, valueZ,valueXY2, valueZ2,valueXY3, valueZ3,valueXY4, valueZ4;
               ^
../src/main.c:29:6: warning: variable 'valueXY' set but not used [-Wunused-but-set-variable]
  u32 valueXY, valueZ,valueXY2, valueZ2,valueXY3, valueZ3,valueXY4, valueZ4;
      ^
make: *** [src/main.o] Error 1
15:07:12 **** Auto Build of configuration Debug for project photoFilter ****
make all 
'Building file: ../src/main.c'
'Invoking: ARM gcc compiler'
arm-xilinx-eabi-gcc -Wall -O0 -g3 -c -fmessage-length=0 -MT"src/main.o" -I../../photoFilter_bsp/ps7_cortexa9_0/include -MMD -MP -MF"src/main.d" -MT"src/main.d" -o "src/main.o" "../src/main.c"
../src/main.c: In function 'main':
../src/main.c:31:2: warning: implicit declaration of function 'MYCORDIC_mWriteReg' [-Wimplicit-function-declaration]
  MYCORDIC_mWriteReg(MYCORDIC_BASE,SLV_REG1,0x00000000); //Clear the register
  ^
../src/main.c:36:2: warning: implicit declaration of function 'MYCORDIC_mReadReg' [-Wimplicit-function-declaration]
  valueXY = MYCORDIC_mReadReg (MYCORDIC_BASE,SLV_REG2);
  ^
../src/main.c:36:45: error: 'SLV_REG2' undeclared (first use in this function)
  valueXY = MYCORDIC_mReadReg (MYCORDIC_BASE,SLV_REG2);
                                             ^
../src/main.c:36:45: note: each undeclared identifier is reported only once for each function it appears in
../src/main.c:37:44: error: 'SLV_REG3' undeclared (first use in this function)
  valueZ = MYCORDIC_mReadReg (MYCORDIC_BASE,SLV_REG3);
                                            ^
../src/main.c:29:39: warning: unused variable 'Z4' [-Wunused-variable]
  u16 X1,Y1,Z1,X2,Y2,Z2,X3,Y3,Z3,X4,Y4,Z4;
                                       ^
../src/main.c:29:36: warning: unused variable 'Y4' [-Wunused-variable]
  u16 X1,Y1,Z1,X2,Y2,Z2,X3,Y3,Z3,X4,Y4,Z4;
                                    ^
../src/main.c:29:33: warning: unused variable 'X4' [-Wunused-variable]
  u16 X1,Y1,Z1,X2,Y2,Z2,X3,Y3,Z3,X4,Y4,Z4;
                                 ^
../src/main.c:29:30: warning: unused variable 'Z3' [-Wunused-variable]
  u16 X1,Y1,Z1,X2,Y2,Z2,X3,Y3,Z3,X4,Y4,Z4;
                              ^
../src/main.c:29:27: warning: unused variable 'Y3' [-Wunused-variable]
  u16 X1,Y1,Z1,X2,Y2,Z2,X3,Y3,Z3,X4,Y4,Z4;
                           ^
../src/main.c:29:24: warning: unused variable 'X3' [-Wunused-variable]
  u16 X1,Y1,Z1,X2,Y2,Z2,X3,Y3,Z3,X4,Y4,Z4;
                        ^
../src/main.c:29:21: warning: unused variable 'Z2' [-Wunused-variable]
  u16 X1,Y1,Z1,X2,Y2,Z2,X3,Y3,Z3,X4,Y4,Z4;
                     ^
../src/main.c:29:18: warning: unused variable 'Y2' [-Wunused-variable]
  u16 X1,Y1,Z1,X2,Y2,Z2,X3,Y3,Z3,X4,Y4,Z4;
                  ^
../src/main.c:29:15: warning: unused variable 'X2' [-Wunused-variable]
  u16 X1,Y1,Z1,X2,Y2,Z2,X3,Y3,Z3,X4,Y4,Z4;
               ^
../src/main.c:29:12: warning: unused variable 'Z1' [-Wunused-variable]
  u16 X1,Y1,Z1,X2,Y2,Z2,X3,Y3,Z3,X4,Y4,Z4;
            ^
../src/main.c:29:9: warning: unused variable 'Y1' [-Wunused-variable]
  u16 X1,Y1,Z1,X2,Y2,Z2,X3,Y3,Z3,X4,Y4,Z4;
         ^
../src/main.c:29:6: warning: unused variable 'X1' [-Wunused-variable]
  u16 X1,Y1,Z1,X2,Y2,Z2,X3,Y3,Z3,X4,Y4,Z4;
      ^
../src/main.c:28:68: warning: variable 'valueZ4' set but not used [-Wunused-but-set-variable]
  u32 valueXY, valueZ,valueXY2, valueZ2,valueXY3, valueZ3,valueXY4, valueZ4;
                                                                    ^
../src/main.c:28:58: warning: variable 'valueXY4' set but not used [-Wunused-but-set-variable]
  u32 valueXY, valueZ,valueXY2, valueZ2,valueXY3, valueZ3,valueXY4, valueZ4;
                                                          ^
../src/main.c:28:50: warning: variable 'valueZ3' set but not used [-Wunused-but-set-variable]
  u32 valueXY, valueZ,valueXY2, valueZ2,valueXY3, valueZ3,valueXY4, valueZ4;
                                                  ^
../src/main.c:28:40: warning: variable 'valueXY3' set but not used [-Wunused-but-set-variable]
  u32 valueXY, valueZ,valueXY2, valueZ2,valueXY3, valueZ3,valueXY4, valueZ4;
                                        ^
../src/main.c:28:32: warning: variable 'valueZ2' set but not used [-Wunused-but-set-variable]
  u32 valueXY, valueZ,valueXY2, valueZ2,valueXY3, valueZ3,valueXY4, valueZ4;
                                ^
../src/main.c:28:22: warning: variable 'valueXY2' set but not used [-Wunused-but-set-variable]
  u32 valueXY, valueZ,valueXY2, valueZ2,valueXY3, valueZ3,valueXY4, valueZ4;
                      ^
../src/main.c:28:15: warning: variable 'valueZ' set but not used [-Wunused-but-set-variable]
  u32 valueXY, valueZ,valueXY2, valueZ2,valueXY3, valueZ3,valueXY4, valueZ4;
               ^
../src/main.c:28:6: warning: variable 'valueXY' set but not used [-Wunused-but-set-variable]
  u32 valueXY, valueZ,valueXY2, valueZ2,valueXY3, valueZ3,valueXY4, valueZ4;
      ^
make: *** [src/main.o] Error 1
15:07:29 **** Auto Build of configuration Debug for project photoFilter ****
make all 
'Building file: ../src/main.c'
'Invoking: ARM gcc compiler'
arm-xilinx-eabi-gcc -Wall -O0 -g3 -c -fmessage-length=0 -MT"src/main.o" -I../../photoFilter_bsp/ps7_cortexa9_0/include -MMD -MP -MF"src/main.d" -MT"src/main.d" -o "src/main.o" "../src/main.c"
'Finished building: ../src/main.c'
' '
'Building target: photoFilter.elf'
'Invoking: ARM gcc linker'
arm-xilinx-eabi-gcc -Wl,-T -Wl,../src/lscript.ld -L../../photoFilter_bsp/ps7_cortexa9_0/lib -o "photoFilter.elf"  ./src/main.o ./src/platform.o   -Wl,--start-group,-lxil,-lgcc,-lc,--end-group
'Finished building target: photoFilter.elf'
' '
'Invoking: ARM Print Size'
arm-xilinx-eabi-size photoFilter.elf  |tee "photoFilter.elf.size"
   text	   data	    bss	    dec	    hex	filename
  22568	   1152	  22564	  46284	   b4cc	photoFilter.elf
'Finished building: photoFilter.elf.size'
' '
15:07:33 **** Incremental Build of configuration Debug for project photoFilter ****
make all 
make: Nothing to be done for `all'.
15:09:21 **** Clean-only build of configuration Debug for project photoFilter ****
make clean 
rm -rf  ./src/main.o ./src/platform.o  ./src/main.d ./src/platform.d  photoFilter.elf.size  photoFilter.elf
' '
15:09:22 **** Auto Build of configuration Debug for project photoFilter ****
make all 
'Building file: ../src/platform.c'
'Invoking: ARM gcc compiler'
arm-xilinx-eabi-gcc -Wall -O0 -g3 -c -fmessage-length=0 -MT"src/platform.o" -I../../photoFilter_bsp/ps7_cortexa9_0/include -MMD -MP -MF"src/platform.d" -MT"src/platform.d" -o "src/platform.o" "../src/platform.c"
'Finished building: ../src/platform.c'
' '
'Building target: photoFilter.elf'
'Invoking: ARM gcc linker'
arm-xilinx-eabi-gcc -Wl,-T -Wl,../src/lscript.ld -L../../photoFilter_bsp/ps7_cortexa9_0/lib -o "photoFilter.elf"  ./src/platform.o   -Wl,--start-group,-lxil,-lgcc,-lc,--end-group
../../photoFilter_bsp/ps7_cortexa9_0/lib\libxil.a(xil-crt0.o): In function `_start':
C:\Users\mr_co_000\Documents\GitHub\ECE495\FinalProject\Filter\filter\filter.sdk\photoFilter_bsp\ps7_cortexa9_0\libsrc\standalone_v5_1\src/xil-crt0.S:128: undefined reference to `main'
collect2.exe: error: ld returned 1 exit status
make: *** [photoFilter.elf] Error 1
15:09:47 **** Auto Build of configuration Debug for project photoFilter ****
make all 
'Building file: ../src/main.c'
'Invoking: ARM gcc compiler'
arm-xilinx-eabi-gcc -Wall -O0 -g3 -c -fmessage-length=0 -MT"src/main.o" -I../../photoFilter_bsp/ps7_cortexa9_0/include -MMD -MP -MF"src/main.d" -MT"src/main.d" -o "src/main.o" "../src/main.c"
'Finished building: ../src/main.c'
' '
'Building target: photoFilter.elf'
'Invoking: ARM gcc linker'
arm-xilinx-eabi-gcc -Wl,-T -Wl,../src/lscript.ld -L../../photoFilter_bsp/ps7_cortexa9_0/lib -o "photoFilter.elf"  ./src/main.o ./src/platform.o   -Wl,--start-group,-lxil,-lgcc,-lc,--end-group
../../photoFilter_bsp/ps7_cortexa9_0/lib\libxil.a(xil-crt0.o): In function `_start':
C:\Users\mr_co_000\Documents\GitHub\ECE495\FinalProject\Filter\filter\filter.sdk\photoFilter_bsp\ps7_cortexa9_0\libsrc\standalone_v5_1\src/xil-crt0.S:128: undefined reference to `main'
collect2.exe: error: ld returned 1 exit status
make: *** [photoFilter.elf] Error 1
15:17:49 **** Auto Build of configuration Debug for project photoFilter ****
make all 
'Building file: ../src/main.c'
'Invoking: ARM gcc compiler'
arm-xilinx-eabi-gcc -Wall -O0 -g3 -c -fmessage-length=0 -MT"src/main.o" -I../../photoFilter_bsp/ps7_cortexa9_0/include -MMD -MP -MF"src/main.d" -MT"src/main.d" -o "src/main.o" "../src/main.c"
../src/main.c: In function 'main':
../src/main.c:33:2: warning: implicit declaration of function 'Xil_Out32' [-Wimplicit-function-declaration]
  MYGRAYSCALE_mWriteReg(MYGRAYSCALE_BASE,SLV_REG0,0xFF640000); //Clear the register
  ^
../src/main.c:35:2: warning: implicit declaration of function 'Xil_In32' [-Wimplicit-function-declaration]
  RGB = MYGRAYSCALE_mReadReg(MYCORDIC_BASE,SLV_REG2);
  ^
In file included from ../src/main.c:2:0:
../src/main.c:35:29: error: 'MYCORDIC_BASE' undeclared (first use in this function)
  RGB = MYGRAYSCALE_mReadReg(MYCORDIC_BASE,SLV_REG2);
                             ^
../../photoFilter_bsp/ps7_cortexa9_0/include/myGrayscale.h:55:15: note: in definition of macro 'MYGRAYSCALE_mReadReg'
     Xil_In32((BaseAddress) + (RegOffset))
               ^
../src/main.c:35:29: note: each undeclared identifier is reported only once for each function it appears in
  RGB = MYGRAYSCALE_mReadReg(MYCORDIC_BASE,SLV_REG2);
                             ^
../../photoFilter_bsp/ps7_cortexa9_0/include/myGrayscale.h:55:15: note: in definition of macro 'MYGRAYSCALE_mReadReg'
     Xil_In32((BaseAddress) + (RegOffset))
               ^
../src/main.c:35:43: error: 'SLV_REG2' undeclared (first use in this function)
  RGB = MYGRAYSCALE_mReadReg(MYCORDIC_BASE,SLV_REG2);
                                           ^
../../photoFilter_bsp/ps7_cortexa9_0/include/myGrayscale.h:55:31: note: in definition of macro 'MYGRAYSCALE_mReadReg'
     Xil_In32((BaseAddress) + (RegOffset))
                               ^
../src/main.c:40:1: error: expected expression before '/' token
 /
 ^
../src/main.c:28:6: warning: variable 'RGB' set but not used [-Wunused-but-set-variable]
  u32 RGB;
      ^
../src/main.c:43:1: warning: control reaches end of non-void function [-Wreturn-type]
 }
 ^
make: *** [src/main.o] Error 1
15:17:57 **** Auto Build of configuration Debug for project photoFilter ****
make all 
'Building file: ../src/main.c'
'Invoking: ARM gcc compiler'
arm-xilinx-eabi-gcc -Wall -O0 -g3 -c -fmessage-length=0 -MT"src/main.o" -I../../photoFilter_bsp/ps7_cortexa9_0/include -MMD -MP -MF"src/main.d" -MT"src/main.d" -o "src/main.o" "../src/main.c"
../src/main.c: In function 'main':
../src/main.c:33:2: warning: implicit declaration of function 'Xil_Out32' [-Wimplicit-function-declaration]
  MYGRAYSCALE_mWriteReg(MYGRAYSCALE_BASE,SLV_REG0,0xFF640000); //Clear the register
  ^
../src/main.c:35:2: warning: implicit declaration of function 'Xil_In32' [-Wimplicit-function-declaration]
  RGB = MYGRAYSCALE_mReadReg(MYCORDIC_BASE,SLV_REG1);
  ^
In file included from ../src/main.c:2:0:
../src/main.c:35:29: error: 'MYCORDIC_BASE' undeclared (first use in this function)
  RGB = MYGRAYSCALE_mReadReg(MYCORDIC_BASE,SLV_REG1);
                             ^
../../photoFilter_bsp/ps7_cortexa9_0/include/myGrayscale.h:55:15: note: in definition of macro 'MYGRAYSCALE_mReadReg'
     Xil_In32((BaseAddress) + (RegOffset))
               ^
../src/main.c:35:29: note: each undeclared identifier is reported only once for each function it appears in
  RGB = MYGRAYSCALE_mReadReg(MYCORDIC_BASE,SLV_REG1);
                             ^
../../photoFilter_bsp/ps7_cortexa9_0/include/myGrayscale.h:55:15: note: in definition of macro 'MYGRAYSCALE_mReadReg'
     Xil_In32((BaseAddress) + (RegOffset))
               ^
../src/main.c:40:1: error: expected expression before '/' token
 /
 ^
../src/main.c:28:6: warning: variable 'RGB' set but not used [-Wunused-but-set-variable]
  u32 RGB;
      ^
../src/main.c:43:1: warning: control reaches end of non-void function [-Wreturn-type]
 }
 ^
make: *** [src/main.o] Error 1
15:18:20 **** Auto Build of configuration Debug for project photoFilter ****
make all 
'Building file: ../src/main.c'
'Invoking: ARM gcc compiler'
arm-xilinx-eabi-gcc -Wall -O0 -g3 -c -fmessage-length=0 -MT"src/main.o" -I../../photoFilter_bsp/ps7_cortexa9_0/include -MMD -MP -MF"src/main.d" -MT"src/main.d" -o "src/main.o" "../src/main.c"
../src/main.c: In function 'main':
../src/main.c:33:2: warning: implicit declaration of function 'Xil_Out32' [-Wimplicit-function-declaration]
  MYGRAYSCALE_mWriteReg(MYGRAYSCALE_BASE,SLV_REG0,0xFF640000); //Clear the register
  ^
../src/main.c:35:2: warning: implicit declaration of function 'Xil_In32' [-Wimplicit-function-declaration]
  RGB = MYGRAYSCALE_mReadReg(MYGRAYSCALE_BASE,SLV_REG1);
  ^
In file included from ../src/main.c:2:0:
../src/main.c:37:24: error: 'MYCORDIC_BASE' undeclared (first use in this function)
  MYGRAYSCALE_mWriteReg(MYCORDIC_BASE,SLV_REG1,0x00000000); //Clear the register
                        ^
../../photoFilter_bsp/ps7_cortexa9_0/include/myGrayscale.h:35:15: note: in definition of macro 'MYGRAYSCALE_mWriteReg'
    Xil_Out32((BaseAddress) + (RegOffset), (u32)(Data))
               ^
../src/main.c:37:24: note: each undeclared identifier is reported only once for each function it appears in
  MYGRAYSCALE_mWriteReg(MYCORDIC_BASE,SLV_REG1,0x00000000); //Clear the register
                        ^
../../photoFilter_bsp/ps7_cortexa9_0/include/myGrayscale.h:35:15: note: in definition of macro 'MYGRAYSCALE_mWriteReg'
    Xil_Out32((BaseAddress) + (RegOffset), (u32)(Data))
               ^
../src/main.c:40:1: error: expected expression before '/' token
 /
 ^
../src/main.c:28:6: warning: variable 'RGB' set but not used [-Wunused-but-set-variable]
  u32 RGB;
      ^
../src/main.c:43:1: warning: control reaches end of non-void function [-Wreturn-type]
 }
 ^
make: *** [src/main.o] Error 1
15:18:28 **** Auto Build of configuration Debug for project photoFilter ****
make all 
'Building file: ../src/main.c'
'Invoking: ARM gcc compiler'
arm-xilinx-eabi-gcc -Wall -O0 -g3 -c -fmessage-length=0 -MT"src/main.o" -I../../photoFilter_bsp/ps7_cortexa9_0/include -MMD -MP -MF"src/main.d" -MT"src/main.d" -o "src/main.o" "../src/main.c"
../src/main.c: In function 'main':
../src/main.c:33:2: warning: implicit declaration of function 'Xil_Out32' [-Wimplicit-function-declaration]
  MYGRAYSCALE_mWriteReg(MYGRAYSCALE_BASE,SLV_REG0,0xFF640000); //Clear the register
  ^
../src/main.c:35:2: warning: implicit declaration of function 'Xil_In32' [-Wimplicit-function-declaration]
  RGB = MYGRAYSCALE_mReadReg(MYGRAYSCALE_BASE,SLV_REG1);
  ^
../src/main.c:40:1: error: expected expression before '/' token
 /
 ^
../src/main.c:28:6: warning: variable 'RGB' set but not used [-Wunused-but-set-variable]
  u32 RGB;
      ^
../src/main.c:43:1: warning: control reaches end of non-void function [-Wreturn-type]
 }
 ^
make: *** [src/main.o] Error 1
15:19:44 **** Auto Build of configuration Debug for project photoFilter ****
make all 
'Building file: ../src/main.c'
'Invoking: ARM gcc compiler'
arm-xilinx-eabi-gcc -Wall -O0 -g3 -c -fmessage-length=0 -MT"src/main.o" -I../../photoFilter_bsp/ps7_cortexa9_0/include -MMD -MP -MF"src/main.d" -MT"src/main.d" -o "src/main.o" "../src/main.c"
../src/main.c: In function 'main':
../src/main.c:33:2: warning: implicit declaration of function 'Xil_Out32' [-Wimplicit-function-declaration]
  MYGRAYSCALE_mWriteReg(MYGRAYSCALE_BASE,SLV_REG0,0xFF640000); //Clear the register
  ^
../src/main.c:35:2: warning: implicit declaration of function 'Xil_In32' [-Wimplicit-function-declaration]
  RGB = MYGRAYSCALE_mReadReg(MYGRAYSCALE_BASE,SLV_REG1);
  ^
../src/main.c:28:6: warning: variable 'RGB' set but not used [-Wunused-but-set-variable]
  u32 RGB;
      ^
'Finished building: ../src/main.c'
' '
'Building target: photoFilter.elf'
'Invoking: ARM gcc linker'
arm-xilinx-eabi-gcc -Wl,-T -Wl,../src/lscript.ld -L../../photoFilter_bsp/ps7_cortexa9_0/lib -o "photoFilter.elf"  ./src/main.o ./src/platform.o   -Wl,--start-group,-lxil,-lgcc,-lc,--end-group
'Finished building target: photoFilter.elf'
' '
'Invoking: ARM Print Size'
arm-xilinx-eabi-size photoFilter.elf  |tee "photoFilter.elf.size"
   text	   data	    bss	    dec	    hex	filename
  22624	   1152	  22564	  46340	   b504	photoFilter.elf
'Finished building: photoFilter.elf.size'
' '
15:19:50 **** Incremental Build of configuration Debug for project photoFilter ****
make all 
make: Nothing to be done for `all'.
15:20:38 **** Incremental Build of configuration Debug for project photoFilter ****
make all 
make: Nothing to be done for `all'.
15:22:39 **** Auto Build of configuration Debug for project photoFilter ****
make all 
'Building file: ../src/main.c'
'Invoking: ARM gcc compiler'
arm-xilinx-eabi-gcc -Wall -O0 -g3 -c -fmessage-length=0 -MT"src/main.o" -I../../photoFilter_bsp/ps7_cortexa9_0/include -MMD -MP -MF"src/main.d" -MT"src/main.d" -o "src/main.o" "../src/main.c"
../src/main.c: In function 'main':
../src/main.c:33:2: warning: implicit declaration of function 'Xil_Out32' [-Wimplicit-function-declaration]
  MYGRAYSCALE_mWriteReg(MYGRAYSCALE_BASE,SLV_REG0,0xFF640000); //Clear the register
  ^
../src/main.c:35:2: warning: implicit declaration of function 'Xil_In32' [-Wimplicit-function-declaration]
  RGB = MYGRAYSCALE_mReadReg(MYGRAYSCALE_BASE,SLV_REG1);
  ^
'Finished building: ../src/main.c'
' '
'Building target: photoFilter.elf'
'Invoking: ARM gcc linker'
arm-xilinx-eabi-gcc -Wl,-T -Wl,../src/lscript.ld -L../../photoFilter_bsp/ps7_cortexa9_0/lib -o "photoFilter.elf"  ./src/main.o ./src/platform.o   -Wl,--start-group,-lxil,-lgcc,-lc,--end-group
'Finished building target: photoFilter.elf'
' '
'Invoking: ARM Print Size'
arm-xilinx-eabi-size photoFilter.elf  |tee "photoFilter.elf.size"
   text	   data	    bss	    dec	    hex	filename
  25128	   1152	  22564	  48844	   becc	photoFilter.elf
'Finished building: photoFilter.elf.size'
' '
15:22:41 **** Incremental Build of configuration Debug for project photoFilter ****
make all 
make: Nothing to be done for `all'.
15:24:09 **** Auto Build of configuration Debug for project photoFilter ****
make all 
'Building file: ../src/main.c'
'Invoking: ARM gcc compiler'
arm-xilinx-eabi-gcc -Wall -O0 -g3 -c -fmessage-length=0 -MT"src/main.o" -I../../photoFilter_bsp/ps7_cortexa9_0/include -MMD -MP -MF"src/main.d" -MT"src/main.d" -o "src/main.o" "../src/main.c"
../src/main.c: In function 'main':
../src/main.c:33:2: warning: implicit declaration of function 'Xil_Out32' [-Wimplicit-function-declaration]
  MYGRAYSCALE_mWriteReg(MYGRAYSCALE_BASE,SLV_REG0,0xFF640000); //Clear the register
  ^
../src/main.c:35:2: warning: implicit declaration of function 'Xil_In32' [-Wimplicit-function-declaration]
  RGB = MYGRAYSCALE_mReadReg(MYGRAYSCALE_BASE,SLV_REG1);
  ^
'Finished building: ../src/main.c'
' '
'Building target: photoFilter.elf'
'Invoking: ARM gcc linker'
arm-xilinx-eabi-gcc -Wl,-T -Wl,../src/lscript.ld -L../../photoFilter_bsp/ps7_cortexa9_0/lib -o "photoFilter.elf"  ./src/main.o ./src/platform.o   -Wl,--start-group,-lxil,-lgcc,-lc,--end-group
'Finished building target: photoFilter.elf'
' '
'Invoking: ARM Print Size'
arm-xilinx-eabi-size photoFilter.elf  |tee "photoFilter.elf.size"
   text	   data	    bss	    dec	    hex	filename
  25128	   1152	  22564	  48844	   becc	photoFilter.elf
'Finished building: photoFilter.elf.size'
' '
15:25:43 **** Incremental Build of configuration Debug for project photoFilter ****
make all 
make: Nothing to be done for `all'.
15:26:25 **** Incremental Build of configuration Debug for project photoFilter ****
make all 
make: Nothing to be done for `all'.
15:28:37 **** Auto Build of configuration Debug for project photoFilter ****
make all 
'Building file: ../src/main.c'
'Invoking: ARM gcc compiler'
arm-xilinx-eabi-gcc -Wall -O0 -g3 -c -fmessage-length=0 -MT"src/main.o" -I../../photoFilter_bsp/ps7_cortexa9_0/include -MMD -MP -MF"src/main.d" -MT"src/main.d" -o "src/main.o" "../src/main.c"
../src/main.c: In function 'main':
../src/main.c:33:2: warning: implicit declaration of function 'Xil_Out32' [-Wimplicit-function-declaration]
  MYGRAYSCALE_mWriteReg(MYGRAYSCALE_BASE,SLV_REG0,0xFF154807); //Clear the register
  ^
../src/main.c:35:2: warning: implicit declaration of function 'Xil_In32' [-Wimplicit-function-declaration]
  RGB = MYGRAYSCALE_mReadReg(MYGRAYSCALE_BASE,SLV_REG1);
  ^
'Finished building: ../src/main.c'
' '
'Building target: photoFilter.elf'
'Invoking: ARM gcc linker'
arm-xilinx-eabi-gcc -Wl,-T -Wl,../src/lscript.ld -L../../photoFilter_bsp/ps7_cortexa9_0/lib -o "photoFilter.elf"  ./src/main.o ./src/platform.o   -Wl,--start-group,-lxil,-lgcc,-lc,--end-group
'Finished building target: photoFilter.elf'
' '
'Invoking: ARM Print Size'
arm-xilinx-eabi-size photoFilter.elf  |tee "photoFilter.elf.size"
   text	   data	    bss	    dec	    hex	filename
  25128	   1152	  22564	  48844	   becc	photoFilter.elf
'Finished building: photoFilter.elf.size'
' '
15:29:17 **** Auto Build of configuration Debug for project photoFilter ****
make all 
'Building file: ../src/main.c'
'Invoking: ARM gcc compiler'
arm-xilinx-eabi-gcc -Wall -O0 -g3 -c -fmessage-length=0 -MT"src/main.o" -I../../photoFilter_bsp/ps7_cortexa9_0/include -MMD -MP -MF"src/main.d" -MT"src/main.d" -o "src/main.o" "../src/main.c"
../src/main.c: In function 'main':
../src/main.c:33:2: warning: implicit declaration of function 'Xil_Out32' [-Wimplicit-function-declaration]
  MYGRAYSCALE_mWriteReg(MYGRAYSCALE_BASE,SLV_REG0,0xFF640000); //Clear the register
  ^
../src/main.c:35:2: warning: implicit declaration of function 'Xil_In32' [-Wimplicit-function-declaration]
  RGB = MYGRAYSCALE_mReadReg(MYGRAYSCALE_BASE,SLV_REG1);
  ^
../src/main.c:28:10: warning: variable 'LUMA' set but not used [-Wunused-but-set-variable]
  u32 RGB,LUMA;
          ^
'Finished building: ../src/main.c'
' '
'Building target: photoFilter.elf'
'Invoking: ARM gcc linker'
arm-xilinx-eabi-gcc -Wl,-T -Wl,../src/lscript.ld -L../../photoFilter_bsp/ps7_cortexa9_0/lib -o "photoFilter.elf"  ./src/main.o ./src/platform.o   -Wl,--start-group,-lxil,-lgcc,-lc,--end-group
'Finished building target: photoFilter.elf'
' '
'Invoking: ARM Print Size'
arm-xilinx-eabi-size photoFilter.elf  |tee "photoFilter.elf.size"
   text	   data	    bss	    dec	    hex	filename
  25192	   1152	  22564	  48908	   bf0c	photoFilter.elf
'Finished building: photoFilter.elf.size'
' '
15:29:33 **** Auto Build of configuration Debug for project photoFilter ****
make all 
'Building file: ../src/main.c'
'Invoking: ARM gcc compiler'
arm-xilinx-eabi-gcc -Wall -O0 -g3 -c -fmessage-length=0 -MT"src/main.o" -I../../photoFilter_bsp/ps7_cortexa9_0/include -MMD -MP -MF"src/main.d" -MT"src/main.d" -o "src/main.o" "../src/main.c"
../src/main.c: In function 'main':
../src/main.c:33:2: warning: implicit declaration of function 'Xil_Out32' [-Wimplicit-function-declaration]
  MYGRAYSCALE_mWriteReg(MYGRAYSCALE_BASE,SLV_REG0,0xFF640000); //Clear the register
  ^
../src/main.c:35:2: warning: implicit declaration of function 'Xil_In32' [-Wimplicit-function-declaration]
  RGB = MYGRAYSCALE_mReadReg(MYGRAYSCALE_BASE,SLV_REG1);
  ^
'Finished building: ../src/main.c'
' '
'Building target: photoFilter.elf'
'Invoking: ARM gcc linker'
arm-xilinx-eabi-gcc -Wl,-T -Wl,../src/lscript.ld -L../../photoFilter_bsp/ps7_cortexa9_0/lib -o "photoFilter.elf"  ./src/main.o ./src/platform.o   -Wl,--start-group,-lxil,-lgcc,-lc,--end-group
'Finished building target: photoFilter.elf'
' '
'Invoking: ARM Print Size'
arm-xilinx-eabi-size photoFilter.elf  |tee "photoFilter.elf.size"
   text	   data	    bss	    dec	    hex	filename
  25208	   1152	  22564	  48924	   bf1c	photoFilter.elf
'Finished building: photoFilter.elf.size'
' '
15:30:04 **** Incremental Build of configuration Debug for project photoFilter ****
make all 
make: Nothing to be done for `all'.
15:31:13 **** Auto Build of configuration Debug for project photoFilter ****
make all 
'Building file: ../src/main.c'
'Invoking: ARM gcc compiler'
arm-xilinx-eabi-gcc -Wall -O0 -g3 -c -fmessage-length=0 -MT"src/main.o" -I../../photoFilter_bsp/ps7_cortexa9_0/include -MMD -MP -MF"src/main.d" -MT"src/main.d" -o "src/main.o" "../src/main.c"
../src/main.c: In function 'main':
../src/main.c:33:2: warning: implicit declaration of function 'Xil_Out32' [-Wimplicit-function-declaration]
  MYGRAYSCALE_mWriteReg(MYGRAYSCALE_BASE,SLV_REG0,0xFF640000); //Clear the register
  ^
../src/main.c:35:2: warning: implicit declaration of function 'Xil_In32' [-Wimplicit-function-declaration]
  RGB = MYGRAYSCALE_mReadReg(MYGRAYSCALE_BASE,SLV_REG1);
  ^
'Finished building: ../src/main.c'
' '
'Building target: photoFilter.elf'
'Invoking: ARM gcc linker'
arm-xilinx-eabi-gcc -Wl,-T -Wl,../src/lscript.ld -L../../photoFilter_bsp/ps7_cortexa9_0/lib -o "photoFilter.elf"  ./src/main.o ./src/platform.o   -Wl,--start-group,-lxil,-lgcc,-lc,--end-group
'Finished building target: photoFilter.elf'
' '
'Invoking: ARM Print Size'
arm-xilinx-eabi-size photoFilter.elf  |tee "photoFilter.elf.size"
   text	   data	    bss	    dec	    hex	filename
  25208	   1152	  22564	  48924	   bf1c	photoFilter.elf
'Finished building: photoFilter.elf.size'
' '
15:31:15 **** Incremental Build of configuration Debug for project photoFilter ****
make all 
make: Nothing to be done for `all'.
15:31:43 **** Auto Build of configuration Debug for project photoFilter ****
make all 
'Building file: ../src/main.c'
'Invoking: ARM gcc compiler'
arm-xilinx-eabi-gcc -Wall -O0 -g3 -c -fmessage-length=0 -MT"src/main.o" -I../../photoFilter_bsp/ps7_cortexa9_0/include -MMD -MP -MF"src/main.d" -MT"src/main.d" -o "src/main.o" "../src/main.c"
../src/main.c: In function 'main':
../src/main.c:33:2: warning: implicit declaration of function 'Xil_Out32' [-Wimplicit-function-declaration]
  MYGRAYSCALE_mWriteReg(MYGRAYSCALE_BASE,SLV_REG0,0xFF640000); //Clear the register
  ^
../src/main.c:35:2: warning: implicit declaration of function 'Xil_In32' [-Wimplicit-function-declaration]
  RGB = MYGRAYSCALE_mReadReg(MYGRAYSCALE_BASE,SLV_REG1);
  ^
'Finished building: ../src/main.c'
' '
'Building target: photoFilter.elf'
'Invoking: ARM gcc linker'
arm-xilinx-eabi-gcc -Wl,-T -Wl,../src/lscript.ld -L../../photoFilter_bsp/ps7_cortexa9_0/lib -o "photoFilter.elf"  ./src/main.o ./src/platform.o   -Wl,--start-group,-lxil,-lgcc,-lc,--end-group
'Finished building target: photoFilter.elf'
' '
'Invoking: ARM Print Size'
arm-xilinx-eabi-size photoFilter.elf  |tee "photoFilter.elf.size"
   text	   data	    bss	    dec	    hex	filename
  25208	   1152	  22564	  48924	   bf1c	photoFilter.elf
'Finished building: photoFilter.elf.size'
' '
15:32:08 **** Incremental Build of configuration Debug for project photoFilter ****
make all 
make: Nothing to be done for `all'.
15:42:59 **** Auto Build of configuration Debug for project photoFilter ****
make all 
'Building file: ../src/main.c'
'Invoking: ARM gcc compiler'
arm-xilinx-eabi-gcc -Wall -O0 -g3 -c -fmessage-length=0 -MT"src/main.o" -I../../photoFilter_bsp/ps7_cortexa9_0/include -MMD -MP -MF"src/main.d" -MT"src/main.d" -o "src/main.o" "../src/main.c"
../src/main.c:7:21: fatal error: xintc_I.h: No such file or directory
 #include "xintc_I.h"
                     ^
compilation terminated.
make: *** [src/main.o] Error 1
15:43:13 **** Auto Build of configuration Debug for project photoFilter ****
make all 
'Building file: ../src/main.c'
'Invoking: ARM gcc compiler'
arm-xilinx-eabi-gcc -Wall -O0 -g3 -c -fmessage-length=0 -MT"src/main.o" -I../../photoFilter_bsp/ps7_cortexa9_0/include -MMD -MP -MF"src/main.d" -MT"src/main.d" -o "src/main.o" "../src/main.c"
../src/main.c:7:21: fatal error: xintc_l.h: No such file or directory
 #include "xintc_l.h"
                     ^
compilation terminated.
make: *** [src/main.o] Error 1
15:43:16 **** Incremental Build of configuration Debug for project photoFilter ****
make all 
'Building file: ../src/main.c'
'Invoking: ARM gcc compiler'
arm-xilinx-eabi-gcc -Wall -O0 -g3 -c -fmessage-length=0 -MT"src/main.o" -I../../photoFilter_bsp/ps7_cortexa9_0/include -MMD -MP -MF"src/main.d" -MT"src/main.d" -o "src/main.o" "../src/main.c"
../src/main.c:7:21: fatal error: xintc_l.h: No such file or directory
 #include "xintc_l.h"
                     ^
compilation terminated.
make: *** [src/main.o] Error 1
15:43:30 **** Auto Build of configuration Debug for project photoFilter ****
make all 
'Building file: ../src/main.c'
'Invoking: ARM gcc compiler'
arm-xilinx-eabi-gcc -Wall -O0 -g3 -c -fmessage-length=0 -MT"src/main.o" -I../../photoFilter_bsp/ps7_cortexa9_0/include -MMD -MP -MF"src/main.d" -MT"src/main.d" -o "src/main.o" "../src/main.c"
../src/main.c:7:19: fatal error: xgpio.h: No such file or directory
 #include "xgpio.h"
                   ^
compilation terminated.
make: *** [src/main.o] Error 1
15:43:32 **** Incremental Build of configuration Debug for project photoFilter ****
make all 
'Building file: ../src/main.c'
'Invoking: ARM gcc compiler'
arm-xilinx-eabi-gcc -Wall -O0 -g3 -c -fmessage-length=0 -MT"src/main.o" -I../../photoFilter_bsp/ps7_cortexa9_0/include -MMD -MP -MF"src/main.d" -MT"src/main.d" -o "src/main.o" "../src/main.c"
../src/main.c:7:19: fatal error: xgpio.h: No such file or directory
 #include "xgpio.h"
                   ^
compilation terminated.
make: *** [src/main.o] Error 1
15:44:29 **** Incremental Build of configuration Debug for project photoFilter ****
make all 
'Building file: ../src/main.c'
'Invoking: ARM gcc compiler'
arm-xilinx-eabi-gcc -Wall -O0 -g3 -c -fmessage-length=0 -MT"src/main.o" -I../../photoFilter_bsp/ps7_cortexa9_0/include -MMD -MP -MF"src/main.d" -MT"src/main.d" -o "src/main.o" "../src/main.c"
../src/main.c:7:19: fatal error: xgpio.h: No such file or directory
 #include "xgpio.h"
                   ^
compilation terminated.
make: *** [src/main.o] Error 1
15:46:22 **** Incremental Build of configuration Debug for project photoFilter ****
make all 
'Building file: ../src/main.c'
'Invoking: ARM gcc compiler'
arm-xilinx-eabi-gcc -Wall -O0 -g3 -c -fmessage-length=0 -MT"src/main.o" -I../../photoFilter_bsp/ps7_cortexa9_0/include -MMD -MP -MF"src/main.d" -MT"src/main.d" -o "src/main.o" "../src/main.c"
../src/main.c:7:19: fatal error: xgpio.h: No such file or directory
 #include "xgpio.h"
                   ^
compilation terminated.
make: *** [src/main.o] Error 1
15:46:50 **** Auto Build of configuration Debug for project photoFilter ****
make all 
'Building file: ../src/main.c'
'Invoking: ARM gcc compiler'
arm-xilinx-eabi-gcc -Wall -O0 -g3 -c -fmessage-length=0 -MT"src/main.o" -I../../photoFilter_bsp/ps7_cortexa9_0/include -MMD -MP -MF"src/main.d" -MT"src/main.d" -o "src/main.o" "../src/main.c"
../src/main.c: In function 'main':
../src/main.c:27:2: warning: implicit declaration of function 'XUartLite_RecvByte' [-Wimplicit-function-declaration]
  inp=XUartLite_RecvByte(XPAR_PS7_UART_1_BASEADDR);
  ^
../src/main.c:37:2: warning: 'LUMA' is used uninitialized in this function [-Wuninitialized]
  xil_printf("LUMA = %08X \r\n", LUMA);
  ^
'Finished building: ../src/main.c'
' '
'Building target: photoFilter.elf'
'Invoking: ARM gcc linker'
arm-xilinx-eabi-gcc -Wl,-T -Wl,../src/lscript.ld -L../../photoFilter_bsp/ps7_cortexa9_0/lib -o "photoFilter.elf"  ./src/main.o ./src/platform.o   -Wl,--start-group,-lxil,-lgcc,-lc,--end-group
./src/main.o: In function `main':
C:\Users\mr_co_000\Documents\GitHub\ECE495\FinalProject\Filter\filter\filter.sdk\photoFilter\Debug/../src/main.c:27: undefined reference to `XUartLite_RecvByte'
collect2.exe: error: ld returned 1 exit status
make: *** [photoFilter.elf] Error 1
15:46:52 **** Incremental Build of configuration Debug for project photoFilter ****
make all 
'Building target: photoFilter.elf'
'Invoking: ARM gcc linker'
arm-xilinx-eabi-gcc -Wl,-T -Wl,../src/lscript.ld -L../../photoFilter_bsp/ps7_cortexa9_0/lib -o "photoFilter.elf"  ./src/main.o ./src/platform.o   -Wl,--start-group,-lxil,-lgcc,-lc,--end-group
./src/main.o: In function `main':
C:\Users\mr_co_000\Documents\GitHub\ECE495\FinalProject\Filter\filter\filter.sdk\photoFilter\Debug/../src/main.c:27: undefined reference to `XUartLite_RecvByte'
collect2.exe: error: ld returned 1 exit status
make: *** [photoFilter.elf] Error 1
15:47:44 **** Auto Build of configuration Debug for project photoFilter ****
make all 
'Building file: ../src/main.c'
'Invoking: ARM gcc compiler'
arm-xilinx-eabi-gcc -Wall -O0 -g3 -c -fmessage-length=0 -MT"src/main.o" -I../../photoFilter_bsp/ps7_cortexa9_0/include -MMD -MP -MF"src/main.d" -MT"src/main.d" -o "src/main.o" "../src/main.c"
../src/main.c:7:25: fatal error: xuartlite_i.h: No such file or directory
 #include "xuartlite_i.h"
                         ^
compilation terminated.
make: *** [src/main.o] Error 1
15:47:48 **** Incremental Build of configuration Debug for project photoFilter ****
make all 
'Building file: ../src/main.c'
'Invoking: ARM gcc compiler'
arm-xilinx-eabi-gcc -Wall -O0 -g3 -c -fmessage-length=0 -MT"src/main.o" -I../../photoFilter_bsp/ps7_cortexa9_0/include -MMD -MP -MF"src/main.d" -MT"src/main.d" -o "src/main.o" "../src/main.c"
../src/main.c:7:25: fatal error: xuartlite_i.h: No such file or directory
 #include "xuartlite_i.h"
                         ^
compilation terminated.
make: *** [src/main.o] Error 1
16:01:19 **** Auto Build of configuration Debug for project photoFilter ****
make all 
'Building file: ../src/main.c'
'Invoking: ARM gcc compiler'
arm-xilinx-eabi-gcc -Wall -O0 -g3 -c -fmessage-length=0 -MT"src/main.o" -I../../photoFilter_bsp/ps7_cortexa9_0/include -MMD -MP -MF"src/main.d" -MT"src/main.d" -o "src/main.o" "../src/main.c"
../src/main.c: In function 'main':
../src/main.c:27:2: warning: implicit declaration of function 'XUartLite_RecvByte' [-Wimplicit-function-declaration]
  inp=XUartLite_RecvByte(XPAR_PS7_UART_1_BASEADDR);
  ^
../src/main.c:37:2: warning: 'LUMA' is used uninitialized in this function [-Wuninitialized]
  xil_printf("LUMA = %08X \r\n", LUMA);
  ^
'Finished building: ../src/main.c'
' '
'Building target: photoFilter.elf'
'Invoking: ARM gcc linker'
arm-xilinx-eabi-gcc -Wl,-T -Wl,../src/lscript.ld -L../../photoFilter_bsp/ps7_cortexa9_0/lib -o "photoFilter.elf"  ./src/main.o ./src/platform.o   -Wl,--start-group,-lxil,-lgcc,-lc,--end-group
./src/main.o: In function `main':
C:\Users\mr_co_000\Documents\GitHub\ECE495\FinalProject\Filter\filter\filter.sdk\photoFilter\Debug/../src/main.c:27: undefined reference to `XUartLite_RecvByte'
collect2.exe: error: ld returned 1 exit status
make: *** [photoFilter.elf] Error 1
16:02:24 **** Auto Build of configuration Debug for project photoFilter ****
make all 
'Building file: ../src/main.c'
'Invoking: ARM gcc compiler'
arm-xilinx-eabi-gcc -Wall -O0 -g3 -c -fmessage-length=0 -MT"src/main.o" -I../../photoFilter_bsp/ps7_cortexa9_0/include -MMD -MP -MF"src/main.d" -MT"src/main.d" -o "src/main.o" "../src/main.c"
../src/main.c: In function 'main':
../src/main.c:27:2: warning: format '%x' expects argument of type 'unsigned int *', but argument 2 has type 'int' [-Wformat=]
  inp=scanf("%x",inp);
  ^
../src/main.c:27:2: warning: format '%x' expects argument of type 'unsigned int *', but argument 2 has type 'int' [-Wformat=]
../src/main.c:27:6: warning: 'inp' is used uninitialized in this function [-Wuninitialized]
  inp=scanf("%x",inp);
      ^
../src/main.c:37:2: warning: 'LUMA' is used uninitialized in this function [-Wuninitialized]
  xil_printf("LUMA = %08X \r\n", LUMA);
  ^
'Finished building: ../src/main.c'
' '
'Building target: photoFilter.elf'
'Invoking: ARM gcc linker'
arm-xilinx-eabi-gcc -Wl,-T -Wl,../src/lscript.ld -L../../photoFilter_bsp/ps7_cortexa9_0/lib -o "photoFilter.elf"  ./src/main.o ./src/platform.o   -Wl,--start-group,-lxil,-lgcc,-lc,--end-group
'Finished building target: photoFilter.elf'
' '
'Invoking: ARM Print Size'
arm-xilinx-eabi-size photoFilter.elf  |tee "photoFilter.elf.size"
   text	   data	    bss	    dec	    hex	filename
  78352	   2320	  22636	 103308	  1938c	photoFilter.elf
'Finished building: photoFilter.elf.size'
' '
16:02:32 **** Auto Build of configuration Debug for project photoFilter ****
make all 
'Building file: ../src/main.c'
'Invoking: ARM gcc compiler'
arm-xilinx-eabi-gcc -Wall -O0 -g3 -c -fmessage-length=0 -MT"src/main.o" -I../../photoFilter_bsp/ps7_cortexa9_0/include -MMD -MP -MF"src/main.d" -MT"src/main.d" -o "src/main.o" "../src/main.c"
../src/main.c: In function 'main':
../src/main.c:27:2: warning: format '%x' expects argument of type 'unsigned int *', but argument 2 has type 'int' [-Wformat=]
  scanf("%x",inp);
  ^
../src/main.c:27:2: warning: format '%x' expects argument of type 'unsigned int *', but argument 2 has type 'int' [-Wformat=]
../src/main.c:27:2: warning: 'inp' is used uninitialized in this function [-Wuninitialized]
../src/main.c:37:2: warning: 'LUMA' is used uninitialized in this function [-Wuninitialized]
  xil_printf("LUMA = %08X \r\n", LUMA);
  ^
'Finished building: ../src/main.c'
' '
'Building target: photoFilter.elf'
'Invoking: ARM gcc linker'
arm-xilinx-eabi-gcc -Wl,-T -Wl,../src/lscript.ld -L../../photoFilter_bsp/ps7_cortexa9_0/lib -o "photoFilter.elf"  ./src/main.o ./src/platform.o   -Wl,--start-group,-lxil,-lgcc,-lc,--end-group
'Finished building target: photoFilter.elf'
' '
'Invoking: ARM Print Size'
arm-xilinx-eabi-size photoFilter.elf  |tee "photoFilter.elf.size"
   text	   data	    bss	    dec	    hex	filename
  78352	   2320	  22636	 103308	  1938c	photoFilter.elf
'Finished building: photoFilter.elf.size'
' '
16:02:37 **** Incremental Build of configuration Debug for project photoFilter ****
make all 
make: Nothing to be done for `all'.
16:02:46 **** Incremental Build of configuration Debug for project photoFilter ****
make all 
make: Nothing to be done for `all'.
16:11:21 **** Auto Build of configuration Debug for project photoFilter ****
make all 
'Building file: ../src/main.c'
'Invoking: ARM gcc compiler'
arm-xilinx-eabi-gcc -Wall -O0 -g3 -c -fmessage-length=0 -MT"src/main.o" -I../../photoFilter_bsp/ps7_cortexa9_0/include -MMD -MP -MF"src/main.d" -MT"src/main.d" -o "src/main.o" "../src/main.c"
../src/main.c: In function 'main':
../src/main.c:28:2: warning: format '%x' expects argument of type 'unsigned int *', but argument 2 has type 'int' [-Wformat=]
  scanf("%x",inp);
  ^
../src/main.c:28:2: warning: format '%x' expects argument of type 'unsigned int *', but argument 2 has type 'int' [-Wformat=]
../src/main.c:28:2: warning: 'inp' is used uninitialized in this function [-Wuninitialized]
../src/main.c:38:2: warning: 'LUMA' is used uninitialized in this function [-Wuninitialized]
  xil_printf("LUMA = %08X \r\n", LUMA);
  ^
'Finished building: ../src/main.c'
' '
'Building target: photoFilter.elf'
'Invoking: ARM gcc linker'
arm-xilinx-eabi-gcc -Wl,-T -Wl,../src/lscript.ld -L../../photoFilter_bsp/ps7_cortexa9_0/lib -o "photoFilter.elf"  ./src/main.o ./src/platform.o   -Wl,--start-group,-lxil,-lgcc,-lc,--end-group
'Finished building target: photoFilter.elf'
' '
'Invoking: ARM Print Size'
arm-xilinx-eabi-size photoFilter.elf  |tee "photoFilter.elf.size"
   text	   data	    bss	    dec	    hex	filename
  94784	   2324	  22636	 119744	  1d3c0	photoFilter.elf
'Finished building: photoFilter.elf.size'
' '
16:11:39 **** Incremental Build of configuration Debug for project photoFilter ****
make all 
make: Nothing to be done for `all'.
16:12:32 **** Incremental Build of configuration Debug for project photoFilter ****
make all 
make: Nothing to be done for `all'.
16:12:53 **** Incremental Build of configuration Debug for project photoFilter ****
make all 
make: Nothing to be done for `all'.
16:13:48 **** Auto Build of configuration Debug for project photoFilter ****
make all 
'Building file: ../src/main.c'
'Invoking: ARM gcc compiler'
arm-xilinx-eabi-gcc -Wall -O0 -g3 -c -fmessage-length=0 -MT"src/main.o" -I../../photoFilter_bsp/ps7_cortexa9_0/include -MMD -MP -MF"src/main.d" -MT"src/main.d" -o "src/main.o" "../src/main.c"
../src/main.c: In function 'main':
../src/main.c:28:2: warning: format '%x' expects argument of type 'unsigned int *', but argument 2 has type 'int' [-Wformat=]
  scanf("%x",inp);
  ^
../src/main.c:28:2: warning: format '%x' expects argument of type 'unsigned int *', but argument 2 has type 'int' [-Wformat=]
../src/main.c:28:2: warning: 'inp' is used uninitialized in this function [-Wuninitialized]
../src/main.c:38:2: warning: 'LUMA' is used uninitialized in this function [-Wuninitialized]
  xil_printf("LUMA = %08X \r\n", LUMA);
  ^
'Finished building: ../src/main.c'
' '
'Building target: photoFilter.elf'
'Invoking: ARM gcc linker'
arm-xilinx-eabi-gcc -Wl,-T -Wl,../src/lscript.ld -L../../photoFilter_bsp/ps7_cortexa9_0/lib -o "photoFilter.elf"  ./src/main.o ./src/platform.o   -Wl,--start-group,-lxil,-lgcc,-lc,--end-group
'Finished building target: photoFilter.elf'
' '
'Invoking: ARM Print Size'
arm-xilinx-eabi-size photoFilter.elf  |tee "photoFilter.elf.size"
   text	   data	    bss	    dec	    hex	filename
  78368	   2320	  22636	 103324	  1939c	photoFilter.elf
'Finished building: photoFilter.elf.size'
' '
16:13:53 **** Incremental Build of configuration Debug for project photoFilter ****
make all 
make: Nothing to be done for `all'.
16:14:06 **** Incremental Build of configuration Debug for project photoFilter ****
make all 
make: Nothing to be done for `all'.
16:14:25 **** Incremental Build of configuration Debug for project photoFilter ****
make all 
make: Nothing to be done for `all'.
16:15:24 **** Incremental Build of configuration Debug for project photoFilter ****
make all 
make: Nothing to be done for `all'.
17:26:40 **** Auto Build of configuration Debug for project photoFilter ****
make all 
'Building file: ../src/main.c'
'Invoking: ARM gcc compiler'
arm-xilinx-eabi-gcc -Wall -O0 -g3 -c -fmessage-length=0 -MT"src/main.o" -I../../photoFilter_bsp/ps7_cortexa9_0/include -MMD -MP -MF"src/main.d" -MT"src/main.d" -o "src/main.o" "../src/main.c"
../src/main.c: In function 'main':
../src/main.c:27:2: warning: implicit declaration of function 'XUartPs_RecvByte' [-Wimplicit-function-declaration]
  XUartPs_RecvByte(MYGRAYSCALE_BASE);
  ^
In file included from ../src/main.c:2:0:
../../photoFilter_bsp/ps7_cortexa9_0/include/myGrayscale.h:35:4: warning: 'inp' is used uninitialized in this function [-Wuninitialized]
    Xil_Out32((BaseAddress) + (RegOffset), (u32)(Data))
    ^
../src/main.c:24:16: note: 'inp' was declared here
  unsigned char inp;
                ^
../src/main.c:37:2: warning: 'LUMA' is used uninitialized in this function [-Wuninitialized]
  xil_printf("LUMA = %08X \r\n", LUMA);
  ^
'Finished building: ../src/main.c'
' '
'Building target: photoFilter.elf'
'Invoking: ARM gcc linker'
arm-xilinx-eabi-gcc -Wl,-T -Wl,../src/lscript.ld -L../../photoFilter_bsp/ps7_cortexa9_0/lib -o "photoFilter.elf"  ./src/main.o ./src/platform.o   -Wl,--start-group,-lxil,-lgcc,-lc,--end-group
'Finished building target: photoFilter.elf'
' '
'Invoking: ARM Print Size'
arm-xilinx-eabi-size photoFilter.elf  |tee "photoFilter.elf.size"
   text	   data	    bss	    dec	    hex	filename
  25128	   1152	  22564	  48844	   becc	photoFilter.elf
'Finished building: photoFilter.elf.size'
' '
17:26:53 **** Auto Build of configuration Debug for project photoFilter ****
make all 
'Building file: ../src/main.c'
'Invoking: ARM gcc compiler'
arm-xilinx-eabi-gcc -Wall -O0 -g3 -c -fmessage-length=0 -MT"src/main.o" -I../../photoFilter_bsp/ps7_cortexa9_0/include -MMD -MP -MF"src/main.d" -MT"src/main.d" -o "src/main.o" "../src/main.c"
../src/main.c: In function 'main':
../src/main.c:27:2: warning: implicit declaration of function 'XUartPs_RecvByte' [-Wimplicit-function-declaration]
  inp = XUartPs_RecvByte(MYGRAYSCALE_BASE);
  ^
../src/main.c:37:2: warning: 'LUMA' is used uninitialized in this function [-Wuninitialized]
  xil_printf("LUMA = %08X \r\n", LUMA);
  ^
'Finished building: ../src/main.c'
' '
'Building target: photoFilter.elf'
'Invoking: ARM gcc linker'
arm-xilinx-eabi-gcc -Wl,-T -Wl,../src/lscript.ld -L../../photoFilter_bsp/ps7_cortexa9_0/lib -o "photoFilter.elf"  ./src/main.o ./src/platform.o   -Wl,--start-group,-lxil,-lgcc,-lc,--end-group
'Finished building target: photoFilter.elf'
' '
'Invoking: ARM Print Size'
arm-xilinx-eabi-size photoFilter.elf  |tee "photoFilter.elf.size"
   text	   data	    bss	    dec	    hex	filename
  25128	   1152	  22564	  48844	   becc	photoFilter.elf
'Finished building: photoFilter.elf.size'
' '
17:27:36 **** Incremental Build of configuration Debug for project photoFilter ****
make all 
make: Nothing to be done for `all'.
17:27:57 **** Auto Build of configuration Debug for project photoFilter ****
make all 
'Building file: ../src/main.c'
'Invoking: ARM gcc compiler'
arm-xilinx-eabi-gcc -Wall -O0 -g3 -c -fmessage-length=0 -MT"src/main.o" -I../../photoFilter_bsp/ps7_cortexa9_0/include -MMD -MP -MF"src/main.d" -MT"src/main.d" -o "src/main.o" "../src/main.c"
../src/main.c: In function 'main':
../src/main.c:28:2: error: expected ';' before 'inp'
  inp = XUartPs_RecvByte(MYGRAYSCALE_BASE);
  ^
make: *** [src/main.o] Error 1
17:28:00 **** Incremental Build of configuration Debug for project photoFilter ****
make all 
'Building file: ../src/main.c'
'Invoking: ARM gcc compiler'
arm-xilinx-eabi-gcc -Wall -O0 -g3 -c -fmessage-length=0 -MT"src/main.o" -I../../photoFilter_bsp/ps7_cortexa9_0/include -MMD -MP -MF"src/main.d" -MT"src/main.d" -o "src/main.o" "../src/main.c"
../src/main.c: In function 'main':
../src/main.c:28:2: error: expected ';' before 'inp'
  inp = XUartPs_RecvByte(MYGRAYSCALE_BASE);
  ^
make: *** [src/main.o] Error 1
17:28:03 **** Incremental Build of configuration Debug for project photoFilter ****
make all 
'Building file: ../src/main.c'
'Invoking: ARM gcc compiler'
arm-xilinx-eabi-gcc -Wall -O0 -g3 -c -fmessage-length=0 -MT"src/main.o" -I../../photoFilter_bsp/ps7_cortexa9_0/include -MMD -MP -MF"src/main.d" -MT"src/main.d" -o "src/main.o" "../src/main.c"
../src/main.c: In function 'main':
../src/main.c:28:2: error: expected ';' before 'inp'
  inp = XUartPs_RecvByte(MYGRAYSCALE_BASE);
  ^
make: *** [src/main.o] Error 1
17:28:08 **** Auto Build of configuration Debug for project photoFilter ****
make all 
'Building file: ../src/main.c'
'Invoking: ARM gcc compiler'
arm-xilinx-eabi-gcc -Wall -O0 -g3 -c -fmessage-length=0 -MT"src/main.o" -I../../photoFilter_bsp/ps7_cortexa9_0/include -MMD -MP -MF"src/main.d" -MT"src/main.d" -o "src/main.o" "../src/main.c"
../src/main.c: In function 'main':
../src/main.c:28:2: warning: implicit declaration of function 'XUartPs_RecvByte' [-Wimplicit-function-declaration]
  inp = XUartPs_RecvByte(MYGRAYSCALE_BASE);
  ^
../src/main.c:38:2: warning: 'LUMA' is used uninitialized in this function [-Wuninitialized]
  xil_printf("LUMA = %08X \r\n", LUMA);
  ^
'Finished building: ../src/main.c'
' '
'Building target: photoFilter.elf'
'Invoking: ARM gcc linker'
arm-xilinx-eabi-gcc -Wl,-T -Wl,../src/lscript.ld -L../../photoFilter_bsp/ps7_cortexa9_0/lib -o "photoFilter.elf"  ./src/main.o ./src/platform.o   -Wl,--start-group,-lxil,-lgcc,-lc,--end-group
'Finished building target: photoFilter.elf'
' '
'Invoking: ARM Print Size'
arm-xilinx-eabi-size photoFilter.elf  |tee "photoFilter.elf.size"
   text	   data	    bss	    dec	    hex	filename
  25204	   1152	  22564	  48920	   bf18	photoFilter.elf
'Finished building: photoFilter.elf.size'
' '
17:28:09 **** Incremental Build of configuration Debug for project photoFilter ****
make all 
make: Nothing to be done for `all'.
17:28:12 **** Incremental Build of configuration Debug for project photoFilter ****
make all 
make: Nothing to be done for `all'.
17:29:01 **** Incremental Build of configuration Debug for project photoFilter ****
make all 
make: Nothing to be done for `all'.
17:30:04 **** Incremental Build of configuration Debug for project photoFilter ****
make all 
make: Nothing to be done for `all'.
17:31:06 **** Incremental Build of configuration Debug for project photoFilter ****
make all 
make: Nothing to be done for `all'.
17:31:38 **** Incremental Build of configuration Debug for project photoFilter ****
make all 
make: Nothing to be done for `all'.
18:06:55 **** Auto Build of project photoFilter_bsp ****
make -k all 
"Running Make include in ps7_cortexa9_0/libsrc/coresightps_dcc_v1_0/src"
make -C ps7_cortexa9_0/libsrc/coresightps_dcc_v1_0/src -s include  "SHELL=CMD" "COMPILER=arm-xilinx-eabi-gcc" "ARCHIVER=arm-xilinx-eabi-ar" "COMPILER_FLAGS=  -O2 -c" "EXTRA_COMPILER_FLAGS=-g"
"Running Make include in ps7_cortexa9_0/libsrc/cpu_cortexa9_v2_1/src"
make -C ps7_cortexa9_0/libsrc/cpu_cortexa9_v2_1/src -s include  "SHELL=CMD" "COMPILER=arm-xilinx-eabi-gcc" "ARCHIVER=arm-xilinx-eabi-ar" "COMPILER_FLAGS=  -O2 -c" "EXTRA_COMPILER_FLAGS=-g"
"Running Make include in ps7_cortexa9_0/libsrc/devcfg_v3_3/src"
make -C ps7_cortexa9_0/libsrc/devcfg_v3_3/src -s include  "SHELL=CMD" "COMPILER=arm-xilinx-eabi-gcc" "ARCHIVER=arm-xilinx-eabi-ar" "COMPILER_FLAGS=  -O2 -c" "EXTRA_COMPILER_FLAGS=-g"
"Running Make include in ps7_cortexa9_0/libsrc/dmaps_v2_1/src"
make -C ps7_cortexa9_0/libsrc/dmaps_v2_1/src -s include  "SHELL=CMD" "COMPILER=arm-xilinx-eabi-gcc" "ARCHIVER=arm-xilinx-eabi-ar" "COMPILER_FLAGS=  -O2 -c" "EXTRA_COMPILER_FLAGS=-g"
"Running Make include in ps7_cortexa9_0/libsrc/emacps_v3_0/src"
make -C ps7_cortexa9_0/libsrc/emacps_v3_0/src -s include  "SHELL=CMD" "COMPILER=arm-xilinx-eabi-gcc" "ARCHIVER=arm-xilinx-eabi-ar" "COMPILER_FLAGS=  -O2 -c" "EXTRA_COMPILER_FLAGS=-g"
"Running Make include in ps7_cortexa9_0/libsrc/iicps_v3_0/src"
make -C ps7_cortexa9_0/libsrc/iicps_v3_0/src -s include  "SHELL=CMD" "COMPILER=arm-xilinx-eabi-gcc" "ARCHIVER=arm-xilinx-eabi-ar" "COMPILER_FLAGS=  -O2 -c" "EXTRA_COMPILER_FLAGS=-g"
"Running Make include in ps7_cortexa9_0/libsrc/myGrayscale_v1_0/src"
make -C ps7_cortexa9_0/libsrc/myGrayscale_v1_0/src -s include  "SHELL=CMD" "COMPILER=arm-xilinx-eabi-gcc" "ARCHIVER=arm-xilinx-eabi-ar" "COMPILER_FLAGS=  -O2 -c" "EXTRA_COMPILER_FLAGS=-g"
"Running Make include in ps7_cortexa9_0/libsrc/qspips_v3_2/src"
make -C ps7_cortexa9_0/libsrc/qspips_v3_2/src -s include  "SHELL=CMD" "COMPILER=arm-xilinx-eabi-gcc" "ARCHIVER=arm-xilinx-eabi-ar" "COMPILER_FLAGS=  -O2 -c" "EXTRA_COMPILER_FLAGS=-g"
"Running Make include in ps7_cortexa9_0/libsrc/scugic_v3_0/src"
make -C ps7_cortexa9_0/libsrc/scugic_v3_0/src -s include  "SHELL=CMD" "COMPILER=arm-xilinx-eabi-gcc" "ARCHIVER=arm-xilinx-eabi-ar" "COMPILER_FLAGS=  -O2 -c" "EXTRA_COMPILER_FLAGS=-g"
"Running Make include in ps7_cortexa9_0/libsrc/scutimer_v2_1/src"
make -C ps7_cortexa9_0/libsrc/scutimer_v2_1/src -s include  "SHELL=CMD" "COMPILER=arm-xilinx-eabi-gcc" "ARCHIVER=arm-xilinx-eabi-ar" "COMPILER_FLAGS=  -O2 -c" "EXTRA_COMPILER_FLAGS=-g"
"Running Make include in ps7_cortexa9_0/libsrc/scuwdt_v2_1/src"
make -C ps7_cortexa9_0/libsrc/scuwdt_v2_1/src -s include  "SHELL=CMD" "COMPILER=arm-xilinx-eabi-gcc" "ARCHIVER=arm-xilinx-eabi-ar" "COMPILER_FLAGS=  -O2 -c" "EXTRA_COMPILER_FLAGS=-g"
"Running Make include in ps7_cortexa9_0/libsrc/sdps_v2_4/src"
make -C ps7_cortexa9_0/libsrc/sdps_v2_4/src -s include  "SHELL=CMD" "COMPILER=arm-xilinx-eabi-gcc" "ARCHIVER=arm-xilinx-eabi-ar" "COMPILER_FLAGS=  -O2 -c" "EXTRA_COMPILER_FLAGS=-g"
"Running Make include in ps7_cortexa9_0/libsrc/standalone_v5_1/src"
make -C ps7_cortexa9_0/libsrc/standalone_v5_1/src -s include  "SHELL=CMD" "COMPILER=arm-xilinx-eabi-gcc" "ARCHIVER=arm-xilinx-eabi-ar" "COMPILER_FLAGS=  -O2 -c" "EXTRA_COMPILER_FLAGS=-g"
"Running Make include in ps7_cortexa9_0/libsrc/uartps_v3_0/src"
make -C ps7_cortexa9_0/libsrc/uartps_v3_0/src -s include  "SHELL=CMD" "COMPILER=arm-xilinx-eabi-gcc" "ARCHIVER=arm-xilinx-eabi-ar" "COMPILER_FLAGS=  -O2 -c" "EXTRA_COMPILER_FLAGS=-g"
"Running Make include in ps7_cortexa9_0/libsrc/usbps_v2_2/src"
make -C ps7_cortexa9_0/libsrc/usbps_v2_2/src -s include  "SHELL=CMD" "COMPILER=arm-xilinx-eabi-gcc" "ARCHIVER=arm-xilinx-eabi-ar" "COMPILER_FLAGS=  -O2 -c" "EXTRA_COMPILER_FLAGS=-g"
"Running Make include in ps7_cortexa9_0/libsrc/xadcps_v2_2/src"
make -C ps7_cortexa9_0/libsrc/xadcps_v2_2/src -s include  "SHELL=CMD" "COMPILER=arm-xilinx-eabi-gcc" "ARCHIVER=arm-xilinx-eabi-ar" "COMPILER_FLAGS=  -O2 -c" "EXTRA_COMPILER_FLAGS=-g"
"Running Make libs in ps7_cortexa9_0/libsrc/coresightps_dcc_v1_0/src"
make -C ps7_cortexa9_0/libsrc/coresightps_dcc_v1_0/src -s libs  "SHELL=CMD" "COMPILER=arm-xilinx-eabi-gcc" "ARCHIVER=arm-xilinx-eabi-ar" "COMPILER_FLAGS=  -O2 -c" "EXTRA_COMPILER_FLAGS=-g"
"Compiling coresightps_dcc"
"Running Make libs in ps7_cortexa9_0/libsrc/cpu_cortexa9_v2_1/src"
make -C ps7_cortexa9_0/libsrc/cpu_cortexa9_v2_1/src -s libs  "SHELL=CMD" "COMPILER=arm-xilinx-eabi-gcc" "ARCHIVER=arm-xilinx-eabi-ar" "COMPILER_FLAGS=  -O2 -c" "EXTRA_COMPILER_FLAGS=-g"
"Compiling cpu_cortexa9"
"Running Make libs in ps7_cortexa9_0/libsrc/devcfg_v3_3/src"
make -C ps7_cortexa9_0/libsrc/devcfg_v3_3/src -s libs  "SHELL=CMD" "COMPILER=arm-xilinx-eabi-gcc" "ARCHIVER=arm-xilinx-eabi-ar" "COMPILER_FLAGS=  -O2 -c" "EXTRA_COMPILER_FLAGS=-g"
"Compiling devcfg"
"Running Make libs in ps7_cortexa9_0/libsrc/dmaps_v2_1/src"
make -C ps7_cortexa9_0/libsrc/dmaps_v2_1/src -s libs  "SHELL=CMD" "COMPILER=arm-xilinx-eabi-gcc" "ARCHIVER=arm-xilinx-eabi-ar" "COMPILER_FLAGS=  -O2 -c" "EXTRA_COMPILER_FLAGS=-g"
"Compiling dmaps"
"Running Make libs in ps7_cortexa9_0/libsrc/emacps_v3_0/src"
make -C ps7_cortexa9_0/libsrc/emacps_v3_0/src -s libs  "SHELL=CMD" "COMPILER=arm-xilinx-eabi-gcc" "ARCHIVER=arm-xilinx-eabi-ar" "COMPILER_FLAGS=  -O2 -c" "EXTRA_COMPILER_FLAGS=-g"
"Compiling emacps"
"Running Make libs in ps7_cortexa9_0/libsrc/iicps_v3_0/src"
make -C ps7_cortexa9_0/libsrc/iicps_v3_0/src -s libs  "SHELL=CMD" "COMPILER=arm-xilinx-eabi-gcc" "ARCHIVER=arm-xilinx-eabi-ar" "COMPILER_FLAGS=  -O2 -c" "EXTRA_COMPILER_FLAGS=-g"
"Compiling iicps"
"Running Make libs in ps7_cortexa9_0/libsrc/myGrayscale_v1_0/src"
make -C ps7_cortexa9_0/libsrc/myGrayscale_v1_0/src -s libs  "SHELL=CMD" "COMPILER=arm-xilinx-eabi-gcc" "ARCHIVER=arm-xilinx-eabi-ar" "COMPILER_FLAGS=  -O2 -c" "EXTRA_COMPILER_FLAGS=-g"
"Compiling myGrayscale..."
"Running Make libs in ps7_cortexa9_0/libsrc/qspips_v3_2/src"
make -C ps7_cortexa9_0/libsrc/qspips_v3_2/src -s libs  "SHELL=CMD" "COMPILER=arm-xilinx-eabi-gcc" "ARCHIVER=arm-xilinx-eabi-ar" "COMPILER_FLAGS=  -O2 -c" "EXTRA_COMPILER_FLAGS=-g"
"Compiling qspips"
"Running Make libs in ps7_cortexa9_0/libsrc/scugic_v3_0/src"
make -C ps7_cortexa9_0/libsrc/scugic_v3_0/src -s libs  "SHELL=CMD" "COMPILER=arm-xilinx-eabi-gcc" "ARCHIVER=arm-xilinx-eabi-ar" "COMPILER_FLAGS=  -O2 -c" "EXTRA_COMPILER_FLAGS=-g"
"Compiling scugic"
"Running Make libs in ps7_cortexa9_0/libsrc/scutimer_v2_1/src"
make -C ps7_cortexa9_0/libsrc/scutimer_v2_1/src -s libs  "SHELL=CMD" "COMPILER=arm-xilinx-eabi-gcc" "ARCHIVER=arm-xilinx-eabi-ar" "COMPILER_FLAGS=  -O2 -c" "EXTRA_COMPILER_FLAGS=-g"
"Compiling scutimer"
"Running Make libs in ps7_cortexa9_0/libsrc/scuwdt_v2_1/src"
make -C ps7_cortexa9_0/libsrc/scuwdt_v2_1/src -s libs  "SHELL=CMD" "COMPILER=arm-xilinx-eabi-gcc" "ARCHIVER=arm-xilinx-eabi-ar" "COMPILER_FLAGS=  -O2 -c" "EXTRA_COMPILER_FLAGS=-g"
"Compiling scuwdt"
"Running Make libs in ps7_cortexa9_0/libsrc/sdps_v2_4/src"
make -C ps7_cortexa9_0/libsrc/sdps_v2_4/src -s libs  "SHELL=CMD" "COMPILER=arm-xilinx-eabi-gcc" "ARCHIVER=arm-xilinx-eabi-ar" "COMPILER_FLAGS=  -O2 -c" "EXTRA_COMPILER_FLAGS=-g"
"Compiling sdps"
"Running Make libs in ps7_cortexa9_0/libsrc/standalone_v5_1/src"
make -C ps7_cortexa9_0/libsrc/standalone_v5_1/src -s libs  "SHELL=CMD" "COMPILER=arm-xilinx-eabi-gcc" "ARCHIVER=arm-xilinx-eabi-ar" "COMPILER_FLAGS=  -O2 -c" "EXTRA_COMPILER_FLAGS=-g"
"Compiling standalone"
"Running Make libs in ps7_cortexa9_0/libsrc/uartps_v3_0/src"
make -C ps7_cortexa9_0/libsrc/uartps_v3_0/src -s libs  "SHELL=CMD" "COMPILER=arm-xilinx-eabi-gcc" "ARCHIVER=arm-xilinx-eabi-ar" "COMPILER_FLAGS=  -O2 -c" "EXTRA_COMPILER_FLAGS=-g"
"Compiling uartps"
"Running Make libs in ps7_cortexa9_0/libsrc/usbps_v2_2/src"
make -C ps7_cortexa9_0/libsrc/usbps_v2_2/src -s libs  "SHELL=CMD" "COMPILER=arm-xilinx-eabi-gcc" "ARCHIVER=arm-xilinx-eabi-ar" "COMPILER_FLAGS=  -O2 -c" "EXTRA_COMPILER_FLAGS=-g"
"Compiling usbps"
"Running Make libs in ps7_cortexa9_0/libsrc/xadcps_v2_2/src"
make -C ps7_cortexa9_0/libsrc/xadcps_v2_2/src -s libs  "SHELL=CMD" "COMPILER=arm-xilinx-eabi-gcc" "ARCHIVER=arm-xilinx-eabi-ar" "COMPILER_FLAGS=  -O2 -c" "EXTRA_COMPILER_FLAGS=-g"
"Compiling xadcps"
'Finished building libraries'
18:07:22 **** Auto Build of configuration Debug for project photoFilter ****
make all 
'Building file: ../src/main.c'
'Invoking: ARM gcc compiler'
arm-xilinx-eabi-gcc -Wall -O0 -g3 -c -fmessage-length=0 -MT"src/main.o" -I../../photoFilter_bsp/ps7_cortexa9_0/include -MMD -MP -MF"src/main.d" -MT"src/main.d" -o "src/main.o" "../src/main.c"
../src/main.c: In function 'main':
../src/main.c:28:2: warning: implicit declaration of function 'XUartPs_RecvByte' [-Wimplicit-function-declaration]
  inp = XUartPs_RecvByte(MYGRAYSCALE_BASE);
  ^
../src/main.c:38:2: warning: 'LUMA' is used uninitialized in this function [-Wuninitialized]
  xil_printf("LUMA = %08X \r\n", LUMA);
  ^
'Finished building: ../src/main.c'
' '
'Building file: ../src/platform.c'
'Invoking: ARM gcc compiler'
arm-xilinx-eabi-gcc -Wall -O0 -g3 -c -fmessage-length=0 -MT"src/platform.o" -I../../photoFilter_bsp/ps7_cortexa9_0/include -MMD -MP -MF"src/platform.d" -MT"src/platform.d" -o "src/platform.o" "../src/platform.c"
'Finished building: ../src/platform.c'
' '
'Building target: photoFilter.elf'
'Invoking: ARM gcc linker'
arm-xilinx-eabi-gcc -Wl,-T -Wl,../src/lscript.ld -L../../photoFilter_bsp/ps7_cortexa9_0/lib -o "photoFilter.elf"  ./src/main.o ./src/platform.o   -Wl,--start-group,-lxil,-lgcc,-lc,--end-group
'Finished building target: photoFilter.elf'
' '
'Invoking: ARM Print Size'
arm-xilinx-eabi-size photoFilter.elf  |tee "photoFilter.elf.size"
   text	   data	    bss	    dec	    hex	filename
  25204	   1152	  22564	  48920	   bf18	photoFilter.elf
'Finished building: photoFilter.elf.size'
' '
18:14:56 **** Auto Build of configuration Debug for project photoFilter ****
make all 
'Building file: ../src/main.c'
'Invoking: ARM gcc compiler'
arm-xilinx-eabi-gcc -Wall -O0 -g3 -c -fmessage-length=0 -MT"src/main.o" -I../../photoFilter_bsp/ps7_cortexa9_0/include -MMD -MP -MF"src/main.d" -MT"src/main.d" -o "src/main.o" "../src/main.c"
../src/main.c:7:19: fatal error: xgpio.h: No such file or directory
 #include "xgpio.h"
                   ^
compilation terminated.
make: *** [src/main.o] Error 1
18:14:57 **** Incremental Build of configuration Debug for project photoFilter ****
make all 
'Building file: ../src/main.c'
'Invoking: ARM gcc compiler'
arm-xilinx-eabi-gcc -Wall -O0 -g3 -c -fmessage-length=0 -MT"src/main.o" -I../../photoFilter_bsp/ps7_cortexa9_0/include -MMD -MP -MF"src/main.d" -MT"src/main.d" -o "src/main.o" "../src/main.c"
../src/main.c:7:19: fatal error: xgpio.h: No such file or directory
 #include "xgpio.h"
                   ^
compilation terminated.
make: *** [src/main.o] Error 1
18:15:12 **** Auto Build of configuration Debug for project photoFilter ****
make all 
'Building file: ../src/main.c'
'Invoking: ARM gcc compiler'
arm-xilinx-eabi-gcc -Wall -O0 -g3 -c -fmessage-length=0 -MT"src/main.o" -I../../photoFilter_bsp/ps7_cortexa9_0/include -MMD -MP -MF"src/main.d" -MT"src/main.d" -o "src/main.o" "../src/main.c"
../src/main.c:7:25: fatal error: gpio_header.h: No such file or directory
 #include "gpio_header.h"
                         ^
compilation terminated.
make: *** [src/main.o] Error 1
18:15:13 **** Incremental Build of configuration Debug for project photoFilter ****
make all 
'Building file: ../src/main.c'
'Invoking: ARM gcc compiler'
arm-xilinx-eabi-gcc -Wall -O0 -g3 -c -fmessage-length=0 -MT"src/main.o" -I../../photoFilter_bsp/ps7_cortexa9_0/include -MMD -MP -MF"src/main.d" -MT"src/main.d" -o "src/main.o" "../src/main.c"
../src/main.c:7:25: fatal error: gpio_header.h: No such file or directory
 #include "gpio_header.h"
                         ^
compilation terminated.
make: *** [src/main.o] Error 1
18:15:22 **** Auto Build of configuration Debug for project photoFilter ****
make all 
'Building file: ../src/main.c'
'Invoking: ARM gcc compiler'
arm-xilinx-eabi-gcc -Wall -O0 -g3 -c -fmessage-length=0 -MT"src/main.o" -I../../photoFilter_bsp/ps7_cortexa9_0/include -MMD -MP -MF"src/main.d" -MT"src/main.d" -o "src/main.o" "../src/main.c"
../src/main.c:7:19: fatal error: xgpio.h: No such file or directory
 #include "xgpio.h"
                   ^
compilation terminated.
make: *** [src/main.o] Error 1
18:15:23 **** Incremental Build of configuration Debug for project photoFilter ****
make all 
'Building file: ../src/main.c'
'Invoking: ARM gcc compiler'
arm-xilinx-eabi-gcc -Wall -O0 -g3 -c -fmessage-length=0 -MT"src/main.o" -I../../photoFilter_bsp/ps7_cortexa9_0/include -MMD -MP -MF"src/main.d" -MT"src/main.d" -o "src/main.o" "../src/main.c"
../src/main.c:7:19: fatal error: xgpio.h: No such file or directory
 #include "xgpio.h"
                   ^
compilation terminated.
make: *** [src/main.o] Error 1
18:15:30 **** Auto Build of configuration Debug for project photoFilter ****
make all 
'Building file: ../src/main.c'
'Invoking: ARM gcc compiler'
arm-xilinx-eabi-gcc -Wall -O0 -g3 -c -fmessage-length=0 -MT"src/main.o" -I../../photoFilter_bsp/ps7_cortexa9_0/include -MMD -MP -MF"src/main.d" -MT"src/main.d" -o "src/main.o" "../src/main.c"
../src/main.c: In function 'main':
../src/main.c:28:2: warning: implicit declaration of function 'XUartPs_RecvByte' [-Wimplicit-function-declaration]
  inp = XUartPs_RecvByte(MYGRAYSCALE_BASE);
  ^
../src/main.c:38:2: warning: 'LUMA' is used uninitialized in this function [-Wuninitialized]
  xil_printf("LUMA = %08X \r\n", LUMA);
  ^
'Finished building: ../src/main.c'
' '
[...]
../src/main.c: At top level:
../src/image.h:18:21: warning: 'pictureRocks' defined but not used [-Wunused-variable]
 static unsigned int pictureRocks[]={0x24, 0x24, 0x48, 0x24, 0x24, 0x48, 0x68, 0x24, 0x24, 0x24, 0x24, 0x24, 0x44, 0x20, 0x44, 0x44, 0x48, 0x6C, 0x44, 0x20, 0x24, 0x44, 0x44, 0x24, 0x24, 0x6C, 0x68, 0x48, 0x44, 0x44, 0x44, 0x48,
                     ^
'Finished building: ../src/main.c'
' '
'Building target: imageFilter.elf'
'Invoking: ARM gcc linker'
arm-xilinx-eabi-gcc -Wl,-T -Wl,../src/lscript.ld -L../../imageFilter_bsp/ps7_cortexa9_0/lib -o "imageFilter.elf"  ./src/GaussianFilter.o ./src/Grayscale.o ./src/main.o   -Wl,--start-group,-lxil,-lgcc,-lc,--end-group
./src/main.o: In function `main':
C:\Users\mr_co_000\Documents\GitHub\ECE495\FinalProject\Filter\filter\filter.sdk\imageFilter\Debug/../src/main.c:24: undefined reference to `gaussianFilter'
collect2.exe: error: ld returned 1 exit status
make: *** [imageFilter.elf] Error 1
16:26:23 **** Auto Build of configuration Debug for project imageFilter ****
make all 
'Building file: ../src/main.c'
'Invoking: ARM gcc compiler'
arm-xilinx-eabi-gcc -Wall -O0 -g3 -c -fmessage-length=0 -MT"src/main.o" -I../../imageFilter_bsp/ps7_cortexa9_0/include -MMD -MP -MF"src/main.d" -MT"src/main.d" -o "src/main.o" "../src/main.c"
In file included from ../src/main.c:6:0:
../src/image.h:18:21: warning: 'pictureRocks' defined but not used [-Wunused-variable]
 static unsigned int pictureRocks[]={0x24, 0x24, 0x48, 0x24, 0x24, 0x48, 0x68, 0x24, 0x24, 0x24, 0x24, 0x24, 0x44, 0x20, 0x44, 0x44, 0x48, 0x6C, 0x44, 0x20, 0x24, 0x44, 0x44, 0x24, 0x24, 0x6C, 0x68, 0x48, 0x44, 0x44, 0x44, 0x48,
                     ^
'Finished building: ../src/main.c'
' '
'Building target: imageFilter.elf'
'Invoking: ARM gcc linker'
arm-xilinx-eabi-gcc -Wl,-T -Wl,../src/lscript.ld -L../../imageFilter_bsp/ps7_cortexa9_0/lib -o "imageFilter.elf"  ./src/GaussianFilter.o ./src/Grayscale.o ./src/main.o   -Wl,--start-group,-lxil,-lgcc,-lc,--end-group
'Finished building target: imageFilter.elf'
' '
'Invoking: ARM Print Size'
arm-xilinx-eabi-size imageFilter.elf  |tee "imageFilter.elf.size"
   text	   data	    bss	    dec	    hex	filename
  22936	 121152	  22564	 166652	  28afc	imageFilter.elf
'Finished building: imageFilter.elf.size'
' '
16:32:58 **** Auto Build of configuration Debug for project imageFilter ****
make all 
'Building file: ../src/Grayscale.c'
'Invoking: ARM gcc compiler'
arm-xilinx-eabi-gcc -Wall -O0 -g3 -c -fmessage-length=0 -MT"src/Grayscale.o" -I../../imageFilter_bsp/ps7_cortexa9_0/include -MMD -MP -MF"src/Grayscale.d" -MT"src/Grayscale.d" -o "src/Grayscale.o" "../src/Grayscale.c"
../src/Grayscale.c:21:11: error: expected '=', ',', ';', 'asm' or '__attribute__' before 'grayscaleFilter'
 u8 output grayscaleFilter(unsigned int PHOTO_HEIGHT, unsigned int PHOTO_LENGTH, u32 Rp, u32 Gp, u32 Bp){
           ^
In file included from ../src/Grayscale.c:8:0:
../src/image.h:18:21: warning: 'pictureRocks' defined but not used [-Wunused-variable]
 static unsigned int pictureRocks[]={0x24, 0x24, 0x48, 0x24, 0x24, 0x48, 0x68, 0x24, 0x24, 0x24, 0x24, 0x24, 0x44, 0x20, 0x44, 0x44, 0x48, 0x6C, 0x44, 0x20, 0x24, 0x44, 0x44, 0x24, 0x24, 0x6C, 0x68, 0x48, 0x44, 0x44, 0x44, 0x48,
                     ^
make: *** [src/Grayscale.o] Error 1
16:38:02 **** Auto Build of configuration Debug for project imageFilter ****
make all 
'Building file: ../src/Grayscale.c'
'Invoking: ARM gcc compiler'
arm-xilinx-eabi-gcc -Wall -O0 -g3 -c -fmessage-length=0 -MT"src/Grayscale.o" -I../../imageFilter_bsp/ps7_cortexa9_0/include -MMD -MP -MF"src/Grayscale.d" -MT"src/Grayscale.d" -o "src/Grayscale.o" "../src/Grayscale.c"
../src/Grayscale.c:21:5: error: conflicting types for 'grayscaleFilter'
 u16 grayscaleFilter(unsigned int PHOTO_HEIGHT, unsigned int PHOTO_LENGTH, u32 Rp, u32 Gp, u32 Bp){
     ^
In file included from ../src/Grayscale.c:8:0:
../src/image.h:12:6: note: previous declaration of 'grayscaleFilter' was here
 void grayscaleFilter(unsigned int PHOTO_HEIGHT, unsigned int PHOTO_LENGTH, u32 Rp, u32 Gp, u32 Bp);
      ^
../src/Grayscale.c: In function 'grayscaleFilter':
../src/Grayscale.c:63:1: warning: control reaches end of non-void function [-Wreturn-type]
 }
 ^
make: *** [src/Grayscale.o] Error 1
16:38:38 **** Auto Build of configuration Debug for project imageFilter ****
make all 
'Building file: ../src/Grayscale.c'
'Invoking: ARM gcc compiler'
arm-xilinx-eabi-gcc -Wall -O0 -g3 -c -fmessage-length=0 -MT"src/Grayscale.o" -I../../imageFilter_bsp/ps7_cortexa9_0/include -MMD -MP -MF"src/Grayscale.d" -MT"src/Grayscale.d" -o "src/Grayscale.o" "../src/Grayscale.c"
'Finished building: ../src/Grayscale.c'
' '
'Building target: imageFilter.elf'
'Invoking: ARM gcc linker'
arm-xilinx-eabi-gcc -Wl,-T -Wl,../src/lscript.ld -L../../imageFilter_bsp/ps7_cortexa9_0/lib -o "imageFilter.elf"  ./src/GaussianFilter.o ./src/Grayscale.o ./src/main.o   -Wl,--start-group,-lxil,-lgcc,-lc,--end-group
'Finished building target: imageFilter.elf'
' '
'Invoking: ARM Print Size'
arm-xilinx-eabi-size imageFilter.elf  |tee "imageFilter.elf.size"
   text	   data	    bss	    dec	    hex	filename
  22936	 121152	  22564	 166652	  28afc	imageFilter.elf
'Finished building: imageFilter.elf.size'
' '
16:51:15 **** Auto Build of configuration Debug for project imageFilter ****
make all 
'Building file: ../src/Grayscale.c'
'Invoking: ARM gcc compiler'
arm-xilinx-eabi-gcc -Wall -O0 -g3 -c -fmessage-length=0 -MT"src/Grayscale.o" -I../../imageFilter_bsp/ps7_cortexa9_0/include -MMD -MP -MF"src/Grayscale.d" -MT"src/Grayscale.d" -o "src/Grayscale.o" "../src/Grayscale.c"
../src/Grayscale.c:21:5: error: conflicting types for 'grayscaleFilter'
 u16 grayscaleFilter(unsigned int PHOTO_HEIGHT, unsigned int PHOTO_LENGTH, u32 Rp, u32 Gp, u32 Bp){
     ^
In file included from ../src/Grayscale.c:8:0:
../src/image.h:12:6: note: previous declaration of 'grayscaleFilter' was here
 void grayscaleFilter(unsigned int PHOTO_HEIGHT, unsigned int PHOTO_LENGTH, u32 Rp, u32 Gp, u32 Bp);
      ^
../src/Grayscale.c: In function 'grayscaleFilter':
../src/Grayscale.c:63:1: warning: control reaches end of non-void function [-Wreturn-type]
 }
 ^
make: *** [src/Grayscale.o] Error 1
16:51:26 **** Auto Build of configuration Debug for project imageFilter ****
make all 
'Building file: ../src/GaussianFilter.c'
'Invoking: ARM gcc compiler'
arm-xilinx-eabi-gcc -Wall -O0 -g3 -c -fmessage-length=0 -MT"src/GaussianFilter.o" -I../../imageFilter_bsp/ps7_cortexa9_0/include -MMD -MP -MF"src/GaussianFilter.d" -MT"src/GaussianFilter.d" -o "src/GaussianFilter.o" "../src/GaussianFilter.c"
In file included from ../src/GaussianFilter.c:7:0:
../src/image.h:18:21: warning: 'pictureRocks' defined but not used [-Wunused-variable]
 static unsigned int pictureRocks[]={0x24, 0x24, 0x48, 0x24, 0x24, 0x48, 0x68, 0x24, 0x24, 0x24, 0x24, 0x24, 0x44, 0x20, 0x44, 0x44, 0x48, 0x6C, 0x44, 0x20, 0x24, 0x44, 0x44, 0x24, 0x24, 0x6C, 0x68, 0x48, 0x44, 0x44, 0x44, 0x48,
                     ^
'Finished building: ../src/GaussianFilter.c'
' '
'Building file: ../src/Grayscale.c'
'Invoking: ARM gcc compiler'
arm-xilinx-eabi-gcc -Wall -O0 -g3 -c -fmessage-length=0 -MT"src/Grayscale.o" -I../../imageFilter_bsp/ps7_cortexa9_0/include -MMD -MP -MF"src/Grayscale.d" -MT"src/Grayscale.d" -o "src/Grayscale.o" "../src/Grayscale.c"
../src/Grayscale.c: In function 'grayscaleFilter':
../src/Grayscale.c:63:1: warning: control reaches end of non-void function [-Wreturn-type]
 }
 ^
'Finished building: ../src/Grayscale.c'
' '
'Building file: ../src/main.c'
'Invoking: ARM gcc compiler'
arm-xilinx-eabi-gcc -Wall -O0 -g3 -c -fmessage-length=0 -MT"src/main.o" -I../../imageFilter_bsp/ps7_cortexa9_0/include -MMD -MP -MF"src/main.d" -MT"src/main.d" -o "src/main.o" "../src/main.c"
In file included from ../src/main.c:6:0:
../src/image.h:18:21: warning: 'pictureRocks' defined but not used [-Wunused-variable]
 static unsigned int pictureRocks[]={0x24, 0x24, 0x48, 0x24, 0x24, 0x48, 0x68, 0x24, 0x24, 0x24, 0x24, 0x24, 0x44, 0x20, 0x44, 0x44, 0x48, 0x6C, 0x44, 0x20, 0x24, 0x44, 0x44, 0x24, 0x24, 0x6C, 0x68, 0x48, 0x44, 0x44, 0x44, 0x48,
                     ^
'Finished building: ../src/main.c'
' '
'Building target: imageFilter.elf'
'Invoking: ARM gcc linker'
arm-xilinx-eabi-gcc -Wl,-T -Wl,../src/lscript.ld -L../../imageFilter_bsp/ps7_cortexa9_0/lib -o "imageFilter.elf"  ./src/GaussianFilter.o ./src/Grayscale.o ./src/main.o   -Wl,--start-group,-lxil,-lgcc,-lc,--end-group
'Finished building target: imageFilter.elf'
' '
'Invoking: ARM Print Size'
arm-xilinx-eabi-size imageFilter.elf  |tee "imageFilter.elf.size"
   text	   data	    bss	    dec	    hex	filename
  19876	 121152	  22564	 163592	  27f08	imageFilter.elf
'Finished building: imageFilter.elf.size'
' '
16:51:50 **** Auto Build of configuration Debug for project imageFilter ****
make all 
'Building file: ../src/main.c'
'Invoking: ARM gcc compiler'
arm-xilinx-eabi-gcc -Wall -O0 -g3 -c -fmessage-length=0 -MT"src/main.o" -I../../imageFilter_bsp/ps7_cortexa9_0/include -MMD -MP -MF"src/main.d" -MT"src/main.d" -o "src/main.o" "../src/main.c"
../src/main.c: In function 'main':
../src/main.c:14:6: warning: variable 'output' set but not used [-Wunused-but-set-variable]
  u16 output;
      ^
In file included from ../src/main.c:6:0:
../src/main.c: At top level:
../src/image.h:18:21: warning: 'pictureRocks' defined but not used [-Wunused-variable]
 static unsigned int pictureRocks[]={0x24, 0x24, 0x48, 0x24, 0x24, 0x48, 0x68, 0x24, 0x24, 0x24, 0x24, 0x24, 0x44, 0x20, 0x44, 0x44, 0x48, 0x6C, 0x44, 0x20, 0x24, 0x44, 0x44, 0x24, 0x24, 0x6C, 0x68, 0x48, 0x44, 0x44, 0x44, 0x48,
                     ^
'Finished building: ../src/main.c'
' '
'Building target: imageFilter.elf'
'Invoking: ARM gcc linker'
arm-xilinx-eabi-gcc -Wl,-T -Wl,../src/lscript.ld -L../../imageFilter_bsp/ps7_cortexa9_0/lib -o "imageFilter.elf"  ./src/GaussianFilter.o ./src/Grayscale.o ./src/main.o   -Wl,--start-group,-lxil,-lgcc,-lc,--end-group
'Finished building target: imageFilter.elf'
' '
'Invoking: ARM Print Size'
arm-xilinx-eabi-size imageFilter.elf  |tee "imageFilter.elf.size"
   text	   data	    bss	    dec	    hex	filename
  19884	 121152	  22564	 163600	  27f10	imageFilter.elf
'Finished building: imageFilter.elf.size'
' '
16:52:12 **** Auto Build of configuration Debug for project imageFilter ****
make all 
'Building file: ../src/main.c'
'Invoking: ARM gcc compiler'
arm-xilinx-eabi-gcc -Wall -O0 -g3 -c -fmessage-length=0 -MT"src/main.o" -I../../imageFilter_bsp/ps7_cortexa9_0/include -MMD -MP -MF"src/main.d" -MT"src/main.d" -o "src/main.o" "../src/main.c"
../src/main.c: In function 'main':
../src/main.c:25:2: warning: implicit declaration of function 'xil_printf' [-Wimplicit-function-declaration]
  xil_printf("%02X \r\n", output);
  ^
In file included from ../src/main.c:6:0:
../src/main.c: At top level:
../src/image.h:18:21: warning: 'pictureRocks' defined but not used [-Wunused-variable]
 static unsigned int pictureRocks[]={0x24, 0x24, 0x48, 0x24, 0x24, 0x48, 0x68, 0x24, 0x24, 0x24, 0x24, 0x24, 0x44, 0x20, 0x44, 0x44, 0x48, 0x6C, 0x44, 0x20, 0x24, 0x44, 0x44, 0x24, 0x24, 0x6C, 0x68, 0x48, 0x44, 0x44, 0x44, 0x48,
                     ^
'Finished building: ../src/main.c'
' '
'Building target: imageFilter.elf'
'Invoking: ARM gcc linker'
arm-xilinx-eabi-gcc -Wl,-T -Wl,../src/lscript.ld -L../../imageFilter_bsp/ps7_cortexa9_0/lib -o "imageFilter.elf"  ./src/GaussianFilter.o ./src/Grayscale.o ./src/main.o   -Wl,--start-group,-lxil,-lgcc,-lc,--end-group
'Finished building target: imageFilter.elf'
' '
'Invoking: ARM Print Size'
arm-xilinx-eabi-size imageFilter.elf  |tee "imageFilter.elf.size"
   text	   data	    bss	    dec	    hex	filename
  22864	 121152	  22564	 166580	  28ab4	imageFilter.elf
'Finished building: imageFilter.elf.size'
' '
16:53:05 **** Auto Build of configuration Debug for project imageFilter ****
make all 
'Building file: ../src/main.c'
'Invoking: ARM gcc compiler'
arm-xilinx-eabi-gcc -Wall -O0 -g3 -c -fmessage-length=0 -MT"src/main.o" -I../../imageFilter_bsp/ps7_cortexa9_0/include -MMD -MP -MF"src/main.d" -MT"src/main.d" -o "src/main.o" "../src/main.c"
In file included from ../src/main.c:6:0:
../src/image.h:18:21: warning: 'pictureRocks' defined but not used [-Wunused-variable]
 static unsigned int pictureRocks[]={0x24, 0x24, 0x48, 0x24, 0x24, 0x48, 0x68, 0x24, 0x24, 0x24, 0x24, 0x24, 0x44, 0x20, 0x44, 0x44, 0x48, 0x6C, 0x44, 0x20, 0x24, 0x44, 0x44, 0x24, 0x24, 0x6C, 0x68, 0x48, 0x44, 0x44, 0x44, 0x48,
                     ^
'Finished building: ../src/main.c'
' '
'Building target: imageFilter.elf'
'Invoking: ARM gcc linker'
arm-xilinx-eabi-gcc -Wl,-T -Wl,../src/lscript.ld -L../../imageFilter_bsp/ps7_cortexa9_0/lib -o "imageFilter.elf"  ./src/GaussianFilter.o ./src/Grayscale.o ./src/main.o   -Wl,--start-group,-lxil,-lgcc,-lc,--end-group
'Finished building target: imageFilter.elf'
' '
'Invoking: ARM Print Size'
arm-xilinx-eabi-size imageFilter.elf  |tee "imageFilter.elf.size"
   text	   data	    bss	    dec	    hex	filename
  22864	 121152	  22564	 166580	  28ab4	imageFilter.elf
'Finished building: imageFilter.elf.size'
' '
16:53:13 **** Incremental Build of configuration Debug for project filter2 ****
make all 
make: Nothing to be done for `all'.
16:53:14 **** Incremental Build of configuration Debug for project imageFilter ****
make all 
make: Nothing to be done for `all'.
16:53:58 **** Incremental Build of configuration Debug for project filter2 ****
make all 
make: Nothing to be done for `all'.
16:53:58 **** Incremental Build of configuration Debug for project imageFilter ****
make all 
make: Nothing to be done for `all'.
16:54:33 **** Incremental Build of configuration Debug for project filter2 ****
make all 
make: Nothing to be done for `all'.
16:54:33 **** Incremental Build of configuration Debug for project imageFilter ****
make all 
make: Nothing to be done for `all'.
16:55:16 **** Incremental Build of configuration Debug for project filter2 ****
make all 
make: Nothing to be done for `all'.
16:55:16 **** Incremental Build of configuration Debug for project imageFilter ****
make all 
make: Nothing to be done for `all'.
16:56:14 **** Incremental Build of configuration Debug for project filter2 ****
make all 
make: Nothing to be done for `all'.
16:56:14 **** Incremental Build of configuration Debug for project imageFilter ****
make all 
make: Nothing to be done for `all'.
16:56:53 **** Auto Build of configuration Debug for project imageFilter ****
make all 
'Building file: ../src/Grayscale.c'
'Invoking: ARM gcc compiler'
arm-xilinx-eabi-gcc -Wall -O0 -g3 -c -fmessage-length=0 -MT"src/Grayscale.o" -I../../imageFilter_bsp/ps7_cortexa9_0/include -MMD -MP -MF"src/Grayscale.d" -MT"src/Grayscale.d" -o "src/Grayscale.o" "../src/Grayscale.c"
../src/Grayscale.c: In function 'grayscaleFilter':
../src/Grayscale.c:65:1: warning: control reaches end of non-void function [-Wreturn-type]
 }
 ^
'Finished building: ../src/Grayscale.c'
' '
'Building target: imageFilter.elf'
'Invoking: ARM gcc linker'
arm-xilinx-eabi-gcc -Wl,-T -Wl,../src/lscript.ld -L../../imageFilter_bsp/ps7_cortexa9_0/lib -o "imageFilter.elf"  ./src/GaussianFilter.o ./src/Grayscale.o ./src/main.o   -Wl,--start-group,-lxil,-lgcc,-lc,--end-group
'Finished building target: imageFilter.elf'
' '
'Invoking: ARM Print Size'
arm-xilinx-eabi-size imageFilter.elf  |tee "imageFilter.elf.size"
   text	   data	    bss	    dec	    hex	filename
  22864	 121152	  22564	 166580	  28ab4	imageFilter.elf
'Finished building: imageFilter.elf.size'
' '
16:56:58 **** Incremental Build of configuration Debug for project filter2 ****
make all 
make: Nothing to be done for `all'.
16:56:58 **** Incremental Build of configuration Debug for project imageFilter ****
make all 
make: Nothing to be done for `all'.
16:57:18 **** Auto Build of configuration Debug for project imageFilter ****
make all 
'Building file: ../src/Grayscale.c'
'Invoking: ARM gcc compiler'
arm-xilinx-eabi-gcc -Wall -O0 -g3 -c -fmessage-length=0 -MT"src/Grayscale.o" -I../../imageFilter_bsp/ps7_cortexa9_0/include -MMD -MP -MF"src/Grayscale.d" -MT"src/Grayscale.d" -o "src/Grayscale.o" "../src/Grayscale.c"
../src/Grayscale.c:21:6: error: conflicting types for 'grayscaleFilter'
 void grayscaleFilter(unsigned int PHOTO_HEIGHT, unsigned int PHOTO_LENGTH, u32 Rp, u32 Gp, u32 Bp){
      ^
In file included from ../src/Grayscale.c:8:0:
../src/image.h:12:5: note: previous declaration of 'grayscaleFilter' was here
 u16 grayscaleFilter(unsigned int PHOTO_HEIGHT, unsigned int PHOTO_LENGTH, u32 Rp, u32 Gp, u32 Bp);
     ^
make: *** [src/Grayscale.o] Error 1
16:57:24 **** Auto Build of configuration Debug for project imageFilter ****
make all 
'Building file: ../src/GaussianFilter.c'
'Invoking: ARM gcc compiler'
arm-xilinx-eabi-gcc -Wall -O0 -g3 -c -fmessage-length=0 -MT"src/GaussianFilter.o" -I../../imageFilter_bsp/ps7_cortexa9_0/include -MMD -MP -MF"src/GaussianFilter.d" -MT"src/GaussianFilter.d" -o "src/GaussianFilter.o" "../src/GaussianFilter.c"
In file included from ../src/GaussianFilter.c:7:0:
../src/image.h:18:21: warning: 'pictureRocks' defined but not used [-Wunused-variable]
 static unsigned int pictureRocks[]={0x24, 0x24, 0x48, 0x24, 0x24, 0x48, 0x68, 0x24, 0x24, 0x24, 0x24, 0x24, 0x44, 0x20, 0x44, 0x44, 0x48, 0x6C, 0x44, 0x20, 0x24, 0x44, 0x44, 0x24, 0x24, 0x6C, 0x68, 0x48, 0x44, 0x44, 0x44, 0x48,
                     ^
'Finished building: ../src/GaussianFilter.c'
' '
'Building file: ../src/Grayscale.c'
'Invoking: ARM gcc compiler'
arm-xilinx-eabi-gcc -Wall -O0 -g3 -c -fmessage-length=0 -MT"src/Grayscale.o" -I../../imageFilter_bsp/ps7_cortexa9_0/include -MMD -MP -MF"src/Grayscale.d" -MT"src/Grayscale.d" -o "src/Grayscale.o" "../src/Grayscale.c"
'Finished building: ../src/Grayscale.c'
' '
'Building file: ../src/main.c'
'Invoking: ARM gcc compiler'
arm-xilinx-eabi-gcc -Wall -O0 -g3 -c -fmessage-length=0 -MT"src/main.o" -I../../imageFilter_bsp/ps7_cortexa9_0/include -MMD -MP -MF"src/main.d" -MT"src/main.d" -o "src/main.o" "../src/main.c"
../src/main.c: In function 'main':
../src/main.c:26:9: error: void value not ignored as it ought to be
  output = grayscaleFilter(PHOTO_HEIGHT, PHOTO_LENGTH, Rp, Gp, Bp);
         ^
In file included from ../src/main.c:6:0:
../src/main.c: At top level:
../src/image.h:18:21: warning: 'pictureRocks' defined but not used [-Wunused-variable]
 static unsigned int pictureRocks[]={0x24, 0x24, 0x48, 0x24, 0x24, 0x48, 0x68, 0x24, 0x24, 0x24, 0x24, 0x24, 0x44, 0x20, 0x44, 0x44, 0x48, 0x6C, 0x44, 0x20, 0x24, 0x44, 0x44, 0x24, 0x24, 0x6C, 0x68, 0x48, 0x44, 0x44, 0x44, 0x48,
                     ^
make: *** [src/main.o] Error 1
16:57:32 **** Auto Build of configuration Debug for project imageFilter ****
make all 
'Building file: ../src/main.c'
'Invoking: ARM gcc compiler'
arm-xilinx-eabi-gcc -Wall -O0 -g3 -c -fmessage-length=0 -MT"src/main.o" -I../../imageFilter_bsp/ps7_cortexa9_0/include -MMD -MP -MF"src/main.d" -MT"src/main.d" -o "src/main.o" "../src/main.c"
In file included from ../src/main.c:6:0:
../src/image.h:18:21: warning: 'pictureRocks' defined but not used [-Wunused-variable]
 static unsigned int pictureRocks[]={0x24, 0x24, 0x48, 0x24, 0x24, 0x48, 0x68, 0x24, 0x24, 0x24, 0x24, 0x24, 0x44, 0x20, 0x44, 0x44, 0x48, 0x6C, 0x44, 0x20, 0x24, 0x44, 0x44, 0x24, 0x24, 0x6C, 0x68, 0x48, 0x44, 0x44, 0x44, 0x48,
                     ^
'Finished building: ../src/main.c'
' '
'Building target: imageFilter.elf'
'Invoking: ARM gcc linker'
arm-xilinx-eabi-gcc -Wl,-T -Wl,../src/lscript.ld -L../../imageFilter_bsp/ps7_cortexa9_0/lib -o "imageFilter.elf"  ./src/GaussianFilter.o ./src/Grayscale.o ./src/main.o   -Wl,--start-group,-lxil,-lgcc,-lc,--end-group
'Finished building target: imageFilter.elf'
' '
'Invoking: ARM Print Size'
arm-xilinx-eabi-size imageFilter.elf  |tee "imageFilter.elf.size"
   text	   data	    bss	    dec	    hex	filename
  22936	 121152	  22564	 166652	  28afc	imageFilter.elf
'Finished building: imageFilter.elf.size'
' '
