18:21:57 **** Build of configuration Debug for project photoFilter ****
make all 
'Building file: ../src/main.c'
'Invoking: ARM gcc compiler'
arm-xilinx-eabi-gcc -Wall -O0 -g3 -c -fmessage-length=0 -MT"src/main.o" -I../../photoFilter_bsp/ps7_cortexa9_0/include -MMD -MP -MF"src/main.d" -MT"src/main.d" -o "src/main.o" "../src/main.c"
../src/main.c: In function 'main':
../src/main.c:28:2: warning: implicit declaration of function 'XUartPs_RecvByte' [-Wimplicit-function-declaration]
  inp = XUartPs_RecvByte(MYGRAYSCALE_BASE);
  ^
../src/main.c:38:2: warning: 'LUMA' is used uninitialized in this function [-Wuninitialized]
  xil_printf("LUMA = %08X \r\n", LUMA);
  ^
'Finished building: ../src/main.c'
' '
'Building file: ../src/platform.c'
'Invoking: ARM gcc compiler'
arm-xilinx-eabi-gcc -Wall -O0 -g3 -c -fmessage-length=0 -MT"src/platform.o" -I../../photoFilter_bsp/ps7_cortexa9_0/include -MMD -MP -MF"src/platform.d" -MT"src/platform.d" -o "src/platform.o" "../src/platform.c"
'Finished building: ../src/platform.c'
' '
'Building target: photoFilter.elf'
'Invoking: ARM gcc linker'
arm-xilinx-eabi-gcc -Wl,-T -Wl,../src/lscript.ld -L../../photoFilter_bsp/ps7_cortexa9_0/lib -o "photoFilter.elf"  ./src/main.o ./src/platform.o   -Wl,--start-group,-lxil,-lgcc,-lc,--end-group
'Finished building target: photoFilter.elf'
' '
'Invoking: ARM Print Size'
arm-xilinx-eabi-size photoFilter.elf  |tee "photoFilter.elf.size"
   text	   data	    bss	    dec	    hex	filename
  25204	   1152	  22564	  48920	   bf18	photoFilter.elf
'Finished building: photoFilter.elf.size'
' '

18:21:58 Build Finished (took 1s.264ms)

