#-----------------------------------------------------------
# Vivado v2015.2 (64-bit)
# SW Build 1266856 on Fri Jun 26 16:35:25 MDT 2015
# IP Build 1264090 on Wed Jun 24 14:22:01 MDT 2015
# Start of session at: Mon Nov 23 14:47:28 2015
# Process ID: 11168
# Log file: C:/Users/mr_co_000/Documents/GitHub/ECE495/Lab/Lab5/ip_repo/vivado.log
# Journal file: C:/Users/mr_co_000/Documents/GitHub/ECE495/Lab/Lab5/ip_repo\vivado.jou
#-----------------------------------------------------------
start_gui
open_project C:/Users/mr_co_000/Documents/GitHub/ECE495/Lab/Lab5/ip_repo/edit_myCORDIC_full_v1_0.xpr
update_compile_order -fileset sources_1
update_compile_order -fileset sources_1
update_compile_order -fileset sources_1
update_compile_order -fileset sources_1
set_property is_enabled false [get_files  C:/Users/mr_co_000/Documents/GitHub/ECE495/Lab/Lab5/ip_repo/myCORDIC_full_1.0/hdl/dct_ip.vhd]
set_property is_enabled false [get_files  C:/Users/mr_co_000/Documents/GitHub/ECE495/Lab/Lab5/ip_repo/myCORDIC_full_1.0/hdl/fsm_onetrans.vhd]
set_property is_enabled false [get_files  C:/Users/mr_co_000/Documents/GitHub/ECE495/Lab/Lab5/ip_repo/myCORDIC_full_1.0/hdl/my_counter.vhd]
reset_run synth_1
launch_runs synth_1
wait_on_run synth_1
reset_run synth_1
launch_runs synth_1
wait_on_run synth_1
reset_run synth_1
launch_runs synth_1
wait_on_run synth_1
reset_run synth_1
launch_runs synth_1
wait_on_run synth_1
reset_run synth_1
launch_runs synth_1
wait_on_run synth_1
set_property is_enabled true [get_files  C:/Users/mr_co_000/Documents/GitHub/ECE495/Lab/Lab5/ip_repo/myCORDIC_full_1.0/hdl/my_counter.vhd]
update_compile_order -fileset sources_1
set_property is_enabled false [get_files  C:/Users/mr_co_000/Documents/GitHub/ECE495/Lab/Lab5/ip_repo/myCORDIC_full_1.0/hdl/my_counter.vhd]
update_compile_order -fileset sources_1
set_property is_enabled true [get_files  C:/Users/mr_co_000/Documents/GitHub/ECE495/Lab/Lab5/ip_repo/myCORDIC_full_1.0/hdl/my_counter.vhd]
update_compile_order -fileset sources_1
update_compile_order -fileset sources_1
update_compile_order -fileset sources_1
