18:23:28 **** Build of project LED_test_bsp ****
make -k all 
Running Make include in ps7_cortexa9_0/libsrc/coresightps_dcc_v1_0/src
make -C ps7_cortexa9_0/libsrc/coresightps_dcc_v1_0/src -s include  "SHELL=/bin/sh" "COMPILER=arm-xilinx-eabi-gcc" "ARCHIVER=arm-xilinx-eabi-ar" "COMPILER_FLAGS=  -O2 -c" "EXTRA_COMPILER_FLAGS=-g"
Running Make include in ps7_cortexa9_0/libsrc/standalone_v5_1/src
make -C ps7_cortexa9_0/libsrc/standalone_v5_1/src -s include  "SHELL=/bin/sh" "COMPILER=arm-xilinx-eabi-gcc" "ARCHIVER=arm-xilinx-eabi-ar" "COMPILER_FLAGS=  -O2 -c" "EXTRA_COMPILER_FLAGS=-g"
Running Make include in ps7_cortexa9_0/libsrc/cpu_cortexa9_v2_1/src
make -C ps7_cortexa9_0/libsrc/cpu_cortexa9_v2_1/src -s include  "SHELL=/bin/sh" "COMPILER=arm-xilinx-eabi-gcc" "ARCHIVER=arm-xilinx-eabi-ar" "COMPILER_FLAGS=  -O2 -c" "EXTRA_COMPILER_FLAGS=-g"
Running Make include in ps7_cortexa9_0/libsrc/sdps_v2_4/src
make -C ps7_cortexa9_0/libsrc/sdps_v2_4/src -s include  "SHELL=/bin/sh" "COMPILER=arm-xilinx-eabi-gcc" "ARCHIVER=arm-xilinx-eabi-ar" "COMPILER_FLAGS=  -O2 -c" "EXTRA_COMPILER_FLAGS=-g"
Running Make include in ps7_cortexa9_0/libsrc/devcfg_v3_3/src
make -C ps7_cortexa9_0/libsrc/devcfg_v3_3/src -s include  "SHELL=/bin/sh" "COMPILER=arm-xilinx-eabi-gcc" "ARCHIVER=arm-xilinx-eabi-ar" "COMPILER_FLAGS=  -O2 -c" "EXTRA_COMPILER_FLAGS=-g"
Running Make include in ps7_cortexa9_0/libsrc/xadcps_v2_2/src
make -C ps7_cortexa9_0/libsrc/xadcps_v2_2/src -s include  "SHELL=/bin/sh" "COMPILER=arm-xilinx-eabi-gcc" "ARCHIVER=arm-xilinx-eabi-ar" "COMPILER_FLAGS=  -O2 -c" "EXTRA_COMPILER_FLAGS=-g"
Running Make include in ps7_cortexa9_0/libsrc/emacps_v3_0/src
make -C ps7_cortexa9_0/libsrc/emacps_v3_0/src -s include  "SHELL=/bin/sh" "COMPILER=arm-xilinx-eabi-gcc" "ARCHIVER=arm-xilinx-eabi-ar" "COMPILER_FLAGS=  -O2 -c" "EXTRA_COMPILER_FLAGS=-g"
Running Make include in ps7_cortexa9_0/libsrc/dmaps_v2_1/src
make -C ps7_cortexa9_0/libsrc/dmaps_v2_1/src -s include  "SHELL=/bin/sh" "COMPILER=arm-xilinx-eabi-gcc" "ARCHIVER=arm-xilinx-eabi-ar" "COMPILER_FLAGS=  -O2 -c" "EXTRA_COMPILER_FLAGS=-g"
Running Make include in ps7_cortexa9_0/libsrc/scugic_v3_0/src
make -C ps7_cortexa9_0/libsrc/scugic_v3_0/src -s include  "SHELL=/bin/sh" "COMPILER=arm-xilinx-eabi-gcc" "ARCHIVER=arm-xilinx-eabi-ar" "COMPILER_FLAGS=  -O2 -c" "EXTRA_COMPILER_FLAGS=-g"
Running Make include in ps7_cortexa9_0/libsrc/scuwdt_v2_1/src
make -C ps7_cortexa9_0/libsrc/scuwdt_v2_1/src -s include  "SHELL=/bin/sh" "COMPILER=arm-xilinx-eabi-gcc" "ARCHIVER=arm-xilinx-eabi-ar" "COMPILER_FLAGS=  -O2 -c" "EXTRA_COMPILER_FLAGS=-g"
Running Make include in ps7_cortexa9_0/libsrc/iicps_v3_0/src
make -C ps7_cortexa9_0/libsrc/iicps_v3_0/src -s include  "SHELL=/bin/sh" "COMPILER=arm-xilinx-eabi-gcc" "ARCHIVER=arm-xilinx-eabi-ar" "COMPILER_FLAGS=  -O2 -c" "EXTRA_COMPILER_FLAGS=-g"
Running Make include in ps7_cortexa9_0/libsrc/usbps_v2_2/src
make -C ps7_cortexa9_0/libsrc/usbps_v2_2/src -s include  "SHELL=/bin/sh" "COMPILER=arm-xilinx-eabi-gcc" "ARCHIVER=arm-xilinx-eabi-ar" "COMPILER_FLAGS=  -O2 -c" "EXTRA_COMPILER_FLAGS=-g"
Running Make include in ps7_cortexa9_0/libsrc/gpio_v4_0/src
make -C ps7_cortexa9_0/libsrc/gpio_v4_0/src -s include  "SHELL=/bin/sh" "COMPILER=arm-xilinx-eabi-gcc" "ARCHIVER=arm-xilinx-eabi-ar" "COMPILER_FLAGS=  -O2 -c" "EXTRA_COMPILER_FLAGS=-g"
Running Make include in ps7_cortexa9_0/libsrc/scutimer_v2_1/src
make -C ps7_cortexa9_0/libsrc/scutimer_v2_1/src -s include  "SHELL=/bin/sh" "COMPILER=arm-xilinx-eabi-gcc" "ARCHIVER=arm-xilinx-eabi-ar" "COMPILER_FLAGS=  -O2 -c" "EXTRA_COMPILER_FLAGS=-g"
Running Make include in ps7_cortexa9_0/libsrc/qspips_v3_2/src
make -C ps7_cortexa9_0/libsrc/qspips_v3_2/src -s include  "SHELL=/bin/sh" "COMPILER=arm-xilinx-eabi-gcc" "ARCHIVER=arm-xilinx-eabi-ar" "COMPILER_FLAGS=  -O2 -c" "EXTRA_COMPILER_FLAGS=-g"
Running Make include in ps7_cortexa9_0/libsrc/uartps_v3_0/src
make -C ps7_cortexa9_0/libsrc/uartps_v3_0/src -s include  "SHELL=/bin/sh" "COMPILER=arm-xilinx-eabi-gcc" "ARCHIVER=arm-xilinx-eabi-ar" "COMPILER_FLAGS=  -O2 -c" "EXTRA_COMPILER_FLAGS=-g"
Running Make libs in ps7_cortexa9_0/libsrc/coresightps_dcc_v1_0/src
make -C ps7_cortexa9_0/libsrc/coresightps_dcc_v1_0/src -s libs  "SHELL=/bin/sh" "COMPILER=arm-xilinx-eabi-gcc" "ARCHIVER=arm-xilinx-eabi-ar" "COMPILER_FLAGS=  -O2 -c" "EXTRA_COMPILER_FLAGS=-g"
Compiling coresightps_dcc
arm-xilinx-eabi-ar: creating ../../../lib/libxil.a
Running Make libs in ps7_cortexa9_0/libsrc/standalone_v5_1/src
make -C ps7_cortexa9_0/libsrc/standalone_v5_1/src -s libs  "SHELL=/bin/sh" "COMPILER=arm-xilinx-eabi-gcc" "ARCHIVER=arm-xilinx-eabi-ar" "COMPILER_FLAGS=  -O2 -c" "EXTRA_COMPILER_FLAGS=-g"
Compiling standalone
Running Make libs in ps7_cortexa9_0/libsrc/cpu_cortexa9_v2_1/src
make -C ps7_cortexa9_0/libsrc/cpu_cortexa9_v2_1/src -s libs  "SHELL=/bin/sh" "COMPILER=arm-xilinx-eabi-gcc" "ARCHIVER=arm-xilinx-eabi-ar" "COMPILER_FLAGS=  -O2 -c" "EXTRA_COMPILER_FLAGS=-g"
Compiling cpu_cortexa9
Running Make libs in ps7_cortexa9_0/libsrc/sdps_v2_4/src
make -C ps7_cortexa9_0/libsrc/sdps_v2_4/src -s libs  "SHELL=/bin/sh" "COMPILER=arm-xilinx-eabi-gcc" "ARCHIVER=arm-xilinx-eabi-ar" "COMPILER_FLAGS=  -O2 -c" "EXTRA_COMPILER_FLAGS=-g"
Compiling sdps
Running Make libs in ps7_cortexa9_0/libsrc/devcfg_v3_3/src
make -C ps7_cortexa9_0/libsrc/devcfg_v3_3/src -s libs  "SHELL=/bin/sh" "COMPILER=arm-xilinx-eabi-gcc" "ARCHIVER=arm-xilinx-eabi-ar" "COMPILER_FLAGS=  -O2 -c" "EXTRA_COMPILER_FLAGS=-g"
Compiling devcfg
Running Make libs in ps7_cortexa9_0/libsrc/xadcps_v2_2/src
make -C ps7_cortexa9_0/libsrc/xadcps_v2_2/src -s libs  "SHELL=/bin/sh" "COMPILER=arm-xilinx-eabi-gcc" "ARCHIVER=arm-xilinx-eabi-ar" "COMPILER_FLAGS=  -O2 -c" "EXTRA_COMPILER_FLAGS=-g"
Compiling xadcps
Running Make libs in ps7_cortexa9_0/libsrc/emacps_v3_0/src
make -C ps7_cortexa9_0/libsrc/emacps_v3_0/src -s libs  "SHELL=/bin/sh" "COMPILER=arm-xilinx-eabi-gcc" "ARCHIVER=arm-xilinx-eabi-ar" "COMPILER_FLAGS=  -O2 -c" "EXTRA_COMPILER_FLAGS=-g"
Compiling emacps
Running Make libs in ps7_cortexa9_0/libsrc/dmaps_v2_1/src
make -C ps7_cortexa9_0/libsrc/dmaps_v2_1/src -s libs  "SHELL=/bin/sh" "COMPILER=arm-xilinx-eabi-gcc" "ARCHIVER=arm-xilinx-eabi-ar" "COMPILER_FLAGS=  -O2 -c" "EXTRA_COMPILER_FLAGS=-g"
Compiling dmaps
Running Make libs in ps7_cortexa9_0/libsrc/scugic_v3_0/src
make -C ps7_cortexa9_0/libsrc/scugic_v3_0/src -s libs  "SHELL=/bin/sh" "COMPILER=arm-xilinx-eabi-gcc" "ARCHIVER=arm-xilinx-eabi-ar" "COMPILER_FLAGS=  -O2 -c" "EXTRA_COMPILER_FLAGS=-g"
Compiling scugic
Running Make libs in ps7_cortexa9_0/libsrc/scuwdt_v2_1/src
make -C ps7_cortexa9_0/libsrc/scuwdt_v2_1/src -s libs  "SHELL=/bin/sh" "COMPILER=arm-xilinx-eabi-gcc" "ARCHIVER=arm-xilinx-eabi-ar" "COMPILER_FLAGS=  -O2 -c" "EXTRA_COMPILER_FLAGS=-g"
Compiling scuwdt
Running Make libs in ps7_cortexa9_0/libsrc/iicps_v3_0/src
make -C ps7_cortexa9_0/libsrc/iicps_v3_0/src -s libs  "SHELL=/bin/sh" "COMPILER=arm-xilinx-eabi-gcc" "ARCHIVER=arm-xilinx-eabi-ar" "COMPILER_FLAGS=  -O2 -c" "EXTRA_COMPILER_FLAGS=-g"
Compiling iicps
Running Make libs in ps7_cortexa9_0/libsrc/usbps_v2_2/src
make -C ps7_cortexa9_0/libsrc/usbps_v2_2/src -s libs  "SHELL=/bin/sh" "COMPILER=arm-xilinx-eabi-gcc" "ARCHIVER=arm-xilinx-eabi-ar" "COMPILER_FLAGS=  -O2 -c" "EXTRA_COMPILER_FLAGS=-g"
Compiling usbps
Running Make libs in ps7_cortexa9_0/libsrc/gpio_v4_0/src
make -C ps7_cortexa9_0/libsrc/gpio_v4_0/src -s libs  "SHELL=/bin/sh" "COMPILER=arm-xilinx-eabi-gcc" "ARCHIVER=arm-xilinx-eabi-ar" "COMPILER_FLAGS=  -O2 -c" "EXTRA_COMPILER_FLAGS=-g"
Compiling gpio
Running Make libs in ps7_cortexa9_0/libsrc/scutimer_v2_1/src
make -C ps7_cortexa9_0/libsrc/scutimer_v2_1/src -s libs  "SHELL=/bin/sh" "COMPILER=arm-xilinx-eabi-gcc" "ARCHIVER=arm-xilinx-eabi-ar" "COMPILER_FLAGS=  -O2 -c" "EXTRA_COMPILER_FLAGS=-g"
Compiling scutimer
Running Make libs in ps7_cortexa9_0/libsrc/qspips_v3_2/src
make -C ps7_cortexa9_0/libsrc/qspips_v3_2/src -s libs  "SHELL=/bin/sh" "COMPILER=arm-xilinx-eabi-gcc" "ARCHIVER=arm-xilinx-eabi-ar" "COMPILER_FLAGS=  -O2 -c" "EXTRA_COMPILER_FLAGS=-g"
Compiling qspips
Running Make libs in ps7_cortexa9_0/libsrc/uartps_v3_0/src
make -C ps7_cortexa9_0/libsrc/uartps_v3_0/src -s libs  "SHELL=/bin/sh" "COMPILER=arm-xilinx-eabi-gcc" "ARCHIVER=arm-xilinx-eabi-ar" "COMPILER_FLAGS=  -O2 -c" "EXTRA_COMPILER_FLAGS=-g"
Compiling uartps
Finished building libraries

**** Build of configuration Debug for project LED_test ****

Nothing to build for project LED_test
18:27:22 **** Auto Build of configuration Debug for project LED_test ****
make all 
Building file: ../src/LED_test_tut_1C.c
Invoking: ARM gcc compiler
arm-xilinx-eabi-gcc -Wall -O0 -g3 -c -fmessage-length=0 -MT"src/LED_test_tut_1C.o" -I../../LED_test_bsp/ps7_cortexa9_0/include -MMD -MP -MF"src/LED_test_tut_1C.d" -MT"src/LED_test_tut_1C.d" -o "src/LED_test_tut_1C.o" "../src/LED_test_tut_1C.c"
Finished building: ../src/LED_test_tut_1C.c
 
Building target: LED_test.elf
Invoking: ARM gcc linker
arm-xilinx-eabi-gcc -Wl,-T -Wl,../src/lscript.ld -L../../LED_test_bsp/ps7_cortexa9_0/lib -o "LED_test.elf"  ./src/LED_test_tut_1C.o   -Wl,--start-group,-lxil,-lgcc,-lc,--end-group
Finished building target: LED_test.elf
 
Invoking: ARM Print Size
arm-xilinx-eabi-size LED_test.elf  |tee "LED_test.elf.size"
   text	   data	    bss	    dec	    hex	filename
  23684	   1168	  22596	  47448	   b958	LED_test.elf
Finished building: LED_test.elf.size
 
18:31:50 **** Incremental Build of configuration Debug for project LED_test ****
make all 
make: Nothing to be done for 'all'.
18:38:14 **** Auto Build of configuration Debug for project LED_test ****
make all 
Building file: ../src/LED_test_tut_1C.c
Invoking: ARM gcc compiler
arm-xilinx-eabi-gcc -Wall -O0 -g3 -c -fmessage-length=0 -MT"src/LED_test_tut_1C.o" -I../../LED_test_bsp/ps7_cortexa9_0/include -MMD -MP -MF"src/LED_test_tut_1C.d" -MT"src/LED_test_tut_1C.d" -o "src/LED_test_tut_1C.o" "../src/LED_test_tut_1C.c"
Finished building: ../src/LED_test_tut_1C.c
 
Building target: LED_test.elf
Invoking: ARM gcc linker
arm-xilinx-eabi-gcc -Wl,-T -Wl,../src/lscript.ld -L../../LED_test_bsp/ps7_cortexa9_0/lib -o "LED_test.elf"  ./src/LED_test_tut_1C.o   -Wl,--start-group,-lxil,-lgcc,-lc,--end-group
Finished building target: LED_test.elf
 
Invoking: ARM Print Size
arm-xilinx-eabi-size LED_test.elf  |tee "LED_test.elf.size"
   text	   data	    bss	    dec	    hex	filename
  23684	   1168	  22596	  47448	   b958	LED_test.elf
Finished building: LED_test.elf.size
 
18:38:34 **** Incremental Build of configuration Debug for project LED_test ****
make all 
make: Nothing to be done for 'all'.
18:38:56 **** Incremental Build of configuration Debug for project LED_test ****
make all 
make: Nothing to be done for 'all'.
18:39:33 **** Auto Build of configuration Debug for project LED_test ****
make all 
Building file: ../src/LED_test_tut_1C.c
Invoking: ARM gcc compiler
arm-xilinx-eabi-gcc -Wall -O0 -g3 -c -fmessage-length=0 -MT"src/LED_test_tut_1C.o" -I../../LED_test_bsp/ps7_cortexa9_0/include -MMD -MP -MF"src/LED_test_tut_1C.d" -MT"src/LED_test_tut_1C.d" -o "src/LED_test_tut_1C.o" "../src/LED_test_tut_1C.c"
Finished building: ../src/LED_test_tut_1C.c
 
Building target: LED_test.elf
Invoking: ARM gcc linker
arm-xilinx-eabi-gcc -Wl,-T -Wl,../src/lscript.ld -L../../LED_test_bsp/ps7_cortexa9_0/lib -o "LED_test.elf"  ./src/LED_test_tut_1C.o   -Wl,--start-group,-lxil,-lgcc,-lc,--end-group
Finished building target: LED_test.elf
 
Invoking: ARM Print Size
arm-xilinx-eabi-size LED_test.elf  |tee "LED_test.elf.size"
   text	   data	    bss	    dec	    hex	filename
  23684	   1168	  22596	  47448	   b958	LED_test.elf
Finished building: LED_test.elf.size
 
18:39:36 **** Incremental Build of configuration Debug for project LED_test ****
make all 
make: Nothing to be done for 'all'.
18:39:40 **** Incremental Build of configuration Debug for project LED_test ****
make all 
make: Nothing to be done for 'all'.
18:40:10 **** Incremental Build of configuration Debug for project LED_test ****
make all 
make: Nothing to be done for 'all'.
18:40:20 **** Incremental Build of configuration Debug for project LED_test ****
make all 
make: Nothing to be done for 'all'.
18:45:30 **** Auto Build of configuration Debug for project LED_test ****
make all 
Building file: ../src/LED_test_tut_1C.c
Invoking: ARM gcc compiler
arm-xilinx-eabi-gcc -Wall -O0 -g3 -c -fmessage-length=0 -MT"src/LED_test_tut_1C.o" -I../../LED_test_bsp/ps7_cortexa9_0/include -MMD -MP -MF"src/LED_test_tut_1C.d" -MT"src/LED_test_tut_1C.d" -o "src/LED_test_tut_1C.o" "../src/LED_test_tut_1C.c"
../src/LED_test_tut_1C.c: In function 'LEDOutputExample':
../src/LED_test_tut_1C.c:50:29: warning: left-hand operand of comma expression has no effect [-Wunused-value]
     int led_test[] = (0b1000, 0b1100, 0b1110, 0b1111, 0b0111, 0b0011, 0b0001, 0b0000);
                             ^
src/subdir.mk:21: recipe for target 'src/LED_test_tut_1C.o' failed
../src/LED_test_tut_1C.c:50:37: warning: left-hand operand of comma expression has no effect [-Wunused-value]
     int led_test[] = (0b1000, 0b1100, 0b1110, 0b1111, 0b0111, 0b0011, 0b0001, 0b0000);
                                     ^
../src/LED_test_tut_1C.c:50:45: warning: left-hand operand of comma expression has no effect [-Wunused-value]
     int led_test[] = (0b1000, 0b1100, 0b1110, 0b1111, 0b0111, 0b0011, 0b0001, 0b0000);
                                             ^
../src/LED_test_tut_1C.c:50:53: warning: left-hand operand of comma expression has no effect [-Wunused-value]
     int led_test[] = (0b1000, 0b1100, 0b1110, 0b1111, 0b0111, 0b0011, 0b0001, 0b0000);
                                                     ^
../src/LED_test_tut_1C.c:50:61: warning: left-hand operand of comma expression has no effect [-Wunused-value]
     int led_test[] = (0b1000, 0b1100, 0b1110, 0b1111, 0b0111, 0b0011, 0b0001, 0b0000);
                                                             ^
../src/LED_test_tut_1C.c:50:69: warning: left-hand operand of comma expression has no effect [-Wunused-value]
     int led_test[] = (0b1000, 0b1100, 0b1110, 0b1111, 0b0111, 0b0011, 0b0001, 0b0000);
                                                                     ^
../src/LED_test_tut_1C.c:50:77: warning: left-hand operand of comma expression has no effect [-Wunused-value]
     int led_test[] = (0b1000, 0b1100, 0b1110, 0b1111, 0b0111, 0b0011, 0b0001, 0b0000);
                                                                             ^
../src/LED_test_tut_1C.c:50:5: error: invalid initializer
     int led_test[] = (0b1000, 0b1100, 0b1110, 0b1111, 0b0111, 0b0011, 0b0001, 0b0000);
     ^
make: *** [src/LED_test_tut_1C.o] Error 1
18:46:52 **** Incremental Build of configuration Debug for project LED_test ****
make all 
Building file: ../src/LED_test_tut_1C.c
Invoking: ARM gcc compiler
arm-xilinx-eabi-gcc -Wall -O0 -g3 -c -fmessage-length=0 -MT"src/LED_test_tut_1C.o" -I../../LED_test_bsp/ps7_cortexa9_0/include -MMD -MP -MF"src/LED_test_tut_1C.d" -MT"src/LED_test_tut_1C.d" -o "src/LED_test_tut_1C.o" "../src/LED_test_tut_1C.c"
../src/LED_test_tut_1C.c: In function 'LEDOutputExample':
../src/LED_test_tut_1C.c:50:29: warning: left-hand operand of comma expression has no effect [-Wunused-value]
     int led_test[] = (0b1000, 0b1100, 0b1110, 0b1111, 0b0111, 0b0011, 0b0001, 0b0000);
                             ^
../src/LED_test_tut_1C.c:50:37: warning: left-hand operand of comma expression has no effect [-Wunused-value]
     int led_test[] = (0b1000, 0b1100, 0b1110, 0b1111, 0b0111, 0b0011, 0b0001, 0b0000);
                                     ^
../src/LED_test_tut_1C.c:50:45: warning: left-hand operand of comma expression has no effect [-Wunused-value]
     int led_test[] = (0b1000, 0b1100, 0b1110, 0b1111, 0b0111, 0b0011, 0b0001, 0b0000);
                                             ^
../src/LED_test_tut_1C.c:50:53: warning: left-hand operand of comma expression has no effect [-Wunused-value]
     int led_test[] = (0b1000, 0b1100, 0b1110, 0b1111, 0b0111, 0b0011, 0b0001, 0b0000);
                                                     ^
src/subdir.mk:21: recipe for target 'src/LED_test_tut_1C.o' failed
../src/LED_test_tut_1C.c:50:61: warning: left-hand operand of comma expression has no effect [-Wunused-value]
     int led_test[] = (0b1000, 0b1100, 0b1110, 0b1111, 0b0111, 0b0011, 0b0001, 0b0000);
                                                             ^
../src/LED_test_tut_1C.c:50:69: warning: left-hand operand of comma expression has no effect [-Wunused-value]
     int led_test[] = (0b1000, 0b1100, 0b1110, 0b1111, 0b0111, 0b0011, 0b0001, 0b0000);
                                                                     ^
../src/LED_test_tut_1C.c:50:77: warning: left-hand operand of comma expression has no effect [-Wunused-value]
     int led_test[] = (0b1000, 0b1100, 0b1110, 0b1111, 0b0111, 0b0011, 0b0001, 0b0000);
                                                                             ^
../src/LED_test_tut_1C.c:50:5: error: invalid initializer
     int led_test[] = (0b1000, 0b1100, 0b1110, 0b1111, 0b0111, 0b0011, 0b0001, 0b0000);
     ^
make: *** [src/LED_test_tut_1C.o] Error 1
18:47:49 **** Incremental Build of configuration Debug for project LED_test ****
make all 
Building file: ../src/LED_test_tut_1C.c
Invoking: ARM gcc compiler
arm-xilinx-eabi-gcc -Wall -O0 -g3 -c -fmessage-length=0 -MT"src/LED_test_tut_1C.o" -I../../LED_test_bsp/ps7_cortexa9_0/include -MMD -MP -MF"src/LED_test_tut_1C.d" -MT"src/LED_test_tut_1C.d" -o "src/LED_test_tut_1C.o" "../src/LED_test_tut_1C.c"
../src/LED_test_tut_1C.c: In function 'LEDOutputExample':
../src/LED_test_tut_1C.c:50:29: warning: left-hand operand of comma expression has no effect [-Wunused-value]
     int led_test[] = (0b1000, 0b1100, 0b1110, 0b1111, 0b0111, 0b0011, 0b0001, 0b0000);
                             ^
../src/LED_test_tut_1C.c:50:37: warning: left-hand operand of comma expression has no effect [-Wunused-value]
     int led_test[] = (0b1000, 0b1100, 0b1110, 0b1111, 0b0111, 0b0011, 0b0001, 0b0000);
                                     ^
../src/LED_test_tut_1C.c:50:45: warning: left-hand operand of comma expression has no effect [-Wunused-value]
     int led_test[] = (0b1000, 0b1100, 0b1110, 0b1111, 0b0111, 0b0011, 0b0001, 0b0000);
src/subdir.mk:21: recipe for target 'src/LED_test_tut_1C.o' failed
                                             ^
../src/LED_test_tut_1C.c:50:53: warning: left-hand operand of comma expression has no effect [-Wunused-value]
     int led_test[] = (0b1000, 0b1100, 0b1110, 0b1111, 0b0111, 0b0011, 0b0001, 0b0000);
                                                     ^
../src/LED_test_tut_1C.c:50:61: warning: left-hand operand of comma expression has no effect [-Wunused-value]
     int led_test[] = (0b1000, 0b1100, 0b1110, 0b1111, 0b0111, 0b0011, 0b0001, 0b0000);
                                                             ^
../src/LED_test_tut_1C.c:50:69: warning: left-hand operand of comma expression has no effect [-Wunused-value]
     int led_test[] = (0b1000, 0b1100, 0b1110, 0b1111, 0b0111, 0b0011, 0b0001, 0b0000);
                                                                     ^
../src/LED_test_tut_1C.c:50:77: warning: left-hand operand of comma expression has no effect [-Wunused-value]
     int led_test[] = (0b1000, 0b1100, 0b1110, 0b1111, 0b0111, 0b0011, 0b0001, 0b0000);
                                                                             ^
../src/LED_test_tut_1C.c:50:5: error: invalid initializer
     int led_test[] = (0b1000, 0b1100, 0b1110, 0b1111, 0b0111, 0b0011, 0b0001, 0b0000);
     ^
make: *** [src/LED_test_tut_1C.o] Error 1
18:47:54 **** Incremental Build of configuration Debug for project LED_test ****
make all 
Building file: ../src/LED_test_tut_1C.c
Invoking: ARM gcc compiler
arm-xilinx-eabi-gcc -Wall -O0 -g3 -c -fmessage-length=0 -MT"src/LED_test_tut_1C.o" -I../../LED_test_bsp/ps7_cortexa9_0/include -MMD -MP -MF"src/LED_test_tut_1C.d" -MT"src/LED_test_tut_1C.d" -o "src/LED_test_tut_1C.o" "../src/LED_test_tut_1C.c"
../src/LED_test_tut_1C.c: In function 'LEDOutputExample':
../src/LED_test_tut_1C.c:50:29: warning: left-hand operand of comma expression has no effect [-Wunused-value]
     int led_test[] = (0b1000, 0b1100, 0b1110, 0b1111, 0b0111, 0b0011, 0b0001, 0b0000);
                             ^
../src/LED_test_tut_1C.c:50:37: warning: left-hand operand of comma expression has no effect [-Wunused-value]
     int led_test[] = (0b1000, 0b1100, 0b1110, 0b1111, 0b0111, 0b0011, 0b0001, 0b0000);
                                     ^
../src/LED_test_tut_1C.c:50:45: warning: left-hand operand of comma expression has no effect [-Wunused-value]
     int led_test[] = (0b1000, 0b1100, 0b1110, 0b1111, 0b0111, 0b0011, 0b0001, 0b0000);
                                             ^
../src/LED_test_tut_1C.c:50:53: warning: left-hand operand of comma expression has no effect [-Wunused-value]
src/subdir.mk:21: recipe for target 'src/LED_test_tut_1C.o' failed
     int led_test[] = (0b1000, 0b1100, 0b1110, 0b1111, 0b0111, 0b0011, 0b0001, 0b0000);
                                                     ^
../src/LED_test_tut_1C.c:50:61: warning: left-hand operand of comma expression has no effect [-Wunused-value]
     int led_test[] = (0b1000, 0b1100, 0b1110, 0b1111, 0b0111, 0b0011, 0b0001, 0b0000);
                                                             ^
../src/LED_test_tut_1C.c:50:69: warning: left-hand operand of comma expression has no effect [-Wunused-value]
     int led_test[] = (0b1000, 0b1100, 0b1110, 0b1111, 0b0111, 0b0011, 0b0001, 0b0000);
                                                                     ^
../src/LED_test_tut_1C.c:50:77: warning: left-hand operand of comma expression has no effect [-Wunused-value]
     int led_test[] = (0b1000, 0b1100, 0b1110, 0b1111, 0b0111, 0b0011, 0b0001, 0b0000);
                                                                             ^
../src/LED_test_tut_1C.c:50:5: error: invalid initializer
     int led_test[] = (0b1000, 0b1100, 0b1110, 0b1111, 0b0111, 0b0011, 0b0001, 0b0000);
     ^
make: *** [src/LED_test_tut_1C.o] Error 1
18:48:43 **** Incremental Build of configuration Debug for project LED_test ****
make all 
Building file: ../src/LED_test_tut_1C.c
Invoking: ARM gcc compiler
arm-xilinx-eabi-gcc -Wall -O0 -g3 -c -fmessage-length=0 -MT"src/LED_test_tut_1C.o" -I../../LED_test_bsp/ps7_cortexa9_0/include -MMD -MP -MF"src/LED_test_tut_1C.d" -MT"src/LED_test_tut_1C.d" -o "src/LED_test_tut_1C.o" "../src/LED_test_tut_1C.c"
../src/LED_test_tut_1C.c: In function 'LEDOutputExample':
../src/LED_test_tut_1C.c:50:29: warning: left-hand operand of comma expression has no effect [-Wunused-value]
     int led_test[] = (0b1000, 0b1100, 0b1110, 0b1111, 0b0111, 0b0011, 0b0001, 0b0000);
                             ^
../src/LED_test_tut_1C.c:50:37: warning: left-hand operand of comma expression has no effect [-Wunused-value]
     int led_test[] = (0b1000, 0b1100, 0b1110, 0b1111, 0b0111, 0b0011, 0b0001, 0b0000);
                                     ^
../src/LED_test_tut_1C.c:50:45: warning: left-hand operand of comma expression has no effect [-Wunused-value]
     int led_test[] = (0b1000, 0b1100, 0b1110, 0b1111, 0b0111, 0b0011, 0b0001, 0b0000);
src/subdir.mk:21: recipe for target 'src/LED_test_tut_1C.o' failed
                                             ^
../src/LED_test_tut_1C.c:50:53: warning: left-hand operand of comma expression has no effect [-Wunused-value]
     int led_test[] = (0b1000, 0b1100, 0b1110, 0b1111, 0b0111, 0b0011, 0b0001, 0b0000);
                                                     ^
../src/LED_test_tut_1C.c:50:61: warning: left-hand operand of comma expression has no effect [-Wunused-value]
     int led_test[] = (0b1000, 0b1100, 0b1110, 0b1111, 0b0111, 0b0011, 0b0001, 0b0000);
                                                             ^
../src/LED_test_tut_1C.c:50:69: warning: left-hand operand of comma expression has no effect [-Wunused-value]
     int led_test[] = (0b1000, 0b1100, 0b1110, 0b1111, 0b0111, 0b0011, 0b0001, 0b0000);
                                                                     ^
../src/LED_test_tut_1C.c:50:77: warning: left-hand operand of comma expression has no effect [-Wunused-value]
     int led_test[] = (0b1000, 0b1100, 0b1110, 0b1111, 0b0111, 0b0011, 0b0001, 0b0000);
                                                                             ^
../src/LED_test_tut_1C.c:50:5: error: invalid initializer
     int led_test[] = (0b1000, 0b1100, 0b1110, 0b1111, 0b0111, 0b0011, 0b0001, 0b0000);
     ^
make: *** [src/LED_test_tut_1C.o] Error 1
18:49:06 **** Incremental Build of configuration Debug for project LED_test ****
make all 
Building file: ../src/LED_test_tut_1C.c
Invoking: ARM gcc compiler
arm-xilinx-eabi-gcc -Wall -O0 -g3 -c -fmessage-length=0 -MT"src/LED_test_tut_1C.o" -I../../LED_test_bsp/ps7_cortexa9_0/include -MMD -MP -MF"src/LED_test_tut_1C.d" -MT"src/LED_test_tut_1C.d" -o "src/LED_test_tut_1C.o" "../src/LED_test_tut_1C.c"
../src/LED_test_tut_1C.c: In function 'LEDOutputExample':
../src/LED_test_tut_1C.c:50:29: warning: left-hand operand of comma expression has no effect [-Wunused-value]
     int led_test[] = (0b1000, 0b1100, 0b1110, 0b1111, 0b0111, 0b0011, 0b0001, 0b0000);
                             ^
../src/LED_test_tut_1C.c:50:37: warning: left-hand operand of comma expression has no effect [-Wunused-value]
     int led_test[] = (0b1000, 0b1100, 0b1110, 0b1111, 0b0111, 0b0011, 0b0001, 0b0000);
                                     ^
../src/LED_test_tut_1C.c:50:45: warning: left-hand operand of comma expression has no effect [-Wunused-value]
     int led_test[] = (0b1000, 0b1100, 0b1110, 0b1111, 0b0111, 0b0011, 0b0001, 0b0000);
                                             ^
src/subdir.mk:21: recipe for target 'src/LED_test_tut_1C.o' failed
../src/LED_test_tut_1C.c:50:53: warning: left-hand operand of comma expression has no effect [-Wunused-value]
     int led_test[] = (0b1000, 0b1100, 0b1110, 0b1111, 0b0111, 0b0011, 0b0001, 0b0000);
                                                     ^
../src/LED_test_tut_1C.c:50:61: warning: left-hand operand of comma expression has no effect [-Wunused-value]
     int led_test[] = (0b1000, 0b1100, 0b1110, 0b1111, 0b0111, 0b0011, 0b0001, 0b0000);
                                                             ^
../src/LED_test_tut_1C.c:50:69: warning: left-hand operand of comma expression has no effect [-Wunused-value]
     int led_test[] = (0b1000, 0b1100, 0b1110, 0b1111, 0b0111, 0b0011, 0b0001, 0b0000);
                                                                     ^
../src/LED_test_tut_1C.c:50:77: warning: left-hand operand of comma expression has no effect [-Wunused-value]
     int led_test[] = (0b1000, 0b1100, 0b1110, 0b1111, 0b0111, 0b0011, 0b0001, 0b0000);
                                                                             ^
../src/LED_test_tut_1C.c:50:5: error: invalid initializer
     int led_test[] = (0b1000, 0b1100, 0b1110, 0b1111, 0b0111, 0b0011, 0b0001, 0b0000);
     ^
make: *** [src/LED_test_tut_1C.o] Error 1
18:49:13 **** Incremental Build of configuration Debug for project LED_test ****
make all 
Building file: ../src/LED_test_tut_1C.c
Invoking: ARM gcc compiler
arm-xilinx-eabi-gcc -Wall -O0 -g3 -c -fmessage-length=0 -MT"src/LED_test_tut_1C.o" -I../../LED_test_bsp/ps7_cortexa9_0/include -MMD -MP -MF"src/LED_test_tut_1C.d" -MT"src/LED_test_tut_1C.d" -o "src/LED_test_tut_1C.o" "../src/LED_test_tut_1C.c"
../src/LED_test_tut_1C.c: In function 'LEDOutputExample':
../src/LED_test_tut_1C.c:50:29: warning: left-hand operand of comma expression has no effect [-Wunused-value]
     int led_test[] = (0b1000, 0b1100, 0b1110, 0b1111, 0b0111, 0b0011, 0b0001, 0b0000);
                             ^
../src/LED_test_tut_1C.c:50:37: warning: left-hand operand of comma expression has no effect [-Wunused-value]
     int led_test[] = (0b1000, 0b1100, 0b1110, 0b1111, 0b0111, 0b0011, 0b0001, 0b0000);
                                     ^
src/subdir.mk:21: recipe for target 'src/LED_test_tut_1C.o' failed
../src/LED_test_tut_1C.c:50:45: warning: left-hand operand of comma expression has no effect [-Wunused-value]
     int led_test[] = (0b1000, 0b1100, 0b1110, 0b1111, 0b0111, 0b0011, 0b0001, 0b0000);
                                             ^
../src/LED_test_tut_1C.c:50:53: warning: left-hand operand of comma expression has no effect [-Wunused-value]
     int led_test[] = (0b1000, 0b1100, 0b1110, 0b1111, 0b0111, 0b0011, 0b0001, 0b0000);
                                                     ^
../src/LED_test_tut_1C.c:50:61: warning: left-hand operand of comma expression has no effect [-Wunused-value]
     int led_test[] = (0b1000, 0b1100, 0b1110, 0b1111, 0b0111, 0b0011, 0b0001, 0b0000);
                                                             ^
../src/LED_test_tut_1C.c:50:69: warning: left-hand operand of comma expression has no effect [-Wunused-value]
     int led_test[] = (0b1000, 0b1100, 0b1110, 0b1111, 0b0111, 0b0011, 0b0001, 0b0000);
                                                                     ^
../src/LED_test_tut_1C.c:50:77: warning: left-hand operand of comma expression has no effect [-Wunused-value]
     int led_test[] = (0b1000, 0b1100, 0b1110, 0b1111, 0b0111, 0b0011, 0b0001, 0b0000);
                                                                             ^
../src/LED_test_tut_1C.c:50:5: error: invalid initializer
     int led_test[] = (0b1000, 0b1100, 0b1110, 0b1111, 0b0111, 0b0011, 0b0001, 0b0000);
     ^
make: *** [src/LED_test_tut_1C.o] Error 1
18:49:25 **** Incremental Build of configuration Debug for project LED_test ****
make all 
Building file: ../src/LED_test_tut_1C.c
Invoking: ARM gcc compiler
arm-xilinx-eabi-gcc -Wall -O0 -g3 -c -fmessage-length=0 -MT"src/LED_test_tut_1C.o" -I../../LED_test_bsp/ps7_cortexa9_0/include -MMD -MP -MF"src/LED_test_tut_1C.d" -MT"src/LED_test_tut_1C.d" -o "src/LED_test_tut_1C.o" "../src/LED_test_tut_1C.c"
../src/LED_test_tut_1C.c: In function 'LEDOutputExample':
../src/LED_test_tut_1C.c:50:29: warning: left-hand operand of comma expression has no effect [-Wunused-value]
     int led_test[] = (0b1000, 0b1100, 0b1110, 0b1111, 0b0111, 0b0011, 0b0001, 0b0000);
                             ^
../src/LED_test_tut_1C.c:50:37: warning: left-hand operand of comma expression has no effect [-Wunused-value]
     int led_test[] = (0b1000, 0b1100, 0b1110, 0b1111, 0b0111, 0b0011, 0b0001, 0b0000);
                                     ^
../src/LED_test_tut_1C.c:50:45: warning: left-hand operand of comma expression has no effect [-Wunused-value]
     int led_test[] = (0b1000, 0b1100, 0b1110, 0b1111, 0b0111, 0b0011, 0b0001, 0b0000);
                                             ^
../src/LED_test_tut_1C.c:50:53: warning: left-hand operand of comma expression has no effect [-Wunused-value]
     int led_test[] = (0b1000, 0b1100, 0b1110, 0b1111, 0b0111, 0b0011, 0b0001, 0b0000);
src/subdir.mk:21: recipe for target 'src/LED_test_tut_1C.o' failed
                                                     ^
../src/LED_test_tut_1C.c:50:61: warning: left-hand operand of comma expression has no effect [-Wunused-value]
     int led_test[] = (0b1000, 0b1100, 0b1110, 0b1111, 0b0111, 0b0011, 0b0001, 0b0000);
                                                             ^
../src/LED_test_tut_1C.c:50:69: warning: left-hand operand of comma expression has no effect [-Wunused-value]
     int led_test[] = (0b1000, 0b1100, 0b1110, 0b1111, 0b0111, 0b0011, 0b0001, 0b0000);
                                                                     ^
../src/LED_test_tut_1C.c:50:77: warning: left-hand operand of comma expression has no effect [-Wunused-value]
     int led_test[] = (0b1000, 0b1100, 0b1110, 0b1111, 0b0111, 0b0011, 0b0001, 0b0000);
                                                                             ^
../src/LED_test_tut_1C.c:50:5: error: invalid initializer
     int led_test[] = (0b1000, 0b1100, 0b1110, 0b1111, 0b0111, 0b0011, 0b0001, 0b0000);
     ^
make: *** [src/LED_test_tut_1C.o] Error 1
18:49:31 **** Incremental Build of configuration Debug for project LED_test ****
make all 
Building file: ../src/LED_test_tut_1C.c
Invoking: ARM gcc compiler
arm-xilinx-eabi-gcc -Wall -O0 -g3 -c -fmessage-length=0 -MT"src/LED_test_tut_1C.o" -I../../LED_test_bsp/ps7_cortexa9_0/include -MMD -MP -MF"src/LED_test_tut_1C.d" -MT"src/LED_test_tut_1C.d" -o "src/LED_test_tut_1C.o" "../src/LED_test_tut_1C.c"
../src/LED_test_tut_1C.c: In function 'LEDOutputExample':
../src/LED_test_tut_1C.c:50:29: warning: left-hand operand of comma expression has no effect [-Wunused-value]
     int led_test[] = (0b1000, 0b1100, 0b1110, 0b1111, 0b0111, 0b0011, 0b0001, 0b0000);
                             ^
../src/LED_test_tut_1C.c:50:37: warning: left-hand operand of comma expression has no effect [-Wunused-value]
     int led_test[] = (0b1000, 0b1100, 0b1110, 0b1111, 0b0111, 0b0011, 0b0001, 0b0000);
                                     ^
../src/LED_test_tut_1C.c:50:45: warning: left-hand operand of comma expression has no effect [-Wunused-value]
src/subdir.mk:21: recipe for target 'src/LED_test_tut_1C.o' failed
     int led_test[] = (0b1000, 0b1100, 0b1110, 0b1111, 0b0111, 0b0011, 0b0001, 0b0000);
                                             ^
../src/LED_test_tut_1C.c:50:53: warning: left-hand operand of comma expression has no effect [-Wunused-value]
     int led_test[] = (0b1000, 0b1100, 0b1110, 0b1111, 0b0111, 0b0011, 0b0001, 0b0000);
                                                     ^
../src/LED_test_tut_1C.c:50:61: warning: left-hand operand of comma expression has no effect [-Wunused-value]
     int led_test[] = (0b1000, 0b1100, 0b1110, 0b1111, 0b0111, 0b0011, 0b0001, 0b0000);
                                                             ^
../src/LED_test_tut_1C.c:50:69: warning: left-hand operand of comma expression has no effect [-Wunused-value]
     int led_test[] = (0b1000, 0b1100, 0b1110, 0b1111, 0b0111, 0b0011, 0b0001, 0b0000);
                                                                     ^
../src/LED_test_tut_1C.c:50:77: warning: left-hand operand of comma expression has no effect [-Wunused-value]
     int led_test[] = (0b1000, 0b1100, 0b1110, 0b1111, 0b0111, 0b0011, 0b0001, 0b0000);
                                                                             ^
../src/LED_test_tut_1C.c:50:5: error: invalid initializer
     int led_test[] = (0b1000, 0b1100, 0b1110, 0b1111, 0b0111, 0b0011, 0b0001, 0b0000);
     ^
make: *** [src/LED_test_tut_1C.o] Error 1
18:49:57 **** Auto Build of configuration Debug for project LED_test ****
make all 
Building file: ../src/LED_test_tut_1C.c
Invoking: ARM gcc compiler
arm-xilinx-eabi-gcc -Wall -O0 -g3 -c -fmessage-length=0 -MT"src/LED_test_tut_1C.o" -I../../LED_test_bsp/ps7_cortexa9_0/include -MMD -MP -MF"src/LED_test_tut_1C.d" -MT"src/LED_test_tut_1C.d" -o "src/LED_test_tut_1C.o" "../src/LED_test_tut_1C.c"
../src/LED_test_tut_1C.c: In function 'LEDOutputExample':
../src/LED_test_tut_1C.c:69:10: error: 'led_test' undeclared (first use in this function)
     led =led_test[i];
          ^
../src/LED_test_tut_1C.c:69:10: note: each undeclared identifier is reported only once for each function it appears in
../src/LED_test_tut_1C.c:50:9: warning: unused variable 'test' [-Wunused-variable]
     int test[] = {8, 12, 14, 15, 7, 3, 1, 0};
         ^
src/subdir.mk:21: recipe for target 'src/LED_test_tut_1C.o' failed
make: *** [src/LED_test_tut_1C.o] Error 1
18:50:15 **** Auto Build of configuration Debug for project LED_test ****
make all 
Building file: ../src/LED_test_tut_1C.c
Invoking: ARM gcc compiler
arm-xilinx-eabi-gcc -Wall -O0 -g3 -c -fmessage-length=0 -MT"src/LED_test_tut_1C.o" -I../../LED_test_bsp/ps7_cortexa9_0/include -MMD -MP -MF"src/LED_test_tut_1C.d" -MT"src/LED_test_tut_1C.d" -o "src/LED_test_tut_1C.o" "../src/LED_test_tut_1C.c"
Finished building: ../src/LED_test_tut_1C.c
 
Building target: LED_test.elf
Invoking: ARM gcc linker
arm-xilinx-eabi-gcc -Wl,-T -Wl,../src/lscript.ld -L../../LED_test_bsp/ps7_cortexa9_0/lib -o "LED_test.elf"  ./src/LED_test_tut_1C.o   -Wl,--start-group,-lxil,-lgcc,-lc,--end-group
Finished building target: LED_test.elf
 
Invoking: ARM Print Size
arm-xilinx-eabi-size LED_test.elf  |tee "LED_test.elf.size"
   text	   data	    bss	    dec	    hex	filename
  23844	   1168	  22596	  47608	   b9f8	LED_test.elf
Finished building: LED_test.elf.size
 
18:50:23 **** Incremental Build of configuration Debug for project LED_test ****
make all 
make: Nothing to be done for 'all'.
18:50:35 **** Incremental Build of configuration Debug for project LED_test ****
make all 
make: Nothing to be done for 'all'.
18:50:50 **** Incremental Build of configuration Debug for project LED_test ****
make all 
make: Nothing to be done for 'all'.
18:50:59 **** Incremental Build of configuration Debug for project LED_test ****
make all 
make: Nothing to be done for 'all'.
18:51:07 **** Incremental Build of configuration Debug for project LED_test ****
make all 
make: Nothing to be done for 'all'.
18:51:33 **** Auto Build of configuration Debug for project LED_test ****
make all 
Building file: ../src/LED_test_tut_1C.c
Invoking: ARM gcc compiler
arm-xilinx-eabi-gcc -Wall -O0 -g3 -c -fmessage-length=0 -MT"src/LED_test_tut_1C.o" -I../../LED_test_bsp/ps7_cortexa9_0/include -MMD -MP -MF"src/LED_test_tut_1C.d" -MT"src/LED_test_tut_1C.d" -o "src/LED_test_tut_1C.o" "../src/LED_test_tut_1C.c"
../src/LED_test_tut_1C.c: In function 'LEDOutputExample':
../src/LED_test_tut_1C.c:47:15: warning: unused variable 'Delay' [-Wunused-variable]
  volatile int Delay;
               ^
Finished building: ../src/LED_test_tut_1C.c
 
Building target: LED_test.elf
Invoking: ARM gcc linker
arm-xilinx-eabi-gcc -Wl,-T -Wl,../src/lscript.ld -L../../LED_test_bsp/ps7_cortexa9_0/lib -o "LED_test.elf"  ./src/LED_test_tut_1C.o   -Wl,--start-group,-lxil,-lgcc,-lc,--end-group
Finished building target: LED_test.elf
 
Invoking: ARM Print Size
arm-xilinx-eabi-size LED_test.elf  |tee "LED_test.elf.size"
   text	   data	    bss	    dec	    hex	filename
  23780	   1168	  22596	  47544	   b9b8	LED_test.elf
Finished building: LED_test.elf.size
 
18:51:41 **** Incremental Build of configuration Debug for project LED_test ****
make all 
make: Nothing to be done for 'all'.
18:51:47 **** Incremental Build of configuration Debug for project LED_test ****
make all 
make: Nothing to be done for 'all'.
18:51:59 **** Incremental Build of configuration Debug for project LED_test ****
make all 
make: Nothing to be done for 'all'.
18:53:57 **** Incremental Build of configuration Debug for project LED_test ****
make all 
make: Nothing to be done for 'all'.
18:54:14 **** Incremental Build of configuration Debug for project LED_test ****
make all 
Building file: ../src/LED_test_tut_1C.c
Invoking: ARM gcc compiler
arm-xilinx-eabi-gcc -Wall -O0 -g3 -c -fmessage-length=0 -MT"src/LED_test_tut_1C.o" -I../../LED_test_bsp/ps7_cortexa9_0/include -MMD -MP -MF"src/LED_test_tut_1C.d" -MT"src/LED_test_tut_1C.d" -o "src/LED_test_tut_1C.o" "../src/LED_test_tut_1C.c"
Finished building: ../src/LED_test_tut_1C.c
 
Building target: LED_test.elf
Invoking: ARM gcc linker
arm-xilinx-eabi-gcc -Wl,-T -Wl,../src/lscript.ld -L../../LED_test_bsp/ps7_cortexa9_0/lib -o "LED_test.elf"  ./src/LED_test_tut_1C.o   -Wl,--start-group,-lxil,-lgcc,-lc,--end-group
Finished building target: LED_test.elf
 
Invoking: ARM Print Size
arm-xilinx-eabi-size LED_test.elf  |tee "LED_test.elf.size"
   text	   data	    bss	    dec	    hex	filename
  23844	   1168	  22596	  47608	   b9f8	LED_test.elf
Finished building: LED_test.elf.size
 
18:54:20 **** Incremental Build of configuration Debug for project LED_test ****
make all 
make: Nothing to be done for 'all'.
18:55:06 **** Incremental Build of configuration Debug for project LED_test ****
make all 
make: Nothing to be done for 'all'.
18:55:12 **** Auto Build of configuration Debug for project LED_test ****
make all 
Building file: ../src/LED_test_tut_1C.c
Invoking: ARM gcc compiler
arm-xilinx-eabi-gcc -Wall -O0 -g3 -c -fmessage-length=0 -MT"src/LED_test_tut_1C.o" -I../../LED_test_bsp/ps7_cortexa9_0/include -MMD -MP -MF"src/LED_test_tut_1C.d" -MT"src/LED_test_tut_1C.d" -o "src/LED_test_tut_1C.o" "../src/LED_test_tut_1C.c"
../src/LED_test_tut_1C.c: In function 'LEDOutputExample':
../src/LED_test_tut_1C.c:51:9: warning: unused variable 'i' [-Wunused-variable]
     int i;
         ^
../src/LED_test_tut_1C.c:47:15: warning: unused variable 'Delay' [-Wunused-variable]
  volatile int Delay;
               ^
Finished building: ../src/LED_test_tut_1C.c
 
Building target: LED_test.elf
Invoking: ARM gcc linker
arm-xilinx-eabi-gcc -Wl,-T -Wl,../src/lscript.ld -L../../LED_test_bsp/ps7_cortexa9_0/lib -o "LED_test.elf"  ./src/LED_test_tut_1C.o   -Wl,--start-group,-lxil,-lgcc,-lc,--end-group
Finished building target: LED_test.elf
 
Invoking: ARM Print Size
arm-xilinx-eabi-size LED_test.elf  |tee "LED_test.elf.size"
   text	   data	    bss	    dec	    hex	filename
  23716	   1168	  22596	  47480	   b978	LED_test.elf
Finished building: LED_test.elf.size
 
18:55:16 **** Incremental Build of configuration Debug for project LED_test ****
make all 
make: Nothing to be done for 'all'.
18:55:26 **** Incremental Build of configuration Debug for project LED_test ****
make all 
make: Nothing to be done for 'all'.
18:56:22 **** Incremental Build of configuration Debug for project LED_test ****
make all 
make: Nothing to be done for 'all'.
18:56:24 **** Auto Build of configuration Debug for project LED_test ****
make all 
Building file: ../src/LED_test_tut_1C.c
Invoking: ARM gcc compiler
arm-xilinx-eabi-gcc -Wall -O0 -g3 -c -fmessage-length=0 -MT"src/LED_test_tut_1C.o" -I../../LED_test_bsp/ps7_cortexa9_0/include -MMD -MP -MF"src/LED_test_tut_1C.d" -MT"src/LED_test_tut_1C.d" -o "src/LED_test_tut_1C.o" "../src/LED_test_tut_1C.c"
../src/LED_test_tut_1C.c: In function 'LEDOutputExample':
../src/LED_test_tut_1C.c:71:9: error: 'i' undeclared (first use in this function)
     for(i=0 ;i<8;i++){
         ^
../src/LED_test_tut_1C.c:71:9: note: each undeclared identifier is reported only once for each function it appears in
../src/LED_test_tut_1C.c:50:9: warning: variable 'test' set but not used [-Wunused-but-set-variable]
     int test[] = {8, 12, 14, 15, 7, 3, 1, 0};
         ^
src/subdir.mk:21: recipe for target 'src/LED_test_tut_1C.o' failed
make: *** [src/LED_test_tut_1C.o] Error 1
18:56:26 **** Incremental Build of configuration Debug for project LED_test ****
make all 
Building file: ../src/LED_test_tut_1C.c
Invoking: ARM gcc compiler
arm-xilinx-eabi-gcc -Wall -O0 -g3 -c -fmessage-length=0 -MT"src/LED_test_tut_1C.o" -I../../LED_test_bsp/ps7_cortexa9_0/include -MMD -MP -MF"src/LED_test_tut_1C.d" -MT"src/LED_test_tut_1C.d" -o "src/LED_test_tut_1C.o" "../src/LED_test_tut_1C.c"
../src/LED_test_tut_1C.c: In function 'LEDOutputExample':
../src/LED_test_tut_1C.c:71:9: error: 'i' undeclared (first use in this function)
     for(i=0 ;i<8;i++){
         ^
../src/LED_test_tut_1C.c:71:9: note: each undeclared identifier is reported only once for each function it appears in
src/subdir.mk:21: recipe for target 'src/LED_test_tut_1C.o' failed
../src/LED_test_tut_1C.c:50:9: warning: variable 'test' set but not used [-Wunused-but-set-variable]
     int test[] = {8, 12, 14, 15, 7, 3, 1, 0};
         ^
make: *** [src/LED_test_tut_1C.o] Error 1
18:56:45 **** Auto Build of configuration Debug for project LED_test ****
make all 
Building file: ../src/LED_test_tut_1C.c
Invoking: ARM gcc compiler
arm-xilinx-eabi-gcc -Wall -O0 -g3 -c -fmessage-length=0 -MT"src/LED_test_tut_1C.o" -I../../LED_test_bsp/ps7_cortexa9_0/include -MMD -MP -MF"src/LED_test_tut_1C.d" -MT"src/LED_test_tut_1C.d" -o "src/LED_test_tut_1C.o" "../src/LED_test_tut_1C.c"
Finished building: ../src/LED_test_tut_1C.c
 
Building target: LED_test.elf
Invoking: ARM gcc linker
arm-xilinx-eabi-gcc -Wl,-T -Wl,../src/lscript.ld -L../../LED_test_bsp/ps7_cortexa9_0/lib -o "LED_test.elf"  ./src/LED_test_tut_1C.o   -Wl,--start-group,-lxil,-lgcc,-lc,--end-group
Finished building target: LED_test.elf
 
Invoking: ARM Print Size
arm-xilinx-eabi-size LED_test.elf  |tee "LED_test.elf.size"
   text	   data	    bss	    dec	    hex	filename
  23844	   1168	  22596	  47608	   b9f8	LED_test.elf
Finished building: LED_test.elf.size
 
18:56:46 **** Incremental Build of configuration Debug for project LED_test ****
make all 
make: Nothing to be done for 'all'.
18:56:49 **** Incremental Build of configuration Debug for project LED_test ****
make all 
make: Nothing to be done for 'all'.
18:56:54 **** Incremental Build of configuration Debug for project LED_test ****
make all 
make: Nothing to be done for 'all'.
18:57:14 **** Auto Build of configuration Debug for project LED_test ****
make all 
Building file: ../src/LED_test_tut_1C.c
Invoking: ARM gcc compiler
arm-xilinx-eabi-gcc -Wall -O0 -g3 -c -fmessage-length=0 -MT"src/LED_test_tut_1C.o" -I../../LED_test_bsp/ps7_cortexa9_0/include -MMD -MP -MF"src/LED_test_tut_1C.d" -MT"src/LED_test_tut_1C.d" -o "src/LED_test_tut_1C.o" "../src/LED_test_tut_1C.c"
Finished building: ../src/LED_test_tut_1C.c
 
Building target: LED_test.elf
Invoking: ARM gcc linker
arm-xilinx-eabi-gcc -Wl,-T -Wl,../src/lscript.ld -L../../LED_test_bsp/ps7_cortexa9_0/lib -o "LED_test.elf"  ./src/LED_test_tut_1C.o   -Wl,--start-group,-lxil,-lgcc,-lc,--end-group
Finished building target: LED_test.elf
 
Invoking: ARM Print Size
arm-xilinx-eabi-size LED_test.elf  |tee "LED_test.elf.size"
   text	   data	    bss	    dec	    hex	filename
  23844	   1168	  22596	  47608	   b9f8	LED_test.elf
Finished building: LED_test.elf.size
 
18:57:16 **** Incremental Build of configuration Debug for project LED_test ****
make all 
make: Nothing to be done for 'all'.
18:57:50 **** Incremental Build of configuration Debug for project LED_test ****
make all 
make: Nothing to be done for 'all'.
18:57:55 **** Incremental Build of configuration Debug for project LED_test ****
make all 
make: Nothing to be done for 'all'.
18:58:52 **** Auto Build of configuration Debug for project LED_test ****
make all 
Building file: ../src/LED_test_tut_1C.c
Invoking: ARM gcc compiler
arm-xilinx-eabi-gcc -Wall -O0 -g3 -c -fmessage-length=0 -MT"src/LED_test_tut_1C.o" -I../../LED_test_bsp/ps7_cortexa9_0/include -MMD -MP -MF"src/LED_test_tut_1C.d" -MT"src/LED_test_tut_1C.d" -o "src/LED_test_tut_1C.o" "../src/LED_test_tut_1C.c"
Finished building: ../src/LED_test_tut_1C.c
 
Building target: LED_test.elf
Invoking: ARM gcc linker
arm-xilinx-eabi-gcc -Wl,-T -Wl,../src/lscript.ld -L../../LED_test_bsp/ps7_cortexa9_0/lib -o "LED_test.elf"  ./src/LED_test_tut_1C.o   -Wl,--start-group,-lxil,-lgcc,-lc,--end-group
Finished building target: LED_test.elf
 
Invoking: ARM Print Size
arm-xilinx-eabi-size LED_test.elf  |tee "LED_test.elf.size"
   text	   data	    bss	    dec	    hex	filename
  23844	   1168	  22596	  47608	   b9f8	LED_test.elf
Finished building: LED_test.elf.size
 
18:59:02 **** Incremental Build of configuration Debug for project LED_test ****
make all 
make: Nothing to be done for 'all'.
18:59:05 **** Incremental Build of configuration Debug for project LED_test ****
make all 
make: Nothing to be done for 'all'.
18:59:12 **** Incremental Build of configuration Debug for project LED_test ****
make all 
make: Nothing to be done for 'all'.
19:00:03 **** Auto Build of configuration Debug for project LED_test ****
make all 
Building file: ../src/LED_test_tut_1C.c
Invoking: ARM gcc compiler
arm-xilinx-eabi-gcc -Wall -O0 -g3 -c -fmessage-length=0 -MT"src/LED_test_tut_1C.o" -I../../LED_test_bsp/ps7_cortexa9_0/include -MMD -MP -MF"src/LED_test_tut_1C.d" -MT"src/LED_test_tut_1C.d" -o "src/LED_test_tut_1C.o" "../src/LED_test_tut_1C.c"
../src/LED_test_tut_1C.c: In function 'LEDOutputExample':
../src/LED_test_tut_1C.c:71:5: error: 'for' loop initial declarations are only allowed in C99 or C11 mode
     for(int i=0 ;i<8;i++){
     ^
../src/LED_test_tut_1C.c:71:5: note: use option -std=c99, -std=gnu99, -std=c11 or -std=gnu11 to compile your code
make: *** [src/LED_test_tut_1C.o] Error 1
src/subdir.mk:21: recipe for target 'src/LED_test_tut_1C.o' failed
19:00:07 **** Incremental Build of configuration Debug for project LED_test ****
make all 
Building file: ../src/LED_test_tut_1C.c
Invoking: ARM gcc compiler
arm-xilinx-eabi-gcc -Wall -O0 -g3 -c -fmessage-length=0 -MT"src/LED_test_tut_1C.o" -I../../LED_test_bsp/ps7_cortexa9_0/include -MMD -MP -MF"src/LED_test_tut_1C.d" -MT"src/LED_test_tut_1C.d" -o "src/LED_test_tut_1C.o" "../src/LED_test_tut_1C.c"
../src/LED_test_tut_1C.c: In function 'LEDOutputExample':
../src/LED_test_tut_1C.c:71:5: error: 'for' loop initial declarations are only allowed in C99 or C11 mode
     for(int i=0 ;i<8;i++){
     ^
../src/LED_test_tut_1C.c:71:5: note: use option -std=c99, -std=gnu99, -std=c11 or -std=gnu11 to compile your code
make: *** [src/LED_test_tut_1C.o] Error 1
src/subdir.mk:21: recipe for target 'src/LED_test_tut_1C.o' failed
19:00:11 **** Incremental Build of configuration Debug for project LED_test ****
make all 
Building file: ../src/LED_test_tut_1C.c
Invoking: ARM gcc compiler
arm-xilinx-eabi-gcc -Wall -O0 -g3 -c -fmessage-length=0 -MT"src/LED_test_tut_1C.o" -I../../LED_test_bsp/ps7_cortexa9_0/include -MMD -MP -MF"src/LED_test_tut_1C.d" -MT"src/LED_test_tut_1C.d" -o "src/LED_test_tut_1C.o" "../src/LED_test_tut_1C.c"
../src/LED_test_tut_1C.c: In function 'LEDOutputExample':
../src/LED_test_tut_1C.c:71:5: error: 'for' loop initial declarations are only allowed in C99 or C11 mode
     for(int i=0 ;i<8;i++){
     ^
../src/LED_test_tut_1C.c:71:5: note: use option -std=c99, -std=gnu99, -std=c11 or -std=gnu11 to compile your code
make: *** [src/LED_test_tut_1C.o] Error 1
src/subdir.mk:21: recipe for target 'src/LED_test_tut_1C.o' failed
19:00:41 **** Auto Build of configuration Debug for project LED_test ****
make all 
Building file: ../src/LED_test_tut_1C.c
Invoking: ARM gcc compiler
arm-xilinx-eabi-gcc -Wall -O0 -g3 -c -fmessage-length=0 -MT"src/LED_test_tut_1C.o" -I../../LED_test_bsp/ps7_cortexa9_0/include -MMD -MP -MF"src/LED_test_tut_1C.d" -MT"src/LED_test_tut_1C.d" -o "src/LED_test_tut_1C.o" "../src/LED_test_tut_1C.c"
Finished building: ../src/LED_test_tut_1C.c
 
Building target: LED_test.elf
Invoking: ARM gcc linker
arm-xilinx-eabi-gcc -Wl,-T -Wl,../src/lscript.ld -L../../LED_test_bsp/ps7_cortexa9_0/lib -o "LED_test.elf"  ./src/LED_test_tut_1C.o   -Wl,--start-group,-lxil,-lgcc,-lc,--end-group
Finished building target: LED_test.elf
 
Invoking: ARM Print Size
arm-xilinx-eabi-size LED_test.elf  |tee "LED_test.elf.size"
   text	   data	    bss	    dec	    hex	filename
  23844	   1168	  22596	  47608	   b9f8	LED_test.elf
Finished building: LED_test.elf.size
 
19:00:45 **** Incremental Build of configuration Debug for project LED_test ****
make all 
make: Nothing to be done for 'all'.
19:00:52 **** Incremental Build of configuration Debug for project LED_test ****
make all 
make: Nothing to be done for 'all'.
19:00:58 **** Incremental Build of configuration Debug for project LED_test ****
make all 
make: Nothing to be done for 'all'.
19:03:14 **** Auto Build of configuration Debug for project LED_test ****
make all 
Building file: ../src/LED_test_tut_1C.c
Invoking: ARM gcc compiler
arm-xilinx-eabi-gcc -Wall -O0 -g3 -c -fmessage-length=0 -MT"src/LED_test_tut_1C.o" -I../../LED_test_bsp/ps7_cortexa9_0/include -MMD -MP -MF"src/LED_test_tut_1C.d" -MT"src/LED_test_tut_1C.d" -o "src/LED_test_tut_1C.o" "../src/LED_test_tut_1C.c"
../src/LED_test_tut_1C.c: In function 'LEDOutputExample':
../src/LED_test_tut_1C.c:51:18: warning: unused variable 'i' [-Wunused-variable]
     volatile int i;
                  ^
../src/LED_test_tut_1C.c:47:15: warning: unused variable 'Delay' [-Wunused-variable]
  volatile int Delay;
               ^
Finished building: ../src/LED_test_tut_1C.c
 
Building target: LED_test.elf
Invoking: ARM gcc linker
arm-xilinx-eabi-gcc -Wl,-T -Wl,../src/lscript.ld -L../../LED_test_bsp/ps7_cortexa9_0/lib -o "LED_test.elf"  ./src/LED_test_tut_1C.o   -Wl,--start-group,-lxil,-lgcc,-lc,--end-group
Finished building target: LED_test.elf
 
Invoking: ARM Print Size
arm-xilinx-eabi-size LED_test.elf  |tee "LED_test.elf.size"
   text	   data	    bss	    dec	    hex	filename
  23716	   1168	  22596	  47480	   b978	LED_test.elf
Finished building: LED_test.elf.size
 
19:03:14 **** Incremental Build of configuration Debug for project LED_test ****
make all 
make: Nothing to be done for 'all'.
19:03:16 **** Incremental Build of configuration Debug for project LED_test ****
make all 
make: Nothing to be done for 'all'.
19:03:21 **** Incremental Build of configuration Debug for project LED_test ****
make all 
make: Nothing to be done for 'all'.
19:04:15 **** Auto Build of configuration Debug for project LED_test ****
make all 
Building file: ../src/LED_test_tut_1C.c
Invoking: ARM gcc compiler
arm-xilinx-eabi-gcc -Wall -O0 -g3 -c -fmessage-length=0 -MT"src/LED_test_tut_1C.o" -I../../LED_test_bsp/ps7_cortexa9_0/include -MMD -MP -MF"src/LED_test_tut_1C.d" -MT"src/LED_test_tut_1C.d" -o "src/LED_test_tut_1C.o" "../src/LED_test_tut_1C.c"
Finished building: ../src/LED_test_tut_1C.c
 
Building target: LED_test.elf
Invoking: ARM gcc linker
arm-xilinx-eabi-gcc -Wl,-T -Wl,../src/lscript.ld -L../../LED_test_bsp/ps7_cortexa9_0/lib -o "LED_test.elf"  ./src/LED_test_tut_1C.o   -Wl,--start-group,-lxil,-lgcc,-lc,--end-group
Finished building target: LED_test.elf
 
Invoking: ARM Print Size
arm-xilinx-eabi-size LED_test.elf  |tee "LED_test.elf.size"
   text	   data	    bss	    dec	    hex	filename
  23844	   1168	  22596	  47608	   b9f8	LED_test.elf
Finished building: LED_test.elf.size
 
19:04:15 **** Incremental Build of configuration Debug for project LED_test ****
make all 
make: Nothing to be done for 'all'.
19:04:22 **** Incremental Build of configuration Debug for project LED_test ****
make all 
make: Nothing to be done for 'all'.
19:04:27 **** Incremental Build of configuration Debug for project LED_test ****
make all 
make: Nothing to be done for 'all'.
19:05:02 **** Auto Build of configuration Debug for project LED_test ****
make all 
Building file: ../src/LED_test_tut_1C.c
Invoking: ARM gcc compiler
arm-xilinx-eabi-gcc -Wall -O0 -g3 -c -fmessage-length=0 -MT"src/LED_test_tut_1C.o" -I../../LED_test_bsp/ps7_cortexa9_0/include -MMD -MP -MF"src/LED_test_tut_1C.d" -MT"src/LED_test_tut_1C.d" -o "src/LED_test_tut_1C.o" "../src/LED_test_tut_1C.c"
Finished building: ../src/LED_test_tut_1C.c
 
Building target: LED_test.elf
Invoking: ARM gcc linker
arm-xilinx-eabi-gcc -Wl,-T -Wl,../src/lscript.ld -L../../LED_test_bsp/ps7_cortexa9_0/lib -o "LED_test.elf"  ./src/LED_test_tut_1C.o   -Wl,--start-group,-lxil,-lgcc,-lc,--end-group
Finished building target: LED_test.elf
 
Invoking: ARM Print Size
arm-xilinx-eabi-size LED_test.elf  |tee "LED_test.elf.size"
   text	   data	    bss	    dec	    hex	filename
  23844	   1168	  22596	  47608	   b9f8	LED_test.elf
Finished building: LED_test.elf.size
 
19:05:03 **** Incremental Build of configuration Debug for project LED_test ****
make all 
make: Nothing to be done for 'all'.
19:08:35 **** Auto Build of configuration Debug for project LED_test ****
make all 
Building file: ../src/LED_test_tut_1C.c
Invoking: ARM gcc compiler
arm-xilinx-eabi-gcc -Wall -O0 -g3 -c -fmessage-length=0 -MT"src/LED_test_tut_1C.o" -I../../LED_test_bsp/ps7_cortexa9_0/include -MMD -MP -MF"src/LED_test_tut_1C.d" -MT"src/LED_test_tut_1C.d" -o "src/LED_test_tut_1C.o" "../src/LED_test_tut_1C.c"
Finished building: ../src/LED_test_tut_1C.c
 
Building target: LED_test.elf
Invoking: ARM gcc linker
arm-xilinx-eabi-gcc -Wl,-T -Wl,../src/lscript.ld -L../../LED_test_bsp/ps7_cortexa9_0/lib -o "LED_test.elf"  ./src/LED_test_tut_1C.o   -Wl,--start-group,-lxil,-lgcc,-lc,--end-group
Finished building target: LED_test.elf
 
Invoking: ARM Print Size
arm-xilinx-eabi-size LED_test.elf  |tee "LED_test.elf.size"
   text	   data	    bss	    dec	    hex	filename
  23844	   1168	  22596	  47608	   b9f8	LED_test.elf
Finished building: LED_test.elf.size
 
19:08:39 **** Incremental Build of configuration Debug for project LED_test ****
make all 
make: Nothing to be done for 'all'.
19:08:44 **** Incremental Build of configuration Debug for project LED_test ****
make all 
make: Nothing to be done for 'all'.
19:08:52 **** Incremental Build of configuration Debug for project LED_test ****
make all 
make: Nothing to be done for 'all'.
19:10:16 **** Auto Build of configuration Debug for project LED_test ****
make all 
Building file: ../src/LED_test_tut_1C.c
Invoking: ARM gcc compiler
arm-xilinx-eabi-gcc -Wall -O0 -g3 -c -fmessage-length=0 -MT"src/LED_test_tut_1C.o" -I../../LED_test_bsp/ps7_cortexa9_0/include -MMD -MP -MF"src/LED_test_tut_1C.d" -MT"src/LED_test_tut_1C.d" -o "src/LED_test_tut_1C.o" "../src/LED_test_tut_1C.c"
Finished building: ../src/LED_test_tut_1C.c
 
Building target: LED_test.elf
Invoking: ARM gcc linker
arm-xilinx-eabi-gcc -Wl,-T -Wl,../src/lscript.ld -L../../LED_test_bsp/ps7_cortexa9_0/lib -o "LED_test.elf"  ./src/LED_test_tut_1C.o   -Wl,--start-group,-lxil,-lgcc,-lc,--end-group
Finished building target: LED_test.elf
 
Invoking: ARM Print Size
arm-xilinx-eabi-size LED_test.elf  |tee "LED_test.elf.size"
   text	   data	    bss	    dec	    hex	filename
  23844	   1168	  22596	  47608	   b9f8	LED_test.elf
Finished building: LED_test.elf.size
 
19:10:19 **** Incremental Build of configuration Debug for project LED_test ****
make all 
make: Nothing to be done for 'all'.
19:10:25 **** Incremental Build of configuration Debug for project LED_test ****
make all 
make: Nothing to be done for 'all'.
19:10:31 **** Incremental Build of configuration Debug for project LED_test ****
make all 
make: Nothing to be done for 'all'.
19:11:49 **** Auto Build of configuration Debug for project LED_test ****
make all 
Building file: ../src/LED_test_tut_1C.c
Invoking: ARM gcc compiler
arm-xilinx-eabi-gcc -Wall -O0 -g3 -c -fmessage-length=0 -MT"src/LED_test_tut_1C.o" -I../../LED_test_bsp/ps7_cortexa9_0/include -MMD -MP -MF"src/LED_test_tut_1C.d" -MT"src/LED_test_tut_1C.d" -o "src/LED_test_tut_1C.o" "../src/LED_test_tut_1C.c"
Finished building: ../src/LED_test_tut_1C.c
 
Building target: LED_test.elf
Invoking: ARM gcc linker
arm-xilinx-eabi-gcc -Wl,-T -Wl,../src/lscript.ld -L../../LED_test_bsp/ps7_cortexa9_0/lib -o "LED_test.elf"  ./src/LED_test_tut_1C.o   -Wl,--start-group,-lxil,-lgcc,-lc,--end-group
Finished building target: LED_test.elf
 
Invoking: ARM Print Size
arm-xilinx-eabi-size LED_test.elf  |tee "LED_test.elf.size"
   text	   data	    bss	    dec	    hex	filename
  23844	   1168	  22596	  47608	   b9f8	LED_test.elf
Finished building: LED_test.elf.size
 
19:11:52 **** Incremental Build of configuration Debug for project LED_test ****
make all 
make: Nothing to be done for 'all'.
19:11:58 **** Incremental Build of configuration Debug for project LED_test ****
make all 
make: Nothing to be done for 'all'.
19:12:31 **** Incremental Build of configuration Debug for project LED_test ****
make all 
make: Nothing to be done for 'all'.
19:14:14 **** Incremental Build of configuration Debug for project LED_test ****
make all 
make: Nothing to be done for 'all'.
19:14:38 **** Incremental Build of configuration Debug for project LED_test ****
make all 
make: Nothing to be done for 'all'.
19:14:55 **** Incremental Build of configuration Debug for project LED_test ****
make all 
make: Nothing to be done for 'all'.
19:16:12 **** Auto Build of configuration Debug for project LED_test ****
make all 
Building file: ../src/LED_test_tut_1C.c
Invoking: ARM gcc compiler
arm-xilinx-eabi-gcc -Wall -O0 -g3 -c -fmessage-length=0 -MT"src/LED_test_tut_1C.o" -I../../LED_test_bsp/ps7_cortexa9_0/include -MMD -MP -MF"src/LED_test_tut_1C.d" -MT"src/LED_test_tut_1C.d" -o "src/LED_test_tut_1C.o" "../src/LED_test_tut_1C.c"
Finished building: ../src/LED_test_tut_1C.c
 
Building target: LED_test.elf
Invoking: ARM gcc linker
arm-xilinx-eabi-gcc -Wl,-T -Wl,../src/lscript.ld -L../../LED_test_bsp/ps7_cortexa9_0/lib -o "LED_test.elf"  ./src/LED_test_tut_1C.o   -Wl,--start-group,-lxil,-lgcc,-lc,--end-group
Finished building target: LED_test.elf
 
Invoking: ARM Print Size
arm-xilinx-eabi-size LED_test.elf  |tee "LED_test.elf.size"
   text	   data	    bss	    dec	    hex	filename
  23844	   1168	  22596	  47608	   b9f8	LED_test.elf
Finished building: LED_test.elf.size
 
19:16:42 **** Auto Build of configuration Debug for project LED_test ****
make all 
Building file: ../src/LED_test_tut_1C.c
Invoking: ARM gcc compiler
arm-xilinx-eabi-gcc -Wall -O0 -g3 -c -fmessage-length=0 -MT"src/LED_test_tut_1C.o" -I../../LED_test_bsp/ps7_cortexa9_0/include -MMD -MP -MF"src/LED_test_tut_1C.d" -MT"src/LED_test_tut_1C.d" -o "src/LED_test_tut_1C.o" "../src/LED_test_tut_1C.c"
../src/LED_test_tut_1C.c: In function 'LEDOutputExample':
../src/LED_test_tut_1C.c:75:9: error: expected '(' before 'k'
      if k==8 k=0;
         ^
../src/LED_test_tut_1C.c:75:9: warning: statement with no effect [-Wunused-value]
make: *** [src/LED_test_tut_1C.o] Error 1
src/subdir.mk:21: recipe for target 'src/LED_test_tut_1C.o' failed
19:17:08 **** Auto Build of configuration Debug for project LED_test ****
make all 
Building file: ../src/LED_test_tut_1C.c
Invoking: ARM gcc compiler
arm-xilinx-eabi-gcc -Wall -O0 -g3 -c -fmessage-length=0 -MT"src/LED_test_tut_1C.o" -I../../LED_test_bsp/ps7_cortexa9_0/include -MMD -MP -MF"src/LED_test_tut_1C.d" -MT"src/LED_test_tut_1C.d" -o "src/LED_test_tut_1C.o" "../src/LED_test_tut_1C.c"
../src/LED_test_tut_1C.c:84:3: error: expected identifier or '(' before 'return'
   return XST_SUCCESS; /* Should be unreachable */
   ^
../src/LED_test_tut_1C.c:85:1: error: expected identifier or '(' before '}' token
 }
 ^
make: *** [src/LED_test_tut_1C.o] Error 1
src/subdir.mk:21: recipe for target 'src/LED_test_tut_1C.o' failed
19:17:11 **** Incremental Build of configuration Debug for project LED_test ****
make all 
Building file: ../src/LED_test_tut_1C.c
Invoking: ARM gcc compiler
arm-xilinx-eabi-gcc -Wall -O0 -g3 -c -fmessage-length=0 -MT"src/LED_test_tut_1C.o" -I../../LED_test_bsp/ps7_cortexa9_0/include -MMD -MP -MF"src/LED_test_tut_1C.d" -MT"src/LED_test_tut_1C.d" -o "src/LED_test_tut_1C.o" "../src/LED_test_tut_1C.c"
../src/LED_test_tut_1C.c:84:3: error: expected identifier or '(' before 'return'
   return XST_SUCCESS; /* Should be unreachable */
   ^
../src/LED_test_tut_1C.c:85:1: error: expected identifier or '(' before '}' token
 }
 ^
make: *** [src/LED_test_tut_1C.o] Error 1
src/subdir.mk:21: recipe for target 'src/LED_test_tut_1C.o' failed
19:17:48 **** Auto Build of configuration Debug for project LED_test ****
make all 
Building file: ../src/LED_test_tut_1C.c
Invoking: ARM gcc compiler
arm-xilinx-eabi-gcc -Wall -O0 -g3 -c -fmessage-length=0 -MT"src/LED_test_tut_1C.o" -I../../LED_test_bsp/ps7_cortexa9_0/include -MMD -MP -MF"src/LED_test_tut_1C.d" -MT"src/LED_test_tut_1C.d" -o "src/LED_test_tut_1C.o" "../src/LED_test_tut_1C.c"
../src/LED_test_tut_1C.c:84:3: error: expected identifier or '(' before 'return'
   return XST_SUCCESS; /* Should be unreachable */
   ^
../src/LED_test_tut_1C.c:85:1: error: expected identifier or '(' before '}' token
 }
 ^
src/subdir.mk:21: recipe for target 'src/LED_test_tut_1C.o' failed
make: *** [src/LED_test_tut_1C.o] Error 1
19:17:52 **** Incremental Build of configuration Debug for project LED_test ****
make all 
Building file: ../src/LED_test_tut_1C.c
Invoking: ARM gcc compiler
arm-xilinx-eabi-gcc -Wall -O0 -g3 -c -fmessage-length=0 -MT"src/LED_test_tut_1C.o" -I../../LED_test_bsp/ps7_cortexa9_0/include -MMD -MP -MF"src/LED_test_tut_1C.d" -MT"src/LED_test_tut_1C.d" -o "src/LED_test_tut_1C.o" "../src/LED_test_tut_1C.c"
../src/LED_test_tut_1C.c:84:3: error: expected identifier or '(' before 'return'
   return XST_SUCCESS; /* Should be unreachable */
   ^
../src/LED_test_tut_1C.c:85:1: error: expected identifier or '(' before '}' token
 }
 ^
src/subdir.mk:21: recipe for target 'src/LED_test_tut_1C.o' failed
make: *** [src/LED_test_tut_1C.o] Error 1
19:18:11 **** Auto Build of configuration Debug for project LED_test ****
make all 
Building file: ../src/LED_test_tut_1C.c
Invoking: ARM gcc compiler
arm-xilinx-eabi-gcc -Wall -O0 -g3 -c -fmessage-length=0 -MT"src/LED_test_tut_1C.o" -I../../LED_test_bsp/ps7_cortexa9_0/include -MMD -MP -MF"src/LED_test_tut_1C.d" -MT"src/LED_test_tut_1C.d" -o "src/LED_test_tut_1C.o" "../src/LED_test_tut_1C.c"
../src/LED_test_tut_1C.c:84:3: error: expected identifier or '(' before 'return'
   return XST_SUCCESS; /* Should be unreachable */
   ^
../src/LED_test_tut_1C.c:85:1: error: expected identifier or '(' before '}' token
 }
 ^
src/subdir.mk:21: recipe for target 'src/LED_test_tut_1C.o' failed
make: *** [src/LED_test_tut_1C.o] Error 1
19:18:11 **** Incremental Build of configuration Debug for project LED_test ****
make all 
Building file: ../src/LED_test_tut_1C.c
Invoking: ARM gcc compiler
arm-xilinx-eabi-gcc -Wall -O0 -g3 -c -fmessage-length=0 -MT"src/LED_test_tut_1C.o" -I../../LED_test_bsp/ps7_cortexa9_0/include -MMD -MP -MF"src/LED_test_tut_1C.d" -MT"src/LED_test_tut_1C.d" -o "src/LED_test_tut_1C.o" "../src/LED_test_tut_1C.c"
../src/LED_test_tut_1C.c:84:3: error: expected identifier or '(' before 'return'
   return XST_SUCCESS; /* Should be unreachable */
   ^
../src/LED_test_tut_1C.c:85:1: error: expected identifier or '(' before '}' token
 }
 ^
src/subdir.mk:21: recipe for target 'src/LED_test_tut_1C.o' failed
make: *** [src/LED_test_tut_1C.o] Error 1
19:18:21 **** Auto Build of configuration Debug for project LED_test ****
make all 
Building file: ../src/LED_test_tut_1C.c
Invoking: ARM gcc compiler
arm-xilinx-eabi-gcc -Wall -O0 -g3 -c -fmessage-length=0 -MT"src/LED_test_tut_1C.o" -I../../LED_test_bsp/ps7_cortexa9_0/include -MMD -MP -MF"src/LED_test_tut_1C.d" -MT"src/LED_test_tut_1C.d" -o "src/LED_test_tut_1C.o" "../src/LED_test_tut_1C.c"
Finished building: ../src/LED_test_tut_1C.c
 
Building target: LED_test.elf
Invoking: ARM gcc linker
arm-xilinx-eabi-gcc -Wl,-T -Wl,../src/lscript.ld -L../../LED_test_bsp/ps7_cortexa9_0/lib -o "LED_test.elf"  ./src/LED_test_tut_1C.o   -Wl,--start-group,-lxil,-lgcc,-lc,--end-group
Finished building target: LED_test.elf
 
Invoking: ARM Print Size
arm-xilinx-eabi-size LED_test.elf  |tee "LED_test.elf.size"
   text	   data	    bss	    dec	    hex	filename
  23844	   1168	  22596	  47608	   b9f8	LED_test.elf
Finished building: LED_test.elf.size
 
19:18:22 **** Incremental Build of configuration Debug for project LED_test ****
make all 
make: Nothing to be done for 'all'.
19:19:02 **** Auto Build of configuration Debug for project LED_test ****
make all 
Building file: ../src/LED_test_tut_1C.c
Invoking: ARM gcc compiler
arm-xilinx-eabi-gcc -Wall -O0 -g3 -c -fmessage-length=0 -MT"src/LED_test_tut_1C.o" -I../../LED_test_bsp/ps7_cortexa9_0/include -MMD -MP -MF"src/LED_test_tut_1C.d" -MT"src/LED_test_tut_1C.d" -o "src/LED_test_tut_1C.o" "../src/LED_test_tut_1C.c"
Finished building: ../src/LED_test_tut_1C.c
 
Building target: LED_test.elf
Invoking: ARM gcc linker
arm-xilinx-eabi-gcc -Wl,-T -Wl,../src/lscript.ld -L../../LED_test_bsp/ps7_cortexa9_0/lib -o "LED_test.elf"  ./src/LED_test_tut_1C.o   -Wl,--start-group,-lxil,-lgcc,-lc,--end-group
Finished building target: LED_test.elf
 
Invoking: ARM Print Size
arm-xilinx-eabi-size LED_test.elf  |tee "LED_test.elf.size"
   text	   data	    bss	    dec	    hex	filename
  23844	   1168	  22596	  47608	   b9f8	LED_test.elf
Finished building: LED_test.elf.size
 
19:19:03 **** Incremental Build of configuration Debug for project LED_test ****
make all 
make: Nothing to be done for 'all'.
19:19:06 **** Incremental Build of configuration Debug for project LED_test ****
make all 
make: Nothing to be done for 'all'.
19:19:10 **** Incremental Build of configuration Debug for project LED_test ****
make all 
make: Nothing to be done for 'all'.
19:21:12 **** Incremental Build of configuration Debug for project LED_test ****
make all 
Building file: ../src/LED_test_tut_1C.c
Invoking: ARM gcc compiler
arm-xilinx-eabi-gcc -Wall -O0 -g3 -c -fmessage-length=0 -MT"src/LED_test_tut_1C.o" -I../../LED_test_bsp/ps7_cortexa9_0/include -MMD -MP -MF"src/LED_test_tut_1C.d" -MT"src/LED_test_tut_1C.d" -o "src/LED_test_tut_1C.o" "../src/LED_test_tut_1C.c"
Finished building: ../src/LED_test_tut_1C.c
 
Building target: LED_test.elf
Invoking: ARM gcc linker
arm-xilinx-eabi-gcc -Wl,-T -Wl,../src/lscript.ld -L../../LED_test_bsp/ps7_cortexa9_0/lib -o "LED_test.elf"  ./src/LED_test_tut_1C.o   -Wl,--start-group,-lxil,-lgcc,-lc,--end-group
Finished building target: LED_test.elf
 
Invoking: ARM Print Size
arm-xilinx-eabi-size LED_test.elf  |tee "LED_test.elf.size"
   text	   data	    bss	    dec	    hex	filename
  23844	   1168	  22596	  47608	   b9f8	LED_test.elf
Finished building: LED_test.elf.size
 
19:21:18 **** Incremental Build of configuration Debug for project LED_test ****
make all 
make: Nothing to be done for 'all'.
19:23:01 **** Auto Build of configuration Debug for project LED_test ****
make all 
Building file: ../src/LED_test_tut_1C.c
Invoking: ARM gcc compiler
arm-xilinx-eabi-gcc -Wall -O0 -g3 -c -fmessage-length=0 -MT"src/LED_test_tut_1C.o" -I../../LED_test_bsp/ps7_cortexa9_0/include -MMD -MP -MF"src/LED_test_tut_1C.d" -MT"src/LED_test_tut_1C.d" -o "src/LED_test_tut_1C.o" "../src/LED_test_tut_1C.c"
../src/LED_test_tut_1C.c: In function 'LEDOutputExample':
../src/LED_test_tut_1C.c:47:15: warning: unused variable 'Delay' [-Wunused-variable]
  volatile int Delay;
               ^
Finished building: ../src/LED_test_tut_1C.c
 
Building target: LED_test.elf
Invoking: ARM gcc linker
arm-xilinx-eabi-gcc -Wl,-T -Wl,../src/lscript.ld -L../../LED_test_bsp/ps7_cortexa9_0/lib -o "LED_test.elf"  ./src/LED_test_tut_1C.o   -Wl,--start-group,-lxil,-lgcc,-lc,--end-group
Finished building target: LED_test.elf
 
Invoking: ARM Print Size
arm-xilinx-eabi-size LED_test.elf  |tee "LED_test.elf.size"
   text	   data	    bss	    dec	    hex	filename
  23844	   1168	  22596	  47608	   b9f8	LED_test.elf
Finished building: LED_test.elf.size
 
19:23:02 **** Incremental Build of configuration Debug for project LED_test ****
make all 
make: Nothing to be done for 'all'.
19:23:04 **** Incremental Build of configuration Debug for project LED_test ****
make all 
make: Nothing to be done for 'all'.
19:23:20 **** Incremental Build of configuration Debug for project LED_test ****
make all 
make: Nothing to be done for 'all'.
19:24:29 **** Incremental Build of configuration Debug for project LED_test ****
make all 
make: Nothing to be done for 'all'.
19:24:55 **** Incremental Build of configuration Debug for project LED_test ****
make all 
make: Nothing to be done for 'all'.
19:24:59 **** Incremental Build of configuration Debug for project LED_test ****
make all 
make: Nothing to be done for 'all'.
19:25:18 **** Auto Build of configuration Debug for project LED_test ****
make all 
Building file: ../src/LED_test_tut_1C.c
Invoking: ARM gcc compiler
arm-xilinx-eabi-gcc -Wall -O0 -g3 -c -fmessage-length=0 -MT"src/LED_test_tut_1C.o" -I../../LED_test_bsp/ps7_cortexa9_0/include -MMD -MP -MF"src/LED_test_tut_1C.d" -MT"src/LED_test_tut_1C.d" -o "src/LED_test_tut_1C.o" "../src/LED_test_tut_1C.c"
Finished building: ../src/LED_test_tut_1C.c
 
Building target: LED_test.elf
Invoking: ARM gcc linker
arm-xilinx-eabi-gcc -Wl,-T -Wl,../src/lscript.ld -L../../LED_test_bsp/ps7_cortexa9_0/lib -o "LED_test.elf"  ./src/LED_test_tut_1C.o   -Wl,--start-group,-lxil,-lgcc,-lc,--end-group
Finished building target: LED_test.elf
 
Invoking: ARM Print Size
arm-xilinx-eabi-size LED_test.elf  |tee "LED_test.elf.size"
   text	   data	    bss	    dec	    hex	filename
  23844	   1168	  22596	  47608	   b9f8	LED_test.elf
Finished building: LED_test.elf.size
 
19:25:20 **** Incremental Build of configuration Debug for project LED_test ****
make all 
make: Nothing to be done for 'all'.
19:25:34 **** Incremental Build of configuration Debug for project LED_test ****
make all 
make: Nothing to be done for 'all'.
19:25:43 **** Incremental Build of configuration Debug for project LED_test ****
make all 
make: Nothing to be done for 'all'.
19:25:48 **** Incremental Build of configuration Debug for project LED_test ****
make all 
make: Nothing to be done for 'all'.
19:26:07 **** Incremental Build of configuration Debug for project LED_test ****
make all 
make: Nothing to be done for 'all'.
19:26:12 **** Incremental Build of configuration Debug for project LED_test ****
make all 
make: Nothing to be done for 'all'.
19:26:59 **** Incremental Build of configuration Debug for project LED_test ****
make all 
make: Nothing to be done for 'all'.
19:27:03 **** Incremental Build of configuration Debug for project LED_test ****
make all 
make: Nothing to be done for 'all'.
19:28:32 **** Clean-only build of configuration Debug for project LED_test ****
make clean 
rm -rf  ./src/LED_test_tut_1C.o  ./src/LED_test_tut_1C.d  LED_test.elf.size  LED_test.elf
 
19:28:32 **** Auto Build of configuration Debug for project LED_test ****
make all 
Building file: ../src/LED_test_tut_1C.c
Invoking: ARM gcc compiler
arm-xilinx-eabi-gcc -Wall -O0 -g3 -c -fmessage-length=0 -MT"src/LED_test_tut_1C.o" -I../../LED_test_bsp/ps7_cortexa9_0/include -MMD -MP -MF"src/LED_test_tut_1C.d" -MT"src/LED_test_tut_1C.d" -o "src/LED_test_tut_1C.o" "../src/LED_test_tut_1C.c"
Finished building: ../src/LED_test_tut_1C.c
 
Building target: LED_test.elf
Invoking: ARM gcc linker
arm-xilinx-eabi-gcc -Wl,-T -Wl,../src/lscript.ld -L../../LED_test_bsp/ps7_cortexa9_0/lib -o "LED_test.elf"  ./src/LED_test_tut_1C.o   -Wl,--start-group,-lxil,-lgcc,-lc,--end-group
Finished building target: LED_test.elf
 
Invoking: ARM Print Size
arm-xilinx-eabi-size LED_test.elf  |tee "LED_test.elf.size"
   text	   data	    bss	    dec	    hex	filename
  23844	   1168	  22596	  47608	   b9f8	LED_test.elf
Finished building: LED_test.elf.size
 
19:28:36 **** Incremental Build of configuration Debug for project LED_test ****
make all 
make: Nothing to be done for 'all'.
19:28:41 **** Incremental Build of configuration Debug for project LED_test ****
make all 
make: Nothing to be done for 'all'.
19:30:16 **** Auto Build of configuration Debug for project LED_test ****
make all 
Building file: ../src/LED_test_tut_1C.c
Invoking: ARM gcc compiler
arm-xilinx-eabi-gcc -Wall -O0 -g3 -c -fmessage-length=0 -MT"src/LED_test_tut_1C.o" -I../../LED_test_bsp/ps7_cortexa9_0/include -MMD -MP -MF"src/LED_test_tut_1C.d" -MT"src/LED_test_tut_1C.d" -o "src/LED_test_tut_1C.o" "../src/LED_test_tut_1C.c"
../src/LED_test_tut_1C.c: In function 'LEDOutputExample':
../src/LED_test_tut_1C.c:52:9: warning: unused variable 'k' [-Wunused-variable]
     int k= 0;
         ^
../src/LED_test_tut_1C.c:51:18: warning: unused variable 'i' [-Wunused-variable]
     volatile int i;
                  ^
../src/LED_test_tut_1C.c:50:9: warning: unused variable 'test' [-Wunused-variable]
     int test[] = {8, 12, 14, 15, 7, 3, 1, 0};
         ^
Finished building: ../src/LED_test_tut_1C.c
 
Building target: LED_test.elf
Invoking: ARM gcc linker
arm-xilinx-eabi-gcc -Wl,-T -Wl,../src/lscript.ld -L../../LED_test_bsp/ps7_cortexa9_0/lib -o "LED_test.elf"  ./src/LED_test_tut_1C.o   -Wl,--start-group,-lxil,-lgcc,-lc,--end-group
Finished building target: LED_test.elf
 
Invoking: ARM Print Size
arm-xilinx-eabi-size LED_test.elf  |tee "LED_test.elf.size"
   text	   data	    bss	    dec	    hex	filename
  23780	   1168	  22596	  47544	   b9b8	LED_test.elf
Finished building: LED_test.elf.size
 
19:30:24 **** Incremental Build of configuration Debug for project LED_test ****
make all 
make: Nothing to be done for 'all'.
19:30:27 **** Incremental Build of configuration Debug for project LED_test ****
make all 
make: Nothing to be done for 'all'.
19:32:03 **** Incremental Build of configuration Debug for project LED_test ****
make all 
make: Nothing to be done for 'all'.
19:32:08 **** Incremental Build of configuration Debug for project LED_test ****
make all 
make: Nothing to be done for 'all'.
19:32:45 **** Auto Build of configuration Debug for project LED_test ****
make all 
Building file: ../src/LED_test_tut_1C.c
Invoking: ARM gcc compiler
arm-xilinx-eabi-gcc -Wall -O0 -g3 -c -fmessage-length=0 -MT"src/LED_test_tut_1C.o" -I../../LED_test_bsp/ps7_cortexa9_0/include -MMD -MP -MF"src/LED_test_tut_1C.d" -MT"src/LED_test_tut_1C.d" -o "src/LED_test_tut_1C.o" "../src/LED_test_tut_1C.c"
Finished building: ../src/LED_test_tut_1C.c
 
Building target: LED_test.elf
Invoking: ARM gcc linker
arm-xilinx-eabi-gcc -Wl,-T -Wl,../src/lscript.ld -L../../LED_test_bsp/ps7_cortexa9_0/lib -o "LED_test.elf"  ./src/LED_test_tut_1C.o   -Wl,--start-group,-lxil,-lgcc,-lc,--end-group
Finished building target: LED_test.elf
 
Invoking: ARM Print Size
arm-xilinx-eabi-size LED_test.elf  |tee "LED_test.elf.size"
   text	   data	    bss	    dec	    hex	filename
  23908	   1168	  22596	  47672	   ba38	LED_test.elf
Finished building: LED_test.elf.size
 
19:32:47 **** Incremental Build of configuration Debug for project LED_test ****
make all 
make: Nothing to be done for 'all'.
19:32:54 **** Incremental Build of configuration Debug for project LED_test ****
make all 
make: Nothing to be done for 'all'.
19:34:01 **** Auto Build of configuration Debug for project LED_test ****
make all 
Building file: ../src/LED_test_tut_1C.c
Invoking: ARM gcc compiler
arm-xilinx-eabi-gcc -Wall -O0 -g3 -c -fmessage-length=0 -MT"src/LED_test_tut_1C.o" -I../../LED_test_bsp/ps7_cortexa9_0/include -MMD -MP -MF"src/LED_test_tut_1C.d" -MT"src/LED_test_tut_1C.d" -o "src/LED_test_tut_1C.o" "../src/LED_test_tut_1C.c"
Finished building: ../src/LED_test_tut_1C.c
 
Building target: LED_test.elf
Invoking: ARM gcc linker
arm-xilinx-eabi-gcc -Wl,-T -Wl,../src/lscript.ld -L../../LED_test_bsp/ps7_cortexa9_0/lib -o "LED_test.elf"  ./src/LED_test_tut_1C.o   -Wl,--start-group,-lxil,-lgcc,-lc,--end-group
Finished building target: LED_test.elf
 
Invoking: ARM Print Size
arm-xilinx-eabi-size LED_test.elf  |tee "LED_test.elf.size"
   text	   data	    bss	    dec	    hex	filename
  23908	   1168	  22596	  47672	   ba38	LED_test.elf
Finished building: LED_test.elf.size
 
19:34:05 **** Incremental Build of configuration Debug for project LED_test ****
make all 
make: Nothing to be done for 'all'.
19:34:10 **** Incremental Build of configuration Debug for project LED_test ****
make all 
make: Nothing to be done for 'all'.
19:34:41 **** Auto Build of configuration Debug for project LED_test ****
make all 
Building file: ../src/LED_test_tut_1C.c
Invoking: ARM gcc compiler
arm-xilinx-eabi-gcc -Wall -O0 -g3 -c -fmessage-length=0 -MT"src/LED_test_tut_1C.o" -I../../LED_test_bsp/ps7_cortexa9_0/include -MMD -MP -MF"src/LED_test_tut_1C.d" -MT"src/LED_test_tut_1C.d" -o "src/LED_test_tut_1C.o" "../src/LED_test_tut_1C.c"
Finished building: ../src/LED_test_tut_1C.c
 
Building target: LED_test.elf
Invoking: ARM gcc linker
arm-xilinx-eabi-gcc -Wl,-T -Wl,../src/lscript.ld -L../../LED_test_bsp/ps7_cortexa9_0/lib -o "LED_test.elf"  ./src/LED_test_tut_1C.o   -Wl,--start-group,-lxil,-lgcc,-lc,--end-group
Finished building target: LED_test.elf
 
Invoking: ARM Print Size
arm-xilinx-eabi-size LED_test.elf  |tee "LED_test.elf.size"
   text	   data	    bss	    dec	    hex	filename
  23908	   1168	  22596	  47672	   ba38	LED_test.elf
Finished building: LED_test.elf.size
 
19:34:43 **** Incremental Build of configuration Debug for project LED_test ****
make all 
make: Nothing to be done for 'all'.
19:34:48 **** Incremental Build of configuration Debug for project LED_test ****
make all 
make: Nothing to be done for 'all'.
19:35:40 **** Auto Build of configuration Debug for project LED_test ****
make all 
Building file: ../src/LED_test_tut_1C.c
[...]
     int test[] = {8, 12, 14, 15, 7, 3, 1, 0};
         ^
Finished building: ../src/LED_test_tut_1C.c
 
Building target: LED_test.elf
Invoking: ARM gcc linker
arm-xilinx-eabi-gcc -Wl,-T -Wl,../src/lscript.ld -L../../LED_test_bsp/ps7_cortexa9_0/lib -o "LED_test.elf"  ./src/LED_test_tut_1C.o   -Wl,--start-group,-lxil,-lgcc,-lc,--end-group
Finished building target: LED_test.elf
 
Invoking: ARM Print Size
arm-xilinx-eabi-size LED_test.elf  |tee "LED_test.elf.size"
   text	   data	    bss	    dec	    hex	filename
  23844	   1168	  22596	  47608	   b9f8	LED_test.elf
Finished building: LED_test.elf.size
 
19:42:31 **** Incremental Build of configuration Debug for project LED_test ****
make all 
make: Nothing to be done for 'all'.
19:42:33 **** Incremental Build of configuration Debug for project LED_test ****
make all 
make: Nothing to be done for 'all'.
19:42:37 **** Incremental Build of configuration Debug for project LED_test ****
make all 
make: Nothing to be done for 'all'.
19:44:00 **** Auto Build of configuration Debug for project LED_test ****
make all 
Building file: ../src/LED_test_tut_1C.c
Invoking: ARM gcc compiler
arm-xilinx-eabi-gcc -Wall -O0 -g3 -c -fmessage-length=0 -MT"src/LED_test_tut_1C.o" -I../../LED_test_bsp/ps7_cortexa9_0/include -MMD -MP -MF"src/LED_test_tut_1C.d" -MT"src/LED_test_tut_1C.d" -o "src/LED_test_tut_1C.o" "../src/LED_test_tut_1C.c"
../src/LED_test_tut_1C.c: In function 'LEDOutputExample':
../src/LED_test_tut_1C.c:52:9: warning: unused variable 'k' [-Wunused-variable]
     int k= 0;
         ^
../src/LED_test_tut_1C.c:51:18: warning: unused variable 'i' [-Wunused-variable]
     volatile int i;
                  ^
../src/LED_test_tut_1C.c:50:9: warning: unused variable 'test' [-Wunused-variable]
     int test[] = {8, 12, 14, 15, 7, 3, 1, 0};
         ^
Finished building: ../src/LED_test_tut_1C.c
 
Building target: LED_test.elf
Invoking: ARM gcc linker
arm-xilinx-eabi-gcc -Wl,-T -Wl,../src/lscript.ld -L../../LED_test_bsp/ps7_cortexa9_0/lib -o "LED_test.elf"  ./src/LED_test_tut_1C.o   -Wl,--start-group,-lxil,-lgcc,-lc,--end-group
Finished building target: LED_test.elf
 
Invoking: ARM Print Size
arm-xilinx-eabi-size LED_test.elf  |tee "LED_test.elf.size"
   text	   data	    bss	    dec	    hex	filename
  23844	   1168	  22596	  47608	   b9f8	LED_test.elf
Finished building: LED_test.elf.size
 
19:44:03 **** Incremental Build of configuration Debug for project LED_test ****
make all 
make: Nothing to be done for 'all'.
19:44:05 **** Incremental Build of configuration Debug for project LED_test ****
make all 
make: Nothing to be done for 'all'.
19:44:10 **** Incremental Build of configuration Debug for project LED_test ****
make all 
make: Nothing to be done for 'all'.
19:49:37 **** Auto Build of configuration Debug for project LED_test ****
make all 
Building file: ../src/LED_test_tut_1C.c
Invoking: ARM gcc compiler
arm-xilinx-eabi-gcc -Wall -O0 -g3 -c -fmessage-length=0 -MT"src/LED_test_tut_1C.o" -I../../LED_test_bsp/ps7_cortexa9_0/include -MMD -MP -MF"src/LED_test_tut_1C.d" -MT"src/LED_test_tut_1C.d" -o "src/LED_test_tut_1C.o" "../src/LED_test_tut_1C.c"
../src/LED_test_tut_1C.c: In function 'LEDOutputExample':
../src/LED_test_tut_1C.c:73:6: warning: array subscript has type 'char' [-Wchar-subscripts]
      led = test[k];
      ^
Finished building: ../src/LED_test_tut_1C.c
 
Building target: LED_test.elf
Invoking: ARM gcc linker
arm-xilinx-eabi-gcc -Wl,-T -Wl,../src/lscript.ld -L../../LED_test_bsp/ps7_cortexa9_0/lib -o "LED_test.elf"  ./src/LED_test_tut_1C.o   -Wl,--start-group,-lxil,-lgcc,-lc,--end-group
Finished building target: LED_test.elf
 
Invoking: ARM Print Size
arm-xilinx-eabi-size LED_test.elf  |tee "LED_test.elf.size"
   text	   data	    bss	    dec	    hex	filename
  23820	   1168	  22596	  47584	   b9e0	LED_test.elf
Finished building: LED_test.elf.size
 
19:49:38 **** Incremental Build of configuration Debug for project LED_test ****
make all 
make: Nothing to be done for 'all'.
19:49:40 **** Incremental Build of configuration Debug for project LED_test ****
make all 
make: Nothing to be done for 'all'.
19:49:44 **** Incremental Build of configuration Debug for project LED_test ****
make all 
make: Nothing to be done for 'all'.
19:50:29 **** Auto Build of configuration Debug for project LED_test ****
make all 
Building file: ../src/LED_test_tut_1C.c
Invoking: ARM gcc compiler
arm-xilinx-eabi-gcc -Wall -O0 -g3 -c -fmessage-length=0 -MT"src/LED_test_tut_1C.o" -I../../LED_test_bsp/ps7_cortexa9_0/include -MMD -MP -MF"src/LED_test_tut_1C.d" -MT"src/LED_test_tut_1C.d" -o "src/LED_test_tut_1C.o" "../src/LED_test_tut_1C.c"
../src/LED_test_tut_1C.c: In function 'LEDOutputExample':
../src/LED_test_tut_1C.c:73:6: warning: array subscript has type 'char' [-Wchar-subscripts]
      led = test[k];
      ^
Finished building: ../src/LED_test_tut_1C.c
 
Building target: LED_test.elf
Invoking: ARM gcc linker
arm-xilinx-eabi-gcc -Wl,-T -Wl,../src/lscript.ld -L../../LED_test_bsp/ps7_cortexa9_0/lib -o "LED_test.elf"  ./src/LED_test_tut_1C.o   -Wl,--start-group,-lxil,-lgcc,-lc,--end-group
Finished building target: LED_test.elf
 
Invoking: ARM Print Size
arm-xilinx-eabi-size LED_test.elf  |tee "LED_test.elf.size"
   text	   data	    bss	    dec	    hex	filename
  23820	   1168	  22596	  47584	   b9e0	LED_test.elf
Finished building: LED_test.elf.size
 
19:50:30 **** Incremental Build of configuration Debug for project LED_test ****
make all 
make: Nothing to be done for 'all'.
19:50:32 **** Incremental Build of configuration Debug for project LED_test ****
make all 
make: Nothing to be done for 'all'.
19:50:36 **** Incremental Build of configuration Debug for project LED_test ****
make all 
make: Nothing to be done for 'all'.
19:51:30 **** Auto Build of configuration Debug for project LED_test ****
make all 
Building file: ../src/LED_test_tut_1C.c
Invoking: ARM gcc compiler
arm-xilinx-eabi-gcc -Wall -O0 -g3 -c -fmessage-length=0 -MT"src/LED_test_tut_1C.o" -I../../LED_test_bsp/ps7_cortexa9_0/include -MMD -MP -MF"src/LED_test_tut_1C.d" -MT"src/LED_test_tut_1C.d" -o "src/LED_test_tut_1C.o" "../src/LED_test_tut_1C.c"
Finished building: ../src/LED_test_tut_1C.c
 
Building target: LED_test.elf
Invoking: ARM gcc linker
arm-xilinx-eabi-gcc -Wl,-T -Wl,../src/lscript.ld -L../../LED_test_bsp/ps7_cortexa9_0/lib -o "LED_test.elf"  ./src/LED_test_tut_1C.o   -Wl,--start-group,-lxil,-lgcc,-lc,--end-group
Finished building target: LED_test.elf
 
Invoking: ARM Print Size
arm-xilinx-eabi-size LED_test.elf  |tee "LED_test.elf.size"
   text	   data	    bss	    dec	    hex	filename
  23820	   1168	  22596	  47584	   b9e0	LED_test.elf
Finished building: LED_test.elf.size
 
19:51:31 **** Incremental Build of configuration Debug for project LED_test ****
make all 
make: Nothing to be done for 'all'.
19:51:39 **** Incremental Build of configuration Debug for project LED_test ****
make all 
make: Nothing to be done for 'all'.
19:51:55 **** Incremental Build of configuration Debug for project LED_test ****
make all 
make: Nothing to be done for 'all'.
19:51:59 **** Incremental Build of configuration Debug for project LED_test ****
make all 
make: Nothing to be done for 'all'.
19:52:08 **** Incremental Build of configuration Debug for project LED_test ****
make all 
make: Nothing to be done for 'all'.
19:52:20 **** Incremental Build of configuration Debug for project LED_test ****
make all 
make: Nothing to be done for 'all'.
19:52:29 **** Incremental Build of configuration Debug for project LED_test ****
make all 
make: Nothing to be done for 'all'.
19:53:48 **** Incremental Build of configuration Debug for project LED_test ****
make all 
make: Nothing to be done for 'all'.
19:54:14 **** Incremental Build of configuration Debug for project LED_test ****
make all 
make: Nothing to be done for 'all'.
19:55:57 **** Auto Build of configuration Debug for project LED_test ****
make all 
Building file: ../src/LED_test_tut_1C.c
Invoking: ARM gcc compiler
arm-xilinx-eabi-gcc -Wall -O0 -g3 -c -fmessage-length=0 -MT"src/LED_test_tut_1C.o" -I../../LED_test_bsp/ps7_cortexa9_0/include -MMD -MP -MF"src/LED_test_tut_1C.d" -MT"src/LED_test_tut_1C.d" -o "src/LED_test_tut_1C.o" "../src/LED_test_tut_1C.c"
Finished building: ../src/LED_test_tut_1C.c
 
Building target: LED_test.elf
Invoking: ARM gcc linker
arm-xilinx-eabi-gcc -Wl,-T -Wl,../src/lscript.ld -L../../LED_test_bsp/ps7_cortexa9_0/lib -o "LED_test.elf"  ./src/LED_test_tut_1C.o   -Wl,--start-group,-lxil,-lgcc,-lc,--end-group
Finished building target: LED_test.elf
 
Invoking: ARM Print Size
arm-xilinx-eabi-size LED_test.elf  |tee "LED_test.elf.size"
   text	   data	    bss	    dec	    hex	filename
  23820	   1168	  22596	  47584	   b9e0	LED_test.elf
Finished building: LED_test.elf.size
 
19:56:01 **** Incremental Build of configuration Debug for project LED_test ****
make all 
make: Nothing to be done for 'all'.
19:59:51 **** Auto Build of configuration Debug for project LED_test ****
make all 
Building file: ../src/LED_test_tut_1C.c
Invoking: ARM gcc compiler
arm-xilinx-eabi-gcc -Wall -O0 -g3 -c -fmessage-length=0 -MT"src/LED_test_tut_1C.o" -I../../LED_test_bsp/ps7_cortexa9_0/include -MMD -MP -MF"src/LED_test_tut_1C.d" -MT"src/LED_test_tut_1C.d" -o "src/LED_test_tut_1C.o" "../src/LED_test_tut_1C.c"
Finished building: ../src/LED_test_tut_1C.c
 
Building target: LED_test.elf
Invoking: ARM gcc linker
arm-xilinx-eabi-gcc -Wl,-T -Wl,../src/lscript.ld -L../../LED_test_bsp/ps7_cortexa9_0/lib -o "LED_test.elf"  ./src/LED_test_tut_1C.o   -Wl,--start-group,-lxil,-lgcc,-lc,--end-group
Finished building target: LED_test.elf
 
Invoking: ARM Print Size
arm-xilinx-eabi-size LED_test.elf  |tee "LED_test.elf.size"
   text	   data	    bss	    dec	    hex	filename
  23820	   1168	  22596	  47584	   b9e0	LED_test.elf
Finished building: LED_test.elf.size
 
20:00:03 **** Incremental Build of configuration Debug for project LED_test ****
make all 
make: Nothing to be done for 'all'.
20:00:56 **** Incremental Build of configuration Debug for project LED_test ****
make all 
make: Nothing to be done for 'all'.
20:00:58 **** Incremental Build of configuration Debug for project LED_test ****
make all 
make: Nothing to be done for 'all'.
20:08:46 **** Auto Build of configuration Debug for project LED_test ****
make all 
Building file: ../src/LED_test_tut_1C.c
Invoking: ARM gcc compiler
arm-xilinx-eabi-gcc -Wall -O0 -g3 -c -fmessage-length=0 -MT"src/LED_test_tut_1C.o" -I../../LED_test_bsp/ps7_cortexa9_0/include -MMD -MP -MF"src/LED_test_tut_1C.d" -MT"src/LED_test_tut_1C.d" -o "src/LED_test_tut_1C.o" "../src/LED_test_tut_1C.c"
Finished building: ../src/LED_test_tut_1C.c
 
Building target: LED_test.elf
Invoking: ARM gcc linker
arm-xilinx-eabi-gcc -Wl,-T -Wl,../src/lscript.ld -L../../LED_test_bsp/ps7_cortexa9_0/lib -o "LED_test.elf"  ./src/LED_test_tut_1C.o   -Wl,--start-group,-lxil,-lgcc,-lc,--end-group
Finished building target: LED_test.elf
 
Invoking: ARM Print Size
arm-xilinx-eabi-size LED_test.elf  |tee "LED_test.elf.size"
   text	   data	    bss	    dec	    hex	filename
  23820	   1168	  22596	  47584	   b9e0	LED_test.elf
Finished building: LED_test.elf.size
 
20:08:46 **** Incremental Build of configuration Debug for project LED_test ****
make all 
make: Nothing to be done for 'all'.
20:09:25 **** Auto Build of configuration Debug for project LED_test ****
make all 
Building file: ../src/LED_test_tut_1C.c
Invoking: ARM gcc compiler
arm-xilinx-eabi-gcc -Wall -O0 -g3 -c -fmessage-length=0 -MT"src/LED_test_tut_1C.o" -I../../LED_test_bsp/ps7_cortexa9_0/include -MMD -MP -MF"src/LED_test_tut_1C.d" -MT"src/LED_test_tut_1C.d" -o "src/LED_test_tut_1C.o" "../src/LED_test_tut_1C.c"
../src/LED_test_tut_1C.c: In function 'LEDOutputExample':
../src/LED_test_tut_1C.c:54:10: warning: unused variable 'k' [-Wunused-variable]
     char k= 0;
          ^
Finished building: ../src/LED_test_tut_1C.c
 
Building target: LED_test.elf
Invoking: ARM gcc linker
arm-xilinx-eabi-gcc -Wl,-T -Wl,../src/lscript.ld -L../../LED_test_bsp/ps7_cortexa9_0/lib -o "LED_test.elf"  ./src/LED_test_tut_1C.o   -Wl,--start-group,-lxil,-lgcc,-lc,--end-group
Finished building target: LED_test.elf
 
Invoking: ARM Print Size
arm-xilinx-eabi-size LED_test.elf  |tee "LED_test.elf.size"
   text	   data	    bss	    dec	    hex	filename
  23756	   1168	  22596	  47520	   b9a0	LED_test.elf
Finished building: LED_test.elf.size
 
20:09:29 **** Incremental Build of configuration Debug for project LED_test ****
make all 
make: Nothing to be done for 'all'.
20:10:03 **** Auto Build of configuration Debug for project LED_test ****
make all 
Building file: ../src/LED_test_tut_1C.c
Invoking: ARM gcc compiler
arm-xilinx-eabi-gcc -Wall -O0 -g3 -c -fmessage-length=0 -MT"src/LED_test_tut_1C.o" -I../../LED_test_bsp/ps7_cortexa9_0/include -MMD -MP -MF"src/LED_test_tut_1C.d" -MT"src/LED_test_tut_1C.d" -o "src/LED_test_tut_1C.o" "../src/LED_test_tut_1C.c"
../src/LED_test_tut_1C.c: In function 'LEDOutputExample':
../src/LED_test_tut_1C.c:54:10: warning: unused variable 'k' [-Wunused-variable]
     char k= 0;
          ^
Finished building: ../src/LED_test_tut_1C.c
 
Building target: LED_test.elf
Invoking: ARM gcc linker
arm-xilinx-eabi-gcc -Wl,-T -Wl,../src/lscript.ld -L../../LED_test_bsp/ps7_cortexa9_0/lib -o "LED_test.elf"  ./src/LED_test_tut_1C.o   -Wl,--start-group,-lxil,-lgcc,-lc,--end-group
Finished building target: LED_test.elf
 
Invoking: ARM Print Size
arm-xilinx-eabi-size LED_test.elf  |tee "LED_test.elf.size"
   text	   data	    bss	    dec	    hex	filename
  23756	   1168	  22596	  47520	   b9a0	LED_test.elf
Finished building: LED_test.elf.size
 
20:10:09 **** Incremental Build of configuration Debug for project LED_test ****
make all 
make: Nothing to be done for 'all'.
20:10:50 **** Auto Build of configuration Debug for project LED_test ****
make all 
Building file: ../src/LED_test_tut_1C.c
Invoking: ARM gcc compiler
arm-xilinx-eabi-gcc -Wall -O0 -g3 -c -fmessage-length=0 -MT"src/LED_test_tut_1C.o" -I../../LED_test_bsp/ps7_cortexa9_0/include -MMD -MP -MF"src/LED_test_tut_1C.d" -MT"src/LED_test_tut_1C.d" -o "src/LED_test_tut_1C.o" "../src/LED_test_tut_1C.c"
Finished building: ../src/LED_test_tut_1C.c
 
Building target: LED_test.elf
Invoking: ARM gcc linker
arm-xilinx-eabi-gcc -Wl,-T -Wl,../src/lscript.ld -L../../LED_test_bsp/ps7_cortexa9_0/lib -o "LED_test.elf"  ./src/LED_test_tut_1C.o   -Wl,--start-group,-lxil,-lgcc,-lc,--end-group
Finished building target: LED_test.elf
 
Invoking: ARM Print Size
arm-xilinx-eabi-size LED_test.elf  |tee "LED_test.elf.size"
   text	   data	    bss	    dec	    hex	filename
  23756	   1168	  22596	  47520	   b9a0	LED_test.elf
Finished building: LED_test.elf.size
 
20:12:04 **** Auto Build of configuration Debug for project LED_test ****
make all 
Building file: ../src/LED_test_tut_1C.c
Invoking: ARM gcc compiler
arm-xilinx-eabi-gcc -Wall -O0 -g3 -c -fmessage-length=0 -MT"src/LED_test_tut_1C.o" -I../../LED_test_bsp/ps7_cortexa9_0/include -MMD -MP -MF"src/LED_test_tut_1C.d" -MT"src/LED_test_tut_1C.d" -o "src/LED_test_tut_1C.o" "../src/LED_test_tut_1C.c"
../src/LED_test_tut_1C.c:89:3: error: expected identifier or '(' before 'return'
   return XST_SUCCESS; /* Should be unreachable */
   ^
../src/LED_test_tut_1C.c:90:1: error: expected identifier or '(' before '}' token
 }
 ^
make: *** [src/LED_test_tut_1C.o] Error 1
src/subdir.mk:21: recipe for target 'src/LED_test_tut_1C.o' failed
20:12:14 **** Incremental Build of configuration Debug for project LED_test ****
make all 
Building file: ../src/LED_test_tut_1C.c
Invoking: ARM gcc compiler
arm-xilinx-eabi-gcc -Wall -O0 -g3 -c -fmessage-length=0 -MT"src/LED_test_tut_1C.o" -I../../LED_test_bsp/ps7_cortexa9_0/include -MMD -MP -MF"src/LED_test_tut_1C.d" -MT"src/LED_test_tut_1C.d" -o "src/LED_test_tut_1C.o" "../src/LED_test_tut_1C.c"
../src/LED_test_tut_1C.c:89:3: error: expected identifier or '(' before 'return'
   return XST_SUCCESS; /* Should be unreachable */
   ^
../src/LED_test_tut_1C.c:90:1: error: expected identifier or '(' before '}' token
 }
 ^
make: *** [src/LED_test_tut_1C.o] Error 1
src/subdir.mk:21: recipe for target 'src/LED_test_tut_1C.o' failed
20:13:00 **** Auto Build of configuration Debug for project LED_test ****
make all 
Building file: ../src/LED_test_tut_1C.c
Invoking: ARM gcc compiler
arm-xilinx-eabi-gcc -Wall -O0 -g3 -c -fmessage-length=0 -MT"src/LED_test_tut_1C.o" -I../../LED_test_bsp/ps7_cortexa9_0/include -MMD -MP -MF"src/LED_test_tut_1C.d" -MT"src/LED_test_tut_1C.d" -o "src/LED_test_tut_1C.o" "../src/LED_test_tut_1C.c"
../src/LED_test_tut_1C.c:87:3: error: expected identifier or '(' before 'return'
   return XST_SUCCESS; /* Should be unreachable */
   ^
../src/LED_test_tut_1C.c:88:1: error: expected identifier or '(' before '}' token
 }
 ^
make: *** [src/LED_test_tut_1C.o] Error 1
src/subdir.mk:21: recipe for target 'src/LED_test_tut_1C.o' failed
20:13:10 **** Auto Build of configuration Debug for project LED_test ****
make all 
Building file: ../src/LED_test_tut_1C.c
Invoking: ARM gcc compiler
arm-xilinx-eabi-gcc -Wall -O0 -g3 -c -fmessage-length=0 -MT"src/LED_test_tut_1C.o" -I../../LED_test_bsp/ps7_cortexa9_0/include -MMD -MP -MF"src/LED_test_tut_1C.d" -MT"src/LED_test_tut_1C.d" -o "src/LED_test_tut_1C.o" "../src/LED_test_tut_1C.c"
Finished building: ../src/LED_test_tut_1C.c
 
Building target: LED_test.elf
Invoking: ARM gcc linker
arm-xilinx-eabi-gcc -Wl,-T -Wl,../src/lscript.ld -L../../LED_test_bsp/ps7_cortexa9_0/lib -o "LED_test.elf"  ./src/LED_test_tut_1C.o   -Wl,--start-group,-lxil,-lgcc,-lc,--end-group
Finished building target: LED_test.elf
 
Invoking: ARM Print Size
arm-xilinx-eabi-size LED_test.elf  |tee "LED_test.elf.size"
   text	   data	    bss	    dec	    hex	filename
  23756	   1168	  22596	  47520	   b9a0	LED_test.elf
Finished building: LED_test.elf.size
 
20:13:36 **** Auto Build of configuration Debug for project LED_test ****
make all 
Building file: ../src/LED_test_tut_1C.c
Invoking: ARM gcc compiler
arm-xilinx-eabi-gcc -Wall -O0 -g3 -c -fmessage-length=0 -MT"src/LED_test_tut_1C.o" -I../../LED_test_bsp/ps7_cortexa9_0/include -MMD -MP -MF"src/LED_test_tut_1C.d" -MT"src/LED_test_tut_1C.d" -o "src/LED_test_tut_1C.o" "../src/LED_test_tut_1C.c"
Finished building: ../src/LED_test_tut_1C.c
 
Building target: LED_test.elf
Invoking: ARM gcc linker
arm-xilinx-eabi-gcc -Wl,-T -Wl,../src/lscript.ld -L../../LED_test_bsp/ps7_cortexa9_0/lib -o "LED_test.elf"  ./src/LED_test_tut_1C.o   -Wl,--start-group,-lxil,-lgcc,-lc,--end-group
Finished building target: LED_test.elf
 
Invoking: ARM Print Size
arm-xilinx-eabi-size LED_test.elf  |tee "LED_test.elf.size"
   text	   data	    bss	    dec	    hex	filename
  23820	   1168	  22596	  47584	   b9e0	LED_test.elf
Finished building: LED_test.elf.size
 
20:13:55 **** Auto Build of configuration Debug for project LED_test ****
make all 
Building file: ../src/LED_test_tut_1C.c
Invoking: ARM gcc compiler
arm-xilinx-eabi-gcc -Wall -O0 -g3 -c -fmessage-length=0 -MT"src/LED_test_tut_1C.o" -I../../LED_test_bsp/ps7_cortexa9_0/include -MMD -MP -MF"src/LED_test_tut_1C.d" -MT"src/LED_test_tut_1C.d" -o "src/LED_test_tut_1C.o" "../src/LED_test_tut_1C.c"
Finished building: ../src/LED_test_tut_1C.c
 
Building target: LED_test.elf
Invoking: ARM gcc linker
arm-xilinx-eabi-gcc -Wl,-T -Wl,../src/lscript.ld -L../../LED_test_bsp/ps7_cortexa9_0/lib -o "LED_test.elf"  ./src/LED_test_tut_1C.o   -Wl,--start-group,-lxil,-lgcc,-lc,--end-group
Finished building target: LED_test.elf
 
Invoking: ARM Print Size
arm-xilinx-eabi-size LED_test.elf  |tee "LED_test.elf.size"
   text	   data	    bss	    dec	    hex	filename
  23840	   1168	  22596	  47604	   b9f4	LED_test.elf
Finished building: LED_test.elf.size
 
20:14:17 **** Incremental Build of configuration Debug for project LED_test ****
make all 
make: Nothing to be done for 'all'.
20:14:20 **** Incremental Build of configuration Debug for project LED_test ****
make all 
make: Nothing to be done for 'all'.
