#-----------------------------------------------------------
# Vivado v2015.2 (64-bit)
# SW Build 1266856 on Fri Jun 26 16:35:25 MDT 2015
# IP Build 1264090 on Wed Jun 24 14:22:01 MDT 2015
# Start of session at: Thu Nov 19 12:02:42 2015
# Process ID: 5796
# Log file: C:/Users/mr_co_000/Documents/GitHub/ECE495/Homework/Homework4_V2/homework4_v2/vivado.log
# Journal file: C:/Users/mr_co_000/Documents/GitHub/ECE495/Homework/Homework4_V2/homework4_v2\vivado.jou
#-----------------------------------------------------------
start_gui
open_project C:/Users/mr_co_000/Documents/GitHub/ECE495/Homework/Homework4_V2/homework4_v2/homework4_v2.xpr
launch_simulation
open_wave_config C:/Users/mr_co_000/Documents/GitHub/ECE495/Homework/Homework4_V2/homework4_v2/pipe_tb_behav.wcfg
source pipe_tb.tcl
# Disabling source management mode.  This is to allow the top design properties to be set without GUI intervention.
set_property source_mgmt_mode None [current_project]
set_property top pipe_tb_text [get_filesets sim_1]
set_property top_lib xil_defaultlib [get_filesets sim_1]
# Re-enabling previously disabled source management mode.
set_property source_mgmt_mode All [current_project]
update_compile_order -fileset sim_1
launch_simulation
launch_simulation
launch_simulation
launch_simulation
launch_simulation
launch_simulation
launch_simulation
launch_simulation
launch_simulation
launch_simulation
launch_simulation
launch_simulation
launch_simulation
launch_simulation
launch_simulation
launch_simulation
remove_files -fileset sim_1 C:/Users/mr_co_000/Documents/GitHub/ECE495/Homework/Homework4_V2/atb_test.vhd
# Disabling source management mode.  This is to allow the top design properties to be set without GUI intervention.
set_property source_mgmt_mode None [current_project]
# Re-enabling previously disabled source management mode.
set_property source_mgmt_mode All [current_project]
launch_simulation
launch_simulation
launch_simulation
update_compile_order -fileset sim_1
update_compile_order -fileset sim_1
update_compile_order -fileset sim_1
# Disabling source management mode.  This is to allow the top design properties to be set without GUI intervention.
set_property source_mgmt_mode None [current_project]
set_property top pipe_tb_text [get_filesets sim_1]
set_property top_lib xil_defaultlib [get_filesets sim_1]
# Re-enabling previously disabled source management mode.
set_property source_mgmt_mode All [current_project]
update_compile_order -fileset sim_1
launch_simulation
launch_simulation
launch_simulation
launch_simulation
launch_simulation
launch_simulation
reset_run synth_1
launch_runs synth_1
wait_on_run synth_1
launch_simulation
launch_simulation
launch_simulation
launch_simulation
add_files -fileset constrs_1 -norecurse {C:/Users/mr_co_000/Documents/GitHub/ECE495/Homework/Homework4_V2/hw4_rotation.txt C:/Users/mr_co_000/Documents/GitHub/ECE495/Homework/Homework4_V2/hw4_vectoring.txt}
remove_files -fileset constrs_1 {C:/Users/mr_co_000/Documents/GitHub/ECE495/Homework/Homework4_V2/hw4_rotation.txt C:/Users/mr_co_000/Documents/GitHub/ECE495/Homework/Homework4_V2/hw4_vectoring.txt}
set_property SOURCE_SET sources_1 [get_filesets sim_1]
add_files -fileset sim_1 -norecurse {C:/Users/mr_co_000/Documents/GitHub/ECE495/Homework/Homework4_V2/hw4_rotation.txt C:/Users/mr_co_000/Documents/GitHub/ECE495/Homework/Homework4_V2/hw4_vectoring.txt}
launch_simulation
open_wave_config C:/Users/mr_co_000/Documents/GitHub/ECE495/Homework/Homework4_V2/homework4_v2/pipe_tb_behav.wcfg
source pipe_tb_text.tcl
close_sim
launch_simulation
open_wave_config C:/Users/mr_co_000/Documents/GitHub/ECE495/Homework/Homework4_V2/homework4_v2/pipe_tb_behav.wcfg
source pipe_tb_text.tcl
close_sim
launch_simulation
open_wave_config C:/Users/mr_co_000/Documents/GitHub/ECE495/Homework/Homework4_V2/homework4_v2/pipe_tb_behav.wcfg
source pipe_tb_text.tcl
add_bp {C:/Users/mr_co_000/Documents/GitHub/ECE495/Homework/Homework4_V2/homework4_v2/homework4_v2.srcs/sim_1/new/pipe_tb_text.vhd} 105
remove_bps -file {C:/Users/mr_co_000/Documents/GitHub/ECE495/Homework/Homework4_V2/homework4_v2/homework4_v2.srcs/sim_1/new/pipe_tb_text.vhd} -line 105
close_sim
launch_simulation
open_wave_config C:/Users/mr_co_000/Documents/GitHub/ECE495/Homework/Homework4_V2/homework4_v2/pipe_tb_behav.wcfg
source pipe_tb_text.tcl
set_property is_enabled false [get_files  C:/Users/mr_co_000/Documents/GitHub/ECE495/Homework/Homework4_V2/homework4_v2/homework4_v2.srcs/sim_1/new/pipe_tb.vhd]
set_property is_enabled false [get_files  C:/Users/mr_co_000/Documents/GitHub/ECE495/Homework/Homework4_V2/tb_cordic_fp.vhd]
close_sim
launch_simulation
open_wave_config C:/Users/mr_co_000/Documents/GitHub/ECE495/Homework/Homework4_V2/homework4_v2/pipe_tb_behav.wcfg
source pipe_tb_text.tcl
close_sim
launch_simulation
open_wave_config C:/Users/mr_co_000/Documents/GitHub/ECE495/Homework/Homework4_V2/homework4_v2/pipe_tb_behav.wcfg
source pipe_tb_text.tcl
close_sim
launch_simulation
open_wave_config C:/Users/mr_co_000/Documents/GitHub/ECE495/Homework/Homework4_V2/homework4_v2/pipe_tb_behav.wcfg
source pipe_tb_text.tcl
close_sim
launch_simulation
open_wave_config C:/Users/mr_co_000/Documents/GitHub/ECE495/Homework/Homework4_V2/homework4_v2/pipe_tb_behav.wcfg
source pipe_tb_text.tcl
close_sim
launch_simulation
launch_simulation
open_wave_config C:/Users/mr_co_000/Documents/GitHub/ECE495/Homework/Homework4_V2/homework4_v2/pipe_tb_behav.wcfg
source pipe_tb_text.tcl
close_sim
launch_simulation
open_wave_config C:/Users/mr_co_000/Documents/GitHub/ECE495/Homework/Homework4_V2/homework4_v2/pipe_tb_behav.wcfg
source pipe_tb_text.tcl
close_sim
launch_simulation
open_wave_config C:/Users/mr_co_000/Documents/GitHub/ECE495/Homework/Homework4_V2/homework4_v2/pipe_tb_behav.wcfg
source pipe_tb_text.tcl
close_sim
launch_simulation
launch_simulation
open_wave_config C:/Users/mr_co_000/Documents/GitHub/ECE495/Homework/Homework4_V2/homework4_v2/pipe_tb_behav.wcfg
source pipe_tb_text.tcl
close_sim
launch_simulation
open_wave_config C:/Users/mr_co_000/Documents/GitHub/ECE495/Homework/Homework4_V2/homework4_v2/pipe_tb_behav.wcfg
source pipe_tb_text.tcl
close_sim
launch_simulation
open_wave_config C:/Users/mr_co_000/Documents/GitHub/ECE495/Homework/Homework4_V2/homework4_v2/pipe_tb_behav.wcfg
source pipe_tb_text.tcl
close_sim
launch_simulation
launch_simulation
open_wave_config C:/Users/mr_co_000/Documents/GitHub/ECE495/Homework/Homework4_V2/homework4_v2/pipe_tb_behav.wcfg
source pipe_tb_text.tcl
close_sim
launch_simulation
open_wave_config C:/Users/mr_co_000/Documents/GitHub/ECE495/Homework/Homework4_V2/homework4_v2/pipe_tb_behav.wcfg
source pipe_tb_text.tcl
close_sim
launch_simulation
open_wave_config C:/Users/mr_co_000/Documents/GitHub/ECE495/Homework/Homework4_V2/homework4_v2/pipe_tb_behav.wcfg
source pipe_tb_text.tcl
close_sim
launch_simulation
open_wave_config C:/Users/mr_co_000/Documents/GitHub/ECE495/Homework/Homework4_V2/homework4_v2/pipe_tb_behav.wcfg
source pipe_tb_text.tcl
close_sim
launch_simulation
open_wave_config C:/Users/mr_co_000/Documents/GitHub/ECE495/Homework/Homework4_V2/homework4_v2/pipe_tb_behav.wcfg
source pipe_tb_text.tcl
close_sim
close_sim
